###############################################################################
#
# IAR ELF Linker V8.20.1.14183/W32 for ARM                08/Jan/2018  18:23:20
# Copyright 2007-2017 IAR Systems AB.
#
#    Output file  =  
#        E:\Users\bertz\Documents\GitHub\DSv1.4\EWARM\DSv1.4\Exe\DSv1.4.out
#    Map file     =  
#        E:\Users\bertz\Documents\GitHub\DSv1.4\EWARM\DSv1.4\List\DSv1.4.map
#    Command line =  
#        -f C:\Users\bertz\AppData\Local\Temp\EW3A7F.tmp
#        (E:\Users\bertz\Documents\GitHub\DSv1.4\EWARM\DSv1.4\Obj\adc.o
#        E:\Users\bertz\Documents\GitHub\DSv1.4\EWARM\DSv1.4\Obj\dma.o
#        E:\Users\bertz\Documents\GitHub\DSv1.4\EWARM\DSv1.4\Obj\ds_gentlesensor.o
#        E:\Users\bertz\Documents\GitHub\DSv1.4\EWARM\DSv1.4\Obj\ds_led.o
#        E:\Users\bertz\Documents\GitHub\DSv1.4\EWARM\DSv1.4\Obj\ds_log.o
#        E:\Users\bertz\Documents\GitHub\DSv1.4\EWARM\DSv1.4\Obj\ds_protocol.o
#        E:\Users\bertz\Documents\GitHub\DSv1.4\EWARM\DSv1.4\Obj\gpio.o
#        E:\Users\bertz\Documents\GitHub\DSv1.4\EWARM\DSv1.4\Obj\main.o
#        E:\Users\bertz\Documents\GitHub\DSv1.4\EWARM\DSv1.4\Obj\spi.o
#        E:\Users\bertz\Documents\GitHub\DSv1.4\EWARM\DSv1.4\Obj\startup_stm32f103xe.o
#        E:\Users\bertz\Documents\GitHub\DSv1.4\EWARM\DSv1.4\Obj\stm32f1xx_hal.o
#        E:\Users\bertz\Documents\GitHub\DSv1.4\EWARM\DSv1.4\Obj\stm32f1xx_hal_adc.o
#        E:\Users\bertz\Documents\GitHub\DSv1.4\EWARM\DSv1.4\Obj\stm32f1xx_hal_adc_ex.o
#        E:\Users\bertz\Documents\GitHub\DSv1.4\EWARM\DSv1.4\Obj\stm32f1xx_hal_cortex.o
#        E:\Users\bertz\Documents\GitHub\DSv1.4\EWARM\DSv1.4\Obj\stm32f1xx_hal_dma.o
#        E:\Users\bertz\Documents\GitHub\DSv1.4\EWARM\DSv1.4\Obj\stm32f1xx_hal_flash.o
#        E:\Users\bertz\Documents\GitHub\DSv1.4\EWARM\DSv1.4\Obj\stm32f1xx_hal_flash_ex.o
#        E:\Users\bertz\Documents\GitHub\DSv1.4\EWARM\DSv1.4\Obj\stm32f1xx_hal_gpio.o
#        E:\Users\bertz\Documents\GitHub\DSv1.4\EWARM\DSv1.4\Obj\stm32f1xx_hal_gpio_ex.o
#        E:\Users\bertz\Documents\GitHub\DSv1.4\EWARM\DSv1.4\Obj\stm32f1xx_hal_msp.o
#        E:\Users\bertz\Documents\GitHub\DSv1.4\EWARM\DSv1.4\Obj\stm32f1xx_hal_pwr.o
#        E:\Users\bertz\Documents\GitHub\DSv1.4\EWARM\DSv1.4\Obj\stm32f1xx_hal_rcc.o
#        E:\Users\bertz\Documents\GitHub\DSv1.4\EWARM\DSv1.4\Obj\stm32f1xx_hal_rcc_ex.o
#        E:\Users\bertz\Documents\GitHub\DSv1.4\EWARM\DSv1.4\Obj\stm32f1xx_hal_spi.o
#        E:\Users\bertz\Documents\GitHub\DSv1.4\EWARM\DSv1.4\Obj\stm32f1xx_hal_spi_ex.o
#        E:\Users\bertz\Documents\GitHub\DSv1.4\EWARM\DSv1.4\Obj\stm32f1xx_hal_tim.o
#        E:\Users\bertz\Documents\GitHub\DSv1.4\EWARM\DSv1.4\Obj\stm32f1xx_hal_tim_ex.o
#        E:\Users\bertz\Documents\GitHub\DSv1.4\EWARM\DSv1.4\Obj\stm32f1xx_hal_uart.o
#        E:\Users\bertz\Documents\GitHub\DSv1.4\EWARM\DSv1.4\Obj\stm32f1xx_it.o
#        E:\Users\bertz\Documents\GitHub\DSv1.4\EWARM\DSv1.4\Obj\system_stm32f1xx.o
#        E:\Users\bertz\Documents\GitHub\DSv1.4\EWARM\DSv1.4\Obj\tim.o
#        E:\Users\bertz\Documents\GitHub\DSv1.4\EWARM\DSv1.4\Obj\usart.o
#        --redirect _Printf=_PrintfFull --redirect _Scanf=_ScanfFull -o
#        E:\Users\bertz\Documents\GitHub\DSv1.4\EWARM\DSv1.4\Exe\DSv1.4.out
#        --map
#        E:\Users\bertz\Documents\GitHub\DSv1.4\EWARM\DSv1.4\List\DSv1.4.map
#        --config
#        E:\Users\bertz\Documents\GitHub\DSv1.4\EWARM/stm32f103xe_flash.icf
#        --semihosting --entry __iar_program_start --vfe --text_out locale)
#
###############################################################################

*******************************************************************************
*** RUNTIME MODEL ATTRIBUTES
***

CppFlavor       = *
__SystemLibrary = DLib
__dlib_version  = 6


*******************************************************************************
*** HEAP SELECTION
***

The basic heap was selected because no calls to memory allocation
functions were found in the application outside of system library
functions, and there are calls to deallocation functions in the
application.


*******************************************************************************
*** PLACEMENT SUMMARY
***

"A0":  place at 0x08000000 { ro section .intvec };
"P1":  place in [from 0x08000000 to 0x0807ffff] { ro };
define block CSTACK with size = 1K, alignment = 8 { };
define block HEAP with size = 512, alignment = 8 { };
"P2":  place in [from 0x20000000 to 0x2000ffff] {
          rw, block CSTACK, block HEAP };
initialize by copy { rw };

  Section            Kind        Address    Size  Object
  -------            ----        -------    ----  ------
"A0":                                      0x130
  .intvec            ro code  0x08000000   0x130  startup_stm32f103xe.o [1]
                            - 0x08000130   0x130

"P1":                                     0x32ac
  .text              ro code  0x08000130   0x6c4  stm32f1xx_hal_uart.o [1]
  .text              ro code  0x080007f4   0x1f8  usart.o [1]
  .text              ro code  0x080009ec     0xc  stm32f1xx_hal.o [1]
  .text              ro code  0x080009f8   0x422  stm32f1xx_hal_dma.o [1]
  .text              ro code  0x08000e1a     0x2  stm32f1xx_hal_uart.o [1]
  .text              ro code  0x08000e1c     0x2  stm32f1xx_hal_uart.o [1]
  .text              ro code  0x08000e1e     0x2  stm32f1xx_hal_uart.o [1]
  .text              ro code  0x08000e20     0x2  stm32f1xx_hal_uart.o [1]
  .text              ro code  0x08000e22     0x2  stm32f1xx_hal_uart.o [1]
  .text              ro code  0x08000e24   0x4de  stm32f1xx_hal_rcc.o [1]
  .text              ro code  0x08001304   0x302  main.o [1]
  .text              ro code  0x08001608   0x1f4  stm32f1xx_hal_gpio.o [1]
  .text              ro code  0x080017fc    0x28  stm32f1xx_hal.o [1]
  .text              ro code  0x08001824    0x24  stm32f1xx_hal.o [1]
  .text              ro code  0x08001848    0xcc  gpio.o [1]
  .text              ro code  0x08001914    0x20  dma.o [1]
  .text              ro code  0x08001934   0x130  adc.o [1]
  .text              ro code  0x08001a64    0xe0  spi.o [1]
  .text              ro code  0x08001b44   0x134  tim.o [1]
  .text              ro code  0x08001c78    0xe6  stm32f1xx_hal_cortex.o [1]
  .text              ro code  0x08001d60    0x8e  ds_led.o [1]
  .text              ro code  0x08001df0   0x54a  stm32f1xx_hal_adc.o [1]
  .text              ro code  0x0800233c   0x36c  stm32f1xx_hal_tim.o [1]
  .text              ro code  0x080026a8    0x6c  ds_gentlesensor.o [1]
  .text              ro code  0x08002714   0x622  ds_protocol.o [1]
  .text              ro code  0x08002d38    0x90  ds_log.o [1]
  .text              ro code  0x08002dc8    0xe8  stm32f1xx_hal_rcc_ex.o [1]
  .text              ro code  0x08002eb0    0x8c  stm32f1xx_hal_msp.o [1]
  .text              ro code  0x08002f3c    0x82  stm32f1xx_hal_spi_ex.o [1]
  .text              ro code  0x08002fc0    0x4a  stm32f1xx_hal_tim_ex.o [1]
  .text              ro code  0x0800300a     0x2  stm32f1xx_hal_adc.o [1]
  .text              ro code  0x0800300c     0x2  stm32f1xx_hal_adc_ex.o [1]
  .text              ro code  0x0800300e     0x2  stm32f1xx_hal_adc.o [1]
  .text              ro code  0x08003010     0x2  stm32f1xx_hal_adc.o [1]
  .text              ro code  0x08003012     0x2  stm32f1xx_hal_adc.o [1]
  .text              ro code  0x08003014     0x2  stm32f1xx_hal_tim.o [1]
  .text              ro code  0x08003016     0x2  stm32f1xx_hal_tim.o [1]
  .text              ro code  0x08003018     0x2  stm32f1xx_hal_tim_ex.o [1]
  .text              ro code  0x0800301a     0x2  stm32f1xx_hal_tim.o [1]
  .text              ro code  0x0800301c     0x2  stm32f1xx_hal_tim_ex.o [1]
  .text              ro code  0x0800301e     0x2  stm32f1xx_hal_tim.o [1]
  .text              ro code  0x08003020    0x1e  stm32f1xx_hal.o [1]
  .text              ro code  0x08003040    0xa6  ABImemcpy.o [4]
  .text              ro code  0x080030e8    0x98  stm32f1xx_it.o [1]
  .text              ro code  0x08003180    0x10  stm32f1xx_hal.o [1]
  .text              ro code  0x08003190    0x5c  system_stm32f1xx.o [1]
  .text              ro code  0x080031ec    0x40  zero_init3.o [4]
  .text              ro code  0x0800322c    0x2c  copy_init3.o [4]
  .text              ro code  0x08003258    0x28  data_init.o [4]
  .iar.init_table    const    0x08003280    0x24  - Linker created -
  .text              ro code  0x080032a4    0x1e  cmain.o [4]
  .text              ro code  0x080032c2     0x4  low_level_init.o [3]
  .text              ro code  0x080032c6     0x4  exit.o [3]
  .text              ro code  0x080032cc     0xa  cexit.o [4]
  .text              ro code  0x080032d8    0x14  exit.o [5]
  .text              ro code  0x080032ec    0x10  startup_stm32f103xe.o [1]
  .text              ro code  0x080032fc     0xc  cstartup_M.o [4]
  .rodata            const    0x08003308     0x8  system_stm32f1xx.o [1]
  .text              ro code  0x08003310     0x4  startup_stm32f103xe.o [1]
  .text              ro code  0x08003314     0x4  startup_stm32f103xe.o [1]
  .text              ro code  0x08003318     0x4  startup_stm32f103xe.o [1]
  .text              ro code  0x0800331c     0x4  startup_stm32f103xe.o [1]
  .text              ro code  0x08003320     0x4  startup_stm32f103xe.o [1]
  .text              ro code  0x08003324     0x4  startup_stm32f103xe.o [1]
  .text              ro code  0x08003328     0x4  startup_stm32f103xe.o [1]
  .text              ro code  0x0800332c     0x4  startup_stm32f103xe.o [1]
  .text              ro code  0x08003330     0x4  startup_stm32f103xe.o [1]
  .text              ro code  0x08003334     0x4  startup_stm32f103xe.o [1]
  .text              ro code  0x08003338     0x4  startup_stm32f103xe.o [1]
  .text              ro code  0x0800333c     0x4  startup_stm32f103xe.o [1]
  .text              ro code  0x08003340     0x4  startup_stm32f103xe.o [1]
  .text              ro code  0x08003344     0x4  startup_stm32f103xe.o [1]
  .text              ro code  0x08003348     0x4  startup_stm32f103xe.o [1]
  .text              ro code  0x0800334c     0x4  startup_stm32f103xe.o [1]
  .text              ro code  0x08003350     0x4  startup_stm32f103xe.o [1]
  .text              ro code  0x08003354     0x4  startup_stm32f103xe.o [1]
  .text              ro code  0x08003358     0x4  startup_stm32f103xe.o [1]
  .text              ro code  0x0800335c     0x4  startup_stm32f103xe.o [1]
  .text              ro code  0x08003360     0x4  startup_stm32f103xe.o [1]
  .text              ro code  0x08003364     0x4  startup_stm32f103xe.o [1]
  .text              ro code  0x08003368     0x4  startup_stm32f103xe.o [1]
  .text              ro code  0x0800336c     0x4  startup_stm32f103xe.o [1]
  .text              ro code  0x08003370     0x4  startup_stm32f103xe.o [1]
  .text              ro code  0x08003374     0x4  startup_stm32f103xe.o [1]
  .text              ro code  0x08003378     0x4  startup_stm32f103xe.o [1]
  .text              ro code  0x0800337c     0x4  startup_stm32f103xe.o [1]
  .text              ro code  0x08003380     0x4  startup_stm32f103xe.o [1]
  .text              ro code  0x08003384     0x4  startup_stm32f103xe.o [1]
  .text              ro code  0x08003388     0x4  startup_stm32f103xe.o [1]
  .text              ro code  0x0800338c     0x4  startup_stm32f103xe.o [1]
  .text              ro code  0x08003390     0x4  startup_stm32f103xe.o [1]
  .text              ro code  0x08003394     0x4  startup_stm32f103xe.o [1]
  .text              ro code  0x08003398     0x4  startup_stm32f103xe.o [1]
  .text              ro code  0x0800339c     0x4  startup_stm32f103xe.o [1]
  .text              ro code  0x080033a0     0x4  startup_stm32f103xe.o [1]
  .text              ro code  0x080033a4     0x4  startup_stm32f103xe.o [1]
  .text              ro code  0x080033a8     0x4  startup_stm32f103xe.o [1]
  .text              ro code  0x080033ac     0x4  startup_stm32f103xe.o [1]
  .text              ro code  0x080033b0     0x4  startup_stm32f103xe.o [1]
  .text              ro code  0x080033b4     0x4  startup_stm32f103xe.o [1]
  .text              ro code  0x080033b8     0x4  startup_stm32f103xe.o [1]
  .text              ro code  0x080033bc     0x4  startup_stm32f103xe.o [1]
  .text              ro code  0x080033c0     0x4  startup_stm32f103xe.o [1]
  .text              ro code  0x080033c4     0x4  startup_stm32f103xe.o [1]
  .text              ro code  0x080033c8     0x4  startup_stm32f103xe.o [1]
  .text              ro code  0x080033cc     0x4  startup_stm32f103xe.o [1]
  .text              ro code  0x080033d0     0x4  startup_stm32f103xe.o [1]
  .text              ro code  0x080033d4     0x4  startup_stm32f103xe.o [1]
  Initializer bytes  const    0x080033d8     0x4  <for P2-1>
  .rodata            const    0x080033dc     0x0  zero_init3.o [4]
  .rodata            const    0x080033dc     0x0  copy_init3.o [4]
                            - 0x080033dc  0x32ac

"P2", part 1 of 3:                           0x4
  P2-1                        0x20000000     0x4  <Init block>
    .data            inited   0x20000000     0x4  system_stm32f1xx.o [1]
                            - 0x20000004     0x4

"P2", part 2 of 3:                        0x238c
  .bss               zero     0x20000004   0x808  ds_protocol.o [1]
  .bss               zero     0x2000080c   0x808  ds_protocol.o [1]
  .bss               zero     0x20001014   0x804  ds_protocol.o [1]
  .bss               zero     0x20001818   0x804  ds_protocol.o [1]
  .bss               zero     0x2000201c   0x110  usart.o [1]
  .bss               zero     0x2000212c    0x7c  main.o [1]
  .bss               zero     0x200021a8    0x58  spi.o [1]
  .bss               zero     0x20002200    0x44  adc.o [1]
  .bss               zero     0x20002244    0x40  tim.o [1]
  .bss               zero     0x20002284    0x40  tim.o [1]
  .bss               zero     0x200022c4    0x40  usart.o [1]
  .bss               zero     0x20002304    0x40  usart.o [1]
  .bss               zero     0x20002344    0x30  adc.o [1]
  .bss               zero     0x20002374     0xc  ds_log.o [1]
  .bss               zero     0x20002380     0x8  ds_protocol.o [1]
  .bss               zero     0x20002388     0x4  stm32f1xx_hal.o [1]
  .bss               zero     0x2000238c     0x1  main.o [1]
                            - 0x2000238d  0x2389

"P2", part 3 of 3:                         0x400
  CSTACK                      0x20002390   0x400  <Block>
    CSTACK           uninit   0x20002390   0x400  <Block tail>
                            - 0x20002790   0x400


*******************************************************************************
*** INIT TABLE
***

          Address     Size
          -------     ----
Zero (__iar_zero_init3)
    1 destination range, total size 0x2389:
          0x20000004  0x2389

Copy (__iar_copy_init3)
    1 source range, total size 0x4:
          0x080033d8     0x4
    1 destination range, total size 0x4:
          0x20000000     0x4



*******************************************************************************
*** MODULE SUMMARY
***

    Module                  ro code  ro data  rw data
    ------                  -------  -------  -------
E:\Users\bertz\Documents\GitHub\DSv1.4\EWARM\DSv1.4\Obj: [1]
    adc.o                       304               116
    dma.o                        32
    ds_gentlesensor.o           108
    ds_led.o                    142
    ds_log.o                    144                12
    ds_protocol.o             1 570             8 224
    gpio.o                      204
    main.o                      770               125
    spi.o                       224                88
    startup_stm32f103xe.o       520
    stm32f1xx_hal.o             134                 4
    stm32f1xx_hal_adc.o       1 362
    stm32f1xx_hal_adc_ex.o        2
    stm32f1xx_hal_cortex.o      230
    stm32f1xx_hal_dma.o       1 058
    stm32f1xx_hal_gpio.o        500
    stm32f1xx_hal_msp.o         140
    stm32f1xx_hal_rcc.o       1 246
    stm32f1xx_hal_rcc_ex.o      232
    stm32f1xx_hal_spi_ex.o      130
    stm32f1xx_hal_tim.o         884
    stm32f1xx_hal_tim_ex.o       78
    stm32f1xx_hal_uart.o      1 742
    stm32f1xx_it.o              152
    system_stm32f1xx.o           92       12        4
    tim.o                       308               128
    usart.o                     504               400
    -------------------------------------------------
    Total:                   12 812       12    9 101

command line: [2]
    -------------------------------------------------
    Total:

dl7M_tlf.a: [3]
    exit.o                        4
    low_level_init.o              4
    -------------------------------------------------
    Total:                        8

rt7M_tl.a: [4]
    ABImemcpy.o                 166
    cexit.o                      10
    cmain.o                      30
    copy_init3.o                 44
    cstartup_M.o                 12
    data_init.o                  40
    zero_init3.o                 64
    -------------------------------------------------
    Total:                      366

shb_l.a: [5]
    exit.o                       20
    -------------------------------------------------
    Total:                       20

    Gaps                         22
    Linker created                        36    1 024
-----------------------------------------------------
    Grand Total:             13 228       48   10 125


*******************************************************************************
*** ENTRY LIST
***

Entry                      Address   Size  Type      Object
-----                      -------   ----  ----      ------
.iar.init_table$$Base   0x08003280          --   Gb  - Linker created -
.iar.init_table$$Limit  0x080032a4          --   Gb  - Linker created -
?main                   0x080032a5         Code  Gb  cmain.o [4]
ADC1_2_IRQHandler       0x08003125    0x6  Code  Gb  stm32f1xx_it.o [1]
ADC_ConversionStop_Disable
                        0x08002291   0x44  Code  Gb  stm32f1xx_hal_adc.o [1]
ADC_DMAConvCplt         0x080022d5   0x48  Code  Gb  stm32f1xx_hal_adc.o [1]
ADC_DMAError            0x08002325   0x16  Code  Gb  stm32f1xx_hal_adc.o [1]
ADC_DMAHalfConvCplt     0x0800231d    0x6  Code  Gb  stm32f1xx_hal_adc.o [1]
ADC_Enable              0x080021fb   0x6a  Code  Gb  stm32f1xx_hal_adc.o [1]
ADC_Value               0x20002144   0x28  Data  Gb  main.o [1]
AHBPrescTable           0x080031dc   0x10  Data  Gb  system_stm32f1xx.o [1]
APBPrescTable           0x08003308    0x8  Data  Gb  system_stm32f1xx.o [1]
AckCmdBuffer            0x20002380    0x8  Data  Gb  ds_protocol.o [1]
BusFault_Handler        0x080030ef    0x2  Code  Gb  stm32f1xx_it.o [1]
CSTACK$$Base            0x20002390          --   Gb  - Linker created -
CSTACK$$Limit           0x20002790          --   Gb  - Linker created -
CoreBoardCmdBuffer      0x20000004  0x808  Data  Gb  ds_protocol.o [1]
CoreBoardUsartType      0x20001014  0x804  Data  Gb  ds_protocol.o [1]
DMA1_Channel1_IRQHandler
                        0x08003107    0x6  Code  Gb  stm32f1xx_it.o [1]
DMA1_Channel4_IRQHandler
                        0x0800310d    0x6  Code  Gb  stm32f1xx_it.o [1]
DMA1_Channel5_IRQHandler
                        0x08003113    0x6  Code  Gb  stm32f1xx_it.o [1]
DMA1_Channel6_IRQHandler
                        0x08003119    0x6  Code  Gb  stm32f1xx_it.o [1]
DMA1_Channel7_IRQHandler
                        0x0800311f    0x6  Code  Gb  stm32f1xx_it.o [1]
DMA_SetConfig           0x08000df9   0x22  Code  Lc  stm32f1xx_hal_dma.o [1]
DS_AckRequestCmdFromCoreBoard
                        0x08002b49   0x16  Code  Gb  ds_protocol.o [1]
DS_AckRequestCmdFromDoorBoard
                        0x08002b5f   0x16  Code  Gb  ds_protocol.o [1]
DS_CoreBoardProtocolInit
                        0x0800280d   0x1e  Code  Gb  ds_protocol.o [1]
DS_CoreBoardUsartReceive_IDLE
                        0x08002793   0x24  Code  Gb  ds_protocol.o [1]
DS_DoorBoardProtocolInit
                        0x0800282b   0x2a  Code  Gb  ds_protocol.o [1]
DS_DoorBoardUsartReceive_IDLE
                        0x080027b7   0x24  Code  Gb  ds_protocol.o [1]
DS_GentleSensorCheck    0x080026b7   0x4c  Code  Gb  ds_gentlesensor.o [1]
DS_GentleSensorInit     0x080026a9    0xe  Code  Gb  ds_gentlesensor.o [1]
DS_HandingCmdFromCoreBoard
                        0x08002b89   0x9e  Code  Gb  ds_protocol.o [1]
DS_HandingCmdFromDoorBoard
                        0x08002c27   0x4e  Code  Gb  ds_protocol.o [1]
DS_HandingUartDataFromCoreBoard
                        0x080028c7   0xde  Code  Gb  ds_protocol.o [1]
DS_HandingUartDataFromDoorBoard
                        0x080029a5   0xde  Code  Gb  ds_protocol.o [1]
DS_LEDS_TEST            0x08001d7d   0x5a  Code  Gb  ds_led.o [1]
DS_LED_Init             0x08001d61    0x2  Code  Gb  ds_led.o [1]
DS_LED_OUT_OFF          0x08001d71    0x6  Code  Gb  ds_led.o [1]
DS_LED_OUT_ON           0x08001d77    0x6  Code  Gb  ds_led.o [1]
DS_RUNNINGLED_ON        0x08001d63    0x4  Code  Gb  ds_led.o [1]
DS_ReportLogInfo        0x08002d5b   0x66  Code  Gb  ds_log.o [1]
DS_SendDataToCoreBoard  0x08002877   0x1a  Code  Gb  ds_protocol.o [1]
DS_SendDataToDoorBoard  0x08002891   0x36  Code  Gb  ds_protocol.o [1]
DS_SendOPenDoorCmd      0x08002731   0x20  Code  Gb  ds_protocol.o [1]
DS_SendRequestCmd       0x08002751   0x42  Code  Lc  ds_protocol.o [1]
DS_SendRequestCmdToCoreBoard
                        0x08002b15   0x10  Code  Gb  ds_protocol.o [1]
DS_SendRequestCmdToDoorBoard
                        0x08002b25    0xe  Code  Gb  ds_protocol.o [1]
DS_TrySend5TimesCmdToCoreBoard
                        0x08002c87   0x2e  Code  Gb  ds_protocol.o [1]
DS_TrySend5TimesCmdToDoorBoard
                        0x08002cb5   0x2e  Code  Gb  ds_protocol.o [1]
DS_UpLightInfoLog       0x08002d47    0xe  Code  Gb  ds_log.o [1]
DS_UpTemInfoLog         0x08002d39    0xe  Code  Gb  ds_log.o [1]
DS_UpgentleStatusInfoLog
                        0x08002d55    0x6  Code  Gb  ds_log.o [1]
DebugMon_Handler        0x080030f5    0x2  Code  Gb  stm32f1xx_it.o [1]
DoorBoardCmdBuffer      0x2000080c  0x808  Data  Gb  ds_protocol.o [1]
DoorBoardUsartType      0x20001818  0x804  Data  Gb  ds_protocol.o [1]
DriverBoardInfo         0x20002374    0xc  Data  Lc  ds_log.o [1]
HAL_ADCEx_InjectedConvCpltCallback
                        0x0800300d    0x2  Code  Wk  stm32f1xx_hal_adc_ex.o [1]
HAL_ADC_ConfigChannel   0x080020ff   0xe4  Code  Gb  stm32f1xx_hal_adc.o [1]
HAL_ADC_IRQHandler      0x0800200f   0xd8  Code  Gb  stm32f1xx_hal_adc.o [1]
HAL_ADC_Init            0x08001df1  0x110  Code  Gb  stm32f1xx_hal_adc.o [1]
HAL_ADC_MspInit         0x080019a7   0x70  Code  Gb  adc.o [1]
HAL_ADC_Start_DMA       0x08001f15   0xfa  Code  Gb  stm32f1xx_hal_adc.o [1]
HAL_DMA_Abort           0x08000af3   0x32  Code  Gb  stm32f1xx_hal_dma.o [1]
HAL_DMA_Abort_IT        0x08000b25   0xdc  Code  Gb  stm32f1xx_hal_dma.o [1]
HAL_DMA_IRQHandler      0x08000c01  0x1b4  Code  Gb  stm32f1xx_hal_dma.o [1]
HAL_DMA_Init            0x080009f9   0x78  Code  Gb  stm32f1xx_hal_dma.o [1]
HAL_DMA_Start_IT        0x08000a7f   0x74  Code  Gb  stm32f1xx_hal_dma.o [1]
HAL_Delay               0x08003021   0x1e  Code  Wk  stm32f1xx_hal.o [1]
HAL_GPIO_Init           0x08001609  0x196  Code  Gb  stm32f1xx_hal_gpio.o [1]
HAL_GPIO_ReadPin        0x0800179f    0xc  Code  Gb  stm32f1xx_hal_gpio.o [1]
HAL_GPIO_TogglePin      0x080017b7    0x8  Code  Gb  stm32f1xx_hal_gpio.o [1]
HAL_GPIO_WritePin       0x080017ab    0xc  Code  Gb  stm32f1xx_hal_gpio.o [1]
HAL_GetTick             0x080009ed    0xc  Code  Wk  stm32f1xx_hal.o [1]
HAL_IncTick             0x08003181   0x10  Code  Wk  stm32f1xx_hal.o [1]
HAL_Init                0x08001825   0x20  Code  Gb  stm32f1xx_hal.o [1]
HAL_InitTick            0x080017fd   0x28  Code  Wk  stm32f1xx_hal.o [1]
HAL_MspInit             0x08002eb1   0x8c  Code  Gb  stm32f1xx_hal_msp.o [1]
HAL_NVIC_EnableIRQ      0x08001ceb    0xa  Code  Gb  stm32f1xx_hal_cortex.o [1]
HAL_NVIC_SetPriority    0x08001cb1   0x3a  Code  Gb  stm32f1xx_hal_cortex.o [1]
HAL_NVIC_SetPriorityGrouping
                        0x08001c97   0x1a  Code  Gb  stm32f1xx_hal_cortex.o [1]
HAL_RCCEx_PeriphCLKConfig
                        0x08002dc9   0xda  Code  Gb  stm32f1xx_hal_rcc_ex.o [1]
HAL_RCC_ClockConfig     0x08001141  0x10c  Code  Gb  stm32f1xx_hal_rcc.o [1]
HAL_RCC_GetHCLKFreq     0x0800129b    0x6  Code  Gb  stm32f1xx_hal_rcc.o [1]
HAL_RCC_GetPCLK1Freq    0x080012a1   0x10  Code  Gb  stm32f1xx_hal_rcc.o [1]
HAL_RCC_GetPCLK2Freq    0x080012b1    0xe  Code  Gb  stm32f1xx_hal_rcc.o [1]
HAL_RCC_GetSysClockFreq
                        0x08001261   0x3a  Code  Gb  stm32f1xx_hal_rcc.o [1]
HAL_RCC_GetSysClockFreq::aPLLMULFactorTable
                        0x080012f0   0x10  Data  Lc  stm32f1xx_hal_rcc.o [1]
HAL_RCC_GetSysClockFreq::aPredivFactorTable
                        0x08001300    0x2  Data  Lc  stm32f1xx_hal_rcc.o [1]
HAL_RCC_OscConfig       0x08000e25  0x314  Code  Gb  stm32f1xx_hal_rcc.o [1]
HAL_SPI_Init            0x08002f3d   0x82  Code  Gb  stm32f1xx_hal_spi_ex.o [1]
HAL_SPI_MspInit         0x08001ab1   0x4e  Code  Gb  spi.o [1]
HAL_SYSTICK_CLKSourceConfig
                        0x08001d27   0x1a  Code  Gb  stm32f1xx_hal_cortex.o [1]
HAL_SYSTICK_Config      0x08001cff   0x28  Code  Gb  stm32f1xx_hal_cortex.o [1]
HAL_SYSTICK_IRQHandler  0x08001d59    0x4  Code  Gb  stm32f1xx_hal_cortex.o [1]
HAL_TIMEx_BreakCallback
                        0x08003019    0x2  Code  Wk  stm32f1xx_hal_tim_ex.o [1]
HAL_TIMEx_CommutationCallback
                        0x0800301d    0x2  Code  Wk  stm32f1xx_hal_tim_ex.o [1]
HAL_TIMEx_MasterConfigSynchronization
                        0x08002fc1   0x4a  Code  Gb  stm32f1xx_hal_tim_ex.o [1]
HAL_TIM_Base_Init       0x0800233d   0x1a  Code  Gb  stm32f1xx_hal_tim.o [1]
HAL_TIM_Base_MspInit    0x08001bf7   0x38  Code  Gb  tim.o [1]
HAL_TIM_Base_Start_IT   0x08002357   0x16  Code  Gb  stm32f1xx_hal_tim.o [1]
HAL_TIM_ConfigClockSource
                        0x080024d9   0xac  Code  Gb  stm32f1xx_hal_tim.o [1]
HAL_TIM_IRQHandler      0x08002391  0x142  Code  Gb  stm32f1xx_hal_tim.o [1]
HAL_TIM_PeriodElapsedCallback
                        0x0800154b   0xa6  Code  Gb  main.o [1]
HAL_UART_DMAStop        0x08000365   0x48  Code  Gb  stm32f1xx_hal_uart.o [1]
HAL_UART_IRQHandler     0x080003c5  0x152  Code  Gb  stm32f1xx_hal_uart.o [1]
HAL_UART_Init           0x08000131   0x1e  Code  Gb  stm32f1xx_hal_uart.o [1]
HAL_UART_MspInit        0x08000847  0x128  Code  Gb  usart.o [1]
HAL_UART_Receive_DMA    0x080002d3   0x92  Code  Gb  stm32f1xx_hal_uart.o [1]
HAL_UART_Transmit       0x080001a9   0xaa  Code  Gb  stm32f1xx_hal_uart.o [1]
HAL_UART_Transmit_DMA   0x0800025b   0x78  Code  Gb  stm32f1xx_hal_uart.o [1]
HardFault_Handler       0x080030eb    0x2  Code  Gb  stm32f1xx_it.o [1]
MX_ADC1_Init            0x08001935   0x72  Code  Gb  adc.o [1]
MX_DMA_Init             0x08001915   0x20  Code  Gb  dma.o [1]
MX_GPIO_Init            0x08001849   0xcc  Code  Gb  gpio.o [1]
MX_SPI1_Init            0x08001a65   0x4c  Code  Gb  spi.o [1]
MX_TIM4_Init            0x08001b45   0x40  Code  Gb  tim.o [1]
MX_TIM5_Init            0x08001b85   0x42  Code  Gb  tim.o [1]
MX_USART1_UART_Init     0x080007f5   0x16  Code  Gb  usart.o [1]
MX_USART2_UART_Init     0x0800080b   0x16  Code  Gb  usart.o [1]
MemManage_Handler       0x080030ed    0x2  Code  Gb  stm32f1xx_it.o [1]
NMI_Handler             0x080030e9    0x2  Code  Gb  stm32f1xx_it.o [1]
NVIC_SetPriority        0x08001c79   0x1e  Code  Lc  stm32f1xx_hal_cortex.o [1]
PendSV_Handler          0x080030f7    0x2  Code  Gb  stm32f1xx_it.o [1]
Region$$Table$$Base     0x08003280          --   Gb  - Linker created -
Region$$Table$$Limit    0x080032a4          --   Gb  - Linker created -
SVC_Handler             0x080030f3    0x2  Code  Gb  stm32f1xx_it.o [1]
SysTick_Handler         0x080030f9    0xe  Code  Gb  stm32f1xx_it.o [1]
SystemClock_Config      0x080014c5   0x86  Code  Gb  main.o [1]
SystemCoreClock         0x20000000    0x4  Data  Gb  system_stm32f1xx.o [1]
SystemInit              0x08003191   0x3a  Code  Gb  system_stm32f1xx.o [1]
TIM4_IRQHandler         0x0800312b    0x6  Code  Gb  stm32f1xx_it.o [1]
TIM5_IRQHandler         0x08003151    0x6  Code  Gb  stm32f1xx_it.o [1]
TIM_Base_SetConfig      0x080025af   0x74  Code  Gb  stm32f1xx_hal_tim.o [1]
TIM_ETR_SetConfig       0x0800268f   0x14  Code  Lc  stm32f1xx_hal_tim.o [1]
TIM_ITRx_SetConfig      0x0800267f   0x10  Code  Lc  stm32f1xx_hal_tim.o [1]
TIM_TI1_ConfigInputStage
                        0x0800263d   0x1e  Code  Lc  stm32f1xx_hal_tim.o [1]
TIM_TI2_ConfigInputStage
                        0x0800265b   0x24  Code  Lc  stm32f1xx_hal_tim.o [1]
UART_DMAAbortOnError    0x08000669    0xc  Code  Lc  stm32f1xx_hal_uart.o [1]
UART_DMAError           0x0800058d   0x4a  Code  Lc  stm32f1xx_hal_uart.o [1]
UART_DMAReceiveCplt     0x0800054d   0x38  Code  Lc  stm32f1xx_hal_uart.o [1]
UART_DMARxHalfCplt      0x08000585    0x6  Code  Lc  stm32f1xx_hal_uart.o [1]
UART_DMATransmitCplt    0x08000519   0x2a  Code  Lc  stm32f1xx_hal_uart.o [1]
UART_DMATxHalfCplt      0x08000545    0x6  Code  Lc  stm32f1xx_hal_uart.o [1]
UART_EndRxTransfer      0x0800064d   0x1c  Code  Lc  stm32f1xx_hal_uart.o [1]
UART_EndTxTransfer      0x0800063b   0x12  Code  Lc  stm32f1xx_hal_uart.o [1]
UART_Receive_IT         0x08000675   0x96  Code  Lc  stm32f1xx_hal_uart.o [1]
UART_SetConfig          0x0800070b   0xde  Code  Lc  stm32f1xx_hal_uart.o [1]
UART_WaitOnFlagUntilTimeout
                        0x080005d7   0x56  Code  Lc  stm32f1xx_hal_uart.o [1]
USART1_IRQHandler       0x08003131    0xc  Code  Gb  stm32f1xx_it.o [1]
USART2_IRQHandler       0x0800313d    0xa  Code  Gb  stm32f1xx_it.o [1]
UsageFault_Handler      0x080030f1    0x2  Code  Gb  stm32f1xx_it.o [1]
_Error_Handler          0x08001605    0x2  Code  Gb  main.o [1]
__aeabi_memcpy          0x08003041         Code  Gb  ABImemcpy.o [4]
__aeabi_memcpy4         0x08003061         Code  Gb  ABImemcpy.o [4]
__aeabi_memcpy8         0x08003061         Code  Gb  ABImemcpy.o [4]
__cmain                 0x080032a5         Code  Gb  cmain.o [4]
__exit                  0x080032d9   0x14  Code  Gb  exit.o [5]
__iar_copy_init3        0x0800322d   0x2c  Code  Gb  copy_init3.o [4]
__iar_data_init3        0x08003259   0x28  Code  Gb  data_init.o [4]
__iar_program_start     0x080032fd         Code  Gb  cstartup_M.o [4]
__iar_systems$$module {Abs}
                        0x00000001         Data  Gb  command line/config [2]
__iar_zero_init3        0x080031ed   0x40  Code  Gb  zero_init3.o [4]
__low_level_init        0x080032c3    0x4  Code  Gb  low_level_init.o [3]
__vector_table          0x08000000         Data  Gb  startup_stm32f103xe.o [1]
_call_main              0x080032b1         Code  Gb  cmain.o [4]
_exit                   0x080032cd         Code  Gb  cexit.o [4]
_main                   0x080032bf         Code  Gb  cmain.o [4]
exit                    0x080032c7    0x4  Code  Gb  exit.o [3]
gCoreBoardProtocolCmd   0x20002178   0x18  Data  Gb  main.o [1]
gDoorBoardProtocolCmd   0x20002190   0x18  Data  Gb  main.o [1]
gGentleSensorStatusDetection
                        0x2000212c   0x10  Data  Gb  main.o [1]
gLEDsCarFlag            0x2000238c    0x1  Data  Gb  main.o [1]
gLightADCValue          0x2000216c    0x4  Data  Gb  main.o [1]
gLogCnt                 0x20002174    0x4  Data  Gb  main.o [1]
gSendLogFlag            0x2000213c    0x1  Data  Gb  main.o [1]
gSendOpenFlag           0x2000213d    0x1  Data  Gb  main.o [1]
gTIM5Cnt                0x20002140    0x2  Data  Gb  main.o [1]
gTIM5CntFlag            0x2000213e    0x1  Data  Gb  main.o [1]
gTIM5LedCnt             0x20002142    0x2  Data  Gb  main.o [1]
gTIM5LedFlag            0x2000213f    0x1  Data  Gb  main.o [1]
gTempValue              0x20002170    0x4  Data  Gb  main.o [1]
getXORCode              0x08002715   0x1c  Code  Lc  ds_protocol.o [1]
hadc1                   0x20002344   0x30  Data  Gb  adc.o [1]
hdma_adc1               0x20002200   0x44  Data  Gb  adc.o [1]
hdma_usart1_rx          0x2000201c   0x44  Data  Gb  usart.o [1]
hdma_usart1_tx          0x20002060   0x44  Data  Gb  usart.o [1]
hdma_usart2_rx          0x200020a4   0x44  Data  Gb  usart.o [1]
hdma_usart2_tx          0x200020e8   0x44  Data  Gb  usart.o [1]
hspi1                   0x200021a8   0x58  Data  Gb  spi.o [1]
htim4                   0x20002244   0x40  Data  Gb  tim.o [1]
htim5                   0x20002284   0x40  Data  Gb  tim.o [1]
huart1                  0x200022c4   0x40  Data  Gb  usart.o [1]
huart2                  0x20002304   0x40  Data  Gb  usart.o [1]
main                    0x08001305  0x1c0  Code  Gb  main.o [1]
uwTick                  0x20002388    0x4  Data  Gb  stm32f1xx_hal.o [1]


[1] = E:\Users\bertz\Documents\GitHub\DSv1.4\EWARM\DSv1.4\Obj
[2] = command line
[3] = dl7M_tlf.a
[4] = rt7M_tl.a
[5] = shb_l.a

  13 228 bytes of readonly  code memory
      48 bytes of readonly  data memory
  10 125 bytes of readwrite data memory

Errors: none
Warnings: none
