###############################################################################
#
# IAR ELF Linker V8.20.1.14183/W32 for ARM                05/Jan/2018  15:51:30
# Copyright 2007-2017 IAR Systems AB.
#
#    Output file  =  
#        E:\Users\bertz\Documents\GitHub\DSv1.4\EWARM\DSv1.4\Exe\DSv1.4.out
#    Map file     =  
#        E:\Users\bertz\Documents\GitHub\DSv1.4\EWARM\DSv1.4\List\DSv1.4.map
#    Command line =  
#        -f C:\Users\bertz\AppData\Local\Temp\EW9458.tmp
#        (E:\Users\bertz\Documents\GitHub\DSv1.4\EWARM\DSv1.4\Obj\adc.o
#        E:\Users\bertz\Documents\GitHub\DSv1.4\EWARM\DSv1.4\Obj\dma.o
#        E:\Users\bertz\Documents\GitHub\DSv1.4\EWARM\DSv1.4\Obj\ds_gentlesensor.o
#        E:\Users\bertz\Documents\GitHub\DSv1.4\EWARM\DSv1.4\Obj\ds_led.o
#        E:\Users\bertz\Documents\GitHub\DSv1.4\EWARM\DSv1.4\Obj\ds_log.o
#        E:\Users\bertz\Documents\GitHub\DSv1.4\EWARM\DSv1.4\Obj\ds_protocol.o
#        E:\Users\bertz\Documents\GitHub\DSv1.4\EWARM\DSv1.4\Obj\gpio.o
#        E:\Users\bertz\Documents\GitHub\DSv1.4\EWARM\DSv1.4\Obj\main.o
#        E:\Users\bertz\Documents\GitHub\DSv1.4\EWARM\DSv1.4\Obj\spi.o
#        E:\Users\bertz\Documents\GitHub\DSv1.4\EWARM\DSv1.4\Obj\startup_stm32f103xe.o
#        E:\Users\bertz\Documents\GitHub\DSv1.4\EWARM\DSv1.4\Obj\stm32f1xx_hal.o
#        E:\Users\bertz\Documents\GitHub\DSv1.4\EWARM\DSv1.4\Obj\stm32f1xx_hal_adc.o
#        E:\Users\bertz\Documents\GitHub\DSv1.4\EWARM\DSv1.4\Obj\stm32f1xx_hal_adc_ex.o
#        E:\Users\bertz\Documents\GitHub\DSv1.4\EWARM\DSv1.4\Obj\stm32f1xx_hal_cortex.o
#        E:\Users\bertz\Documents\GitHub\DSv1.4\EWARM\DSv1.4\Obj\stm32f1xx_hal_dma.o
#        E:\Users\bertz\Documents\GitHub\DSv1.4\EWARM\DSv1.4\Obj\stm32f1xx_hal_flash.o
#        E:\Users\bertz\Documents\GitHub\DSv1.4\EWARM\DSv1.4\Obj\stm32f1xx_hal_flash_ex.o
#        E:\Users\bertz\Documents\GitHub\DSv1.4\EWARM\DSv1.4\Obj\stm32f1xx_hal_gpio.o
#        E:\Users\bertz\Documents\GitHub\DSv1.4\EWARM\DSv1.4\Obj\stm32f1xx_hal_gpio_ex.o
#        E:\Users\bertz\Documents\GitHub\DSv1.4\EWARM\DSv1.4\Obj\stm32f1xx_hal_msp.o
#        E:\Users\bertz\Documents\GitHub\DSv1.4\EWARM\DSv1.4\Obj\stm32f1xx_hal_pwr.o
#        E:\Users\bertz\Documents\GitHub\DSv1.4\EWARM\DSv1.4\Obj\stm32f1xx_hal_rcc.o
#        E:\Users\bertz\Documents\GitHub\DSv1.4\EWARM\DSv1.4\Obj\stm32f1xx_hal_rcc_ex.o
#        E:\Users\bertz\Documents\GitHub\DSv1.4\EWARM\DSv1.4\Obj\stm32f1xx_hal_spi.o
#        E:\Users\bertz\Documents\GitHub\DSv1.4\EWARM\DSv1.4\Obj\stm32f1xx_hal_spi_ex.o
#        E:\Users\bertz\Documents\GitHub\DSv1.4\EWARM\DSv1.4\Obj\stm32f1xx_hal_tim.o
#        E:\Users\bertz\Documents\GitHub\DSv1.4\EWARM\DSv1.4\Obj\stm32f1xx_hal_tim_ex.o
#        E:\Users\bertz\Documents\GitHub\DSv1.4\EWARM\DSv1.4\Obj\stm32f1xx_hal_uart.o
#        E:\Users\bertz\Documents\GitHub\DSv1.4\EWARM\DSv1.4\Obj\stm32f1xx_it.o
#        E:\Users\bertz\Documents\GitHub\DSv1.4\EWARM\DSv1.4\Obj\system_stm32f1xx.o
#        E:\Users\bertz\Documents\GitHub\DSv1.4\EWARM\DSv1.4\Obj\tim.o
#        E:\Users\bertz\Documents\GitHub\DSv1.4\EWARM\DSv1.4\Obj\usart.o
#        --redirect _Printf=_PrintfFull --redirect _Scanf=_ScanfFull -o
#        E:\Users\bertz\Documents\GitHub\DSv1.4\EWARM\DSv1.4\Exe\DSv1.4.out
#        --map
#        E:\Users\bertz\Documents\GitHub\DSv1.4\EWARM\DSv1.4\List\DSv1.4.map
#        --config
#        E:\Users\bertz\Documents\GitHub\DSv1.4\EWARM/stm32f103xe_flash.icf
#        --semihosting --entry __iar_program_start --vfe --text_out locale)
#
###############################################################################

*******************************************************************************
*** RUNTIME MODEL ATTRIBUTES
***

CppFlavor       = *
__SystemLibrary = DLib
__dlib_version  = 6


*******************************************************************************
*** HEAP SELECTION
***

The basic heap was selected because no calls to memory allocation
functions were found in the application outside of system library
functions, and there are calls to deallocation functions in the
application.


*******************************************************************************
*** PLACEMENT SUMMARY
***

"A0":  place at 0x08000000 { ro section .intvec };
"P1":  place in [from 0x08000000 to 0x0807ffff] { ro };
define block CSTACK with size = 1K, alignment = 8 { };
define block HEAP with size = 512, alignment = 8 { };
"P2":  place in [from 0x20000000 to 0x2000ffff] {
          rw, block CSTACK, block HEAP };
initialize by copy { rw };

  Section            Kind        Address    Size  Object
  -------            ----        -------    ----  ------
"A0":                                      0x130
  .intvec            ro code  0x08000000   0x130  startup_stm32f103xe.o [1]
                            - 0x08000130   0x130

"P1":                                     0x303c
  .text              ro code  0x08000130   0x6c4  stm32f1xx_hal_uart.o [1]
  .text              ro code  0x080007f4   0x1f8  usart.o [1]
  .text              ro code  0x080009ec     0xc  stm32f1xx_hal.o [1]
  .text              ro code  0x080009f8   0x422  stm32f1xx_hal_dma.o [1]
  .text              ro code  0x08000e1a     0x2  stm32f1xx_hal_uart.o [1]
  .text              ro code  0x08000e1c     0x2  stm32f1xx_hal_uart.o [1]
  .text              ro code  0x08000e1e     0x2  stm32f1xx_hal_uart.o [1]
  .text              ro code  0x08000e20     0x2  stm32f1xx_hal_uart.o [1]
  .text              ro code  0x08000e22     0x2  stm32f1xx_hal_uart.o [1]
  .text              ro code  0x08000e24   0x4de  stm32f1xx_hal_rcc.o [1]
  .text              ro code  0x08001304   0x2aa  main.o [1]
  .text              ro code  0x080015b0   0x1f4  stm32f1xx_hal_gpio.o [1]
  .text              ro code  0x080017a4    0x28  stm32f1xx_hal.o [1]
  .text              ro code  0x080017cc    0x24  stm32f1xx_hal.o [1]
  .text              ro code  0x080017f0    0xcc  gpio.o [1]
  .text              ro code  0x080018bc    0x20  dma.o [1]
  .text              ro code  0x080018dc   0x12c  adc.o [1]
  .text              ro code  0x08001a08    0xe0  spi.o [1]
  .text              ro code  0x08001ae8   0x134  tim.o [1]
  .text              ro code  0x08001c1c    0xe6  stm32f1xx_hal_cortex.o [1]
  .text              ro code  0x08001d04    0x8e  ds_led.o [1]
  .text              ro code  0x08001d94   0x36c  stm32f1xx_hal_tim.o [1]
  .text              ro code  0x08002100    0x6c  ds_gentlesensor.o [1]
  .text              ro code  0x0800216c   0x622  ds_protocol.o [1]
  .text              ro code  0x08002790    0x74  ds_log.o [1]
  .text              ro code  0x08002804    0xe8  stm32f1xx_hal_rcc_ex.o [1]
  .text              ro code  0x080028ec    0x8c  stm32f1xx_hal_msp.o [1]
  .text              ro code  0x08002978   0x35c  stm32f1xx_hal_adc.o [1]
  .text              ro code  0x08002cd4    0x82  stm32f1xx_hal_spi_ex.o [1]
  .text              ro code  0x08002d58    0x4a  stm32f1xx_hal_tim_ex.o [1]
  .text              ro code  0x08002da2     0x2  stm32f1xx_hal_tim.o [1]
  .text              ro code  0x08002da4     0x2  stm32f1xx_hal_tim.o [1]
  .text              ro code  0x08002da6     0x2  stm32f1xx_hal_tim_ex.o [1]
  .text              ro code  0x08002da8     0x2  stm32f1xx_hal_tim.o [1]
  .text              ro code  0x08002daa     0x2  stm32f1xx_hal_tim_ex.o [1]
  .text              ro code  0x08002dac     0x2  stm32f1xx_hal_tim.o [1]
  .text              ro code  0x08002dae    0x1e  stm32f1xx_hal.o [1]
  .text              ro code  0x08002dcc    0xa6  ABImemcpy.o [4]
  .text              ro code  0x08002e72     0x2  stm32f1xx_hal_adc.o [1]
  .text              ro code  0x08002e74     0x2  stm32f1xx_hal_adc_ex.o [1]
  .text              ro code  0x08002e76     0x2  stm32f1xx_hal_adc.o [1]
  .text              ro code  0x08002e78    0x98  stm32f1xx_it.o [1]
  .text              ro code  0x08002f10    0x10  stm32f1xx_hal.o [1]
  .text              ro code  0x08002f20    0x5c  system_stm32f1xx.o [1]
  .text              ro code  0x08002f7c    0x40  zero_init3.o [4]
  .text              ro code  0x08002fbc    0x2c  copy_init3.o [4]
  .text              ro code  0x08002fe8    0x28  data_init.o [4]
  .iar.init_table    const    0x08003010    0x24  - Linker created -
  .text              ro code  0x08003034    0x1e  cmain.o [4]
  .text              ro code  0x08003052     0x4  low_level_init.o [3]
  .text              ro code  0x08003056     0x4  exit.o [3]
  .text              ro code  0x0800305c     0xa  cexit.o [4]
  .text              ro code  0x08003068    0x14  exit.o [5]
  .text              ro code  0x0800307c    0x10  startup_stm32f103xe.o [1]
  .text              ro code  0x0800308c     0xc  cstartup_M.o [4]
  .rodata            const    0x08003098     0x8  system_stm32f1xx.o [1]
  .text              ro code  0x080030a0     0x4  startup_stm32f103xe.o [1]
  .text              ro code  0x080030a4     0x4  startup_stm32f103xe.o [1]
  .text              ro code  0x080030a8     0x4  startup_stm32f103xe.o [1]
  .text              ro code  0x080030ac     0x4  startup_stm32f103xe.o [1]
  .text              ro code  0x080030b0     0x4  startup_stm32f103xe.o [1]
  .text              ro code  0x080030b4     0x4  startup_stm32f103xe.o [1]
  .text              ro code  0x080030b8     0x4  startup_stm32f103xe.o [1]
  .text              ro code  0x080030bc     0x4  startup_stm32f103xe.o [1]
  .text              ro code  0x080030c0     0x4  startup_stm32f103xe.o [1]
  .text              ro code  0x080030c4     0x4  startup_stm32f103xe.o [1]
  .text              ro code  0x080030c8     0x4  startup_stm32f103xe.o [1]
  .text              ro code  0x080030cc     0x4  startup_stm32f103xe.o [1]
  .text              ro code  0x080030d0     0x4  startup_stm32f103xe.o [1]
  .text              ro code  0x080030d4     0x4  startup_stm32f103xe.o [1]
  .text              ro code  0x080030d8     0x4  startup_stm32f103xe.o [1]
  .text              ro code  0x080030dc     0x4  startup_stm32f103xe.o [1]
  .text              ro code  0x080030e0     0x4  startup_stm32f103xe.o [1]
  .text              ro code  0x080030e4     0x4  startup_stm32f103xe.o [1]
  .text              ro code  0x080030e8     0x4  startup_stm32f103xe.o [1]
  .text              ro code  0x080030ec     0x4  startup_stm32f103xe.o [1]
  .text              ro code  0x080030f0     0x4  startup_stm32f103xe.o [1]
  .text              ro code  0x080030f4     0x4  startup_stm32f103xe.o [1]
  .text              ro code  0x080030f8     0x4  startup_stm32f103xe.o [1]
  .text              ro code  0x080030fc     0x4  startup_stm32f103xe.o [1]
  .text              ro code  0x08003100     0x4  startup_stm32f103xe.o [1]
  .text              ro code  0x08003104     0x4  startup_stm32f103xe.o [1]
  .text              ro code  0x08003108     0x4  startup_stm32f103xe.o [1]
  .text              ro code  0x0800310c     0x4  startup_stm32f103xe.o [1]
  .text              ro code  0x08003110     0x4  startup_stm32f103xe.o [1]
  .text              ro code  0x08003114     0x4  startup_stm32f103xe.o [1]
  .text              ro code  0x08003118     0x4  startup_stm32f103xe.o [1]
  .text              ro code  0x0800311c     0x4  startup_stm32f103xe.o [1]
  .text              ro code  0x08003120     0x4  startup_stm32f103xe.o [1]
  .text              ro code  0x08003124     0x4  startup_stm32f103xe.o [1]
  .text              ro code  0x08003128     0x4  startup_stm32f103xe.o [1]
  .text              ro code  0x0800312c     0x4  startup_stm32f103xe.o [1]
  .text              ro code  0x08003130     0x4  startup_stm32f103xe.o [1]
  .text              ro code  0x08003134     0x4  startup_stm32f103xe.o [1]
  .text              ro code  0x08003138     0x4  startup_stm32f103xe.o [1]
  .text              ro code  0x0800313c     0x4  startup_stm32f103xe.o [1]
  .text              ro code  0x08003140     0x4  startup_stm32f103xe.o [1]
  .text              ro code  0x08003144     0x4  startup_stm32f103xe.o [1]
  .text              ro code  0x08003148     0x4  startup_stm32f103xe.o [1]
  .text              ro code  0x0800314c     0x4  startup_stm32f103xe.o [1]
  .text              ro code  0x08003150     0x4  startup_stm32f103xe.o [1]
  .text              ro code  0x08003154     0x4  startup_stm32f103xe.o [1]
  .text              ro code  0x08003158     0x4  startup_stm32f103xe.o [1]
  .text              ro code  0x0800315c     0x4  startup_stm32f103xe.o [1]
  .text              ro code  0x08003160     0x4  startup_stm32f103xe.o [1]
  .text              ro code  0x08003164     0x4  startup_stm32f103xe.o [1]
  Initializer bytes  const    0x08003168     0x4  <for P2-1>
  .rodata            const    0x0800316c     0x0  zero_init3.o [4]
  .rodata            const    0x0800316c     0x0  copy_init3.o [4]
                            - 0x0800316c  0x303c

"P2", part 1 of 3:                           0x4
  P2-1                        0x20000000     0x4  <Init block>
    .data            inited   0x20000000     0x4  system_stm32f1xx.o [1]
                            - 0x20000004     0x4

"P2", part 2 of 3:                        0x235c
  .bss               zero     0x20000004   0x808  ds_protocol.o [1]
  .bss               zero     0x2000080c   0x808  ds_protocol.o [1]
  .bss               zero     0x20001014   0x804  ds_protocol.o [1]
  .bss               zero     0x20001818   0x804  ds_protocol.o [1]
  .bss               zero     0x2000201c   0x110  usart.o [1]
  .bss               zero     0x2000212c    0x58  spi.o [1]
  .bss               zero     0x20002184    0x4c  main.o [1]
  .bss               zero     0x200021d0    0x44  adc.o [1]
  .bss               zero     0x20002214    0x40  tim.o [1]
  .bss               zero     0x20002254    0x40  tim.o [1]
  .bss               zero     0x20002294    0x40  usart.o [1]
  .bss               zero     0x200022d4    0x40  usart.o [1]
  .bss               zero     0x20002314    0x30  adc.o [1]
  .bss               zero     0x20002344     0xc  ds_log.o [1]
  .bss               zero     0x20002350     0x8  ds_protocol.o [1]
  .bss               zero     0x20002358     0x4  stm32f1xx_hal.o [1]
  .bss               zero     0x2000235c     0x1  main.o [1]
                            - 0x2000235d  0x2359

"P2", part 3 of 3:                         0x400
  CSTACK                      0x20002360   0x400  <Block>
    CSTACK           uninit   0x20002360   0x400  <Block tail>
                            - 0x20002760   0x400


*******************************************************************************
*** INIT TABLE
***

          Address     Size
          -------     ----
Zero (__iar_zero_init3)
    1 destination range, total size 0x2359:
          0x20000004  0x2359

Copy (__iar_copy_init3)
    1 source range, total size 0x4:
          0x08003168     0x4
    1 destination range, total size 0x4:
          0x20000000     0x4



*******************************************************************************
*** MODULE SUMMARY
***

    Module                  ro code  ro data  rw data
    ------                  -------  -------  -------
E:\Users\bertz\Documents\GitHub\DSv1.4\EWARM\DSv1.4\Obj: [1]
    adc.o                       300               116
    dma.o                        32
    ds_gentlesensor.o           108
    ds_led.o                    142
    ds_log.o                    116                12
    ds_protocol.o             1 570             8 224
    gpio.o                      204
    main.o                      682                77
    spi.o                       224                88
    startup_stm32f103xe.o       520
    stm32f1xx_hal.o             134                 4
    stm32f1xx_hal_adc.o         864
    stm32f1xx_hal_adc_ex.o        2
    stm32f1xx_hal_cortex.o      230
    stm32f1xx_hal_dma.o       1 058
    stm32f1xx_hal_gpio.o        500
    stm32f1xx_hal_msp.o         140
    stm32f1xx_hal_rcc.o       1 246
    stm32f1xx_hal_rcc_ex.o      232
    stm32f1xx_hal_spi_ex.o      130
    stm32f1xx_hal_tim.o         884
    stm32f1xx_hal_tim_ex.o       78
    stm32f1xx_hal_uart.o      1 742
    stm32f1xx_it.o              152
    system_stm32f1xx.o           92       12        4
    tim.o                       308               128
    usart.o                     504               400
    -------------------------------------------------
    Total:                   12 194       12    9 053

command line: [2]
    -------------------------------------------------
    Total:

dl7M_tlf.a: [3]
    exit.o                        4
    low_level_init.o              4
    -------------------------------------------------
    Total:                        8

rt7M_tl.a: [4]
    ABImemcpy.o                 166
    cexit.o                      10
    cmain.o                      30
    copy_init3.o                 44
    cstartup_M.o                 12
    data_init.o                  40
    zero_init3.o                 64
    -------------------------------------------------
    Total:                      366

shb_l.a: [5]
    exit.o                       20
    -------------------------------------------------
    Total:                       20

    Gaps                         16
    Linker created                        36    1 024
-----------------------------------------------------
    Grand Total:             12 604       48   10 077


*******************************************************************************
*** ENTRY LIST
***

Entry                      Address   Size  Type      Object
-----                      -------   ----  ----      ------
.iar.init_table$$Base   0x08003010          --   Gb  - Linker created -
.iar.init_table$$Limit  0x08003034          --   Gb  - Linker created -
?main                   0x08003035         Code  Gb  cmain.o [4]
ADC1_2_IRQHandler       0x08002eb5    0x6  Code  Gb  stm32f1xx_it.o [1]
ADC_ConversionStop_Disable
                        0x08002c91   0x44  Code  Gb  stm32f1xx_hal_adc.o [1]
AHBPrescTable           0x08002f6c   0x10  Data  Gb  system_stm32f1xx.o [1]
APBPrescTable           0x08003098    0x8  Data  Gb  system_stm32f1xx.o [1]
AckCmdBuffer            0x20002350    0x8  Data  Gb  ds_protocol.o [1]
BusFault_Handler        0x08002e7f    0x2  Code  Gb  stm32f1xx_it.o [1]
CSTACK$$Base            0x20002360          --   Gb  - Linker created -
CSTACK$$Limit           0x20002760          --   Gb  - Linker created -
CoreBoardCmdBuffer      0x20000004  0x808  Data  Gb  ds_protocol.o [1]
CoreBoardUsartType      0x20001014  0x804  Data  Gb  ds_protocol.o [1]
DMA1_Channel1_IRQHandler
                        0x08002e97    0x6  Code  Gb  stm32f1xx_it.o [1]
DMA1_Channel4_IRQHandler
                        0x08002e9d    0x6  Code  Gb  stm32f1xx_it.o [1]
DMA1_Channel5_IRQHandler
                        0x08002ea3    0x6  Code  Gb  stm32f1xx_it.o [1]
DMA1_Channel6_IRQHandler
                        0x08002ea9    0x6  Code  Gb  stm32f1xx_it.o [1]
DMA1_Channel7_IRQHandler
                        0x08002eaf    0x6  Code  Gb  stm32f1xx_it.o [1]
DMA_SetConfig           0x08000df9   0x22  Code  Lc  stm32f1xx_hal_dma.o [1]
DS_AckRequestCmdFromCoreBoard
                        0x080025a1   0x16  Code  Gb  ds_protocol.o [1]
DS_AckRequestCmdFromDoorBoard
                        0x080025b7   0x16  Code  Gb  ds_protocol.o [1]
DS_CoreBoardProtocolInit
                        0x08002265   0x1e  Code  Gb  ds_protocol.o [1]
DS_CoreBoardUsartReceive_IDLE
                        0x080021eb   0x24  Code  Gb  ds_protocol.o [1]
DS_DoorBoardProtocolInit
                        0x08002283   0x2a  Code  Gb  ds_protocol.o [1]
DS_DoorBoardUsartReceive_IDLE
                        0x0800220f   0x24  Code  Gb  ds_protocol.o [1]
DS_GentleSensorCheck    0x0800210f   0x4c  Code  Gb  ds_gentlesensor.o [1]
DS_GentleSensorInit     0x08002101    0xe  Code  Gb  ds_gentlesensor.o [1]
DS_HandingCmdFromCoreBoard
                        0x080025e1   0x9e  Code  Gb  ds_protocol.o [1]
DS_HandingCmdFromDoorBoard
                        0x0800267f   0x4e  Code  Gb  ds_protocol.o [1]
DS_HandingUartDataFromCoreBoard
                        0x0800231f   0xde  Code  Gb  ds_protocol.o [1]
DS_HandingUartDataFromDoorBoard
                        0x080023fd   0xde  Code  Gb  ds_protocol.o [1]
DS_LEDS_TEST            0x08001d21   0x5a  Code  Gb  ds_led.o [1]
DS_LED_Init             0x08001d05    0x2  Code  Gb  ds_led.o [1]
DS_LED_OUT_OFF          0x08001d15    0x6  Code  Gb  ds_led.o [1]
DS_LED_OUT_ON           0x08001d1b    0x6  Code  Gb  ds_led.o [1]
DS_RUNNINGLED_ON        0x08001d07    0x4  Code  Gb  ds_led.o [1]
DS_ReportLogInfo        0x08002797   0x66  Code  Gb  ds_log.o [1]
DS_SendDataToCoreBoard  0x080022cf   0x1a  Code  Gb  ds_protocol.o [1]
DS_SendDataToDoorBoard  0x080022e9   0x36  Code  Gb  ds_protocol.o [1]
DS_SendOPenDoorCmd      0x08002189   0x20  Code  Gb  ds_protocol.o [1]
DS_SendRequestCmd       0x080021a9   0x42  Code  Lc  ds_protocol.o [1]
DS_SendRequestCmdToCoreBoard
                        0x0800256d   0x10  Code  Gb  ds_protocol.o [1]
DS_SendRequestCmdToDoorBoard
                        0x0800257d    0xe  Code  Gb  ds_protocol.o [1]
DS_TrySend5TimesCmdToCoreBoard
                        0x080026df   0x2e  Code  Gb  ds_protocol.o [1]
DS_TrySend5TimesCmdToDoorBoard
                        0x0800270d   0x2e  Code  Gb  ds_protocol.o [1]
DS_UpgentleStatusInfoLog
                        0x08002791    0x6  Code  Gb  ds_log.o [1]
DebugMon_Handler        0x08002e85    0x2  Code  Gb  stm32f1xx_it.o [1]
DoorBoardCmdBuffer      0x2000080c  0x808  Data  Gb  ds_protocol.o [1]
DoorBoardUsartType      0x20001818  0x804  Data  Gb  ds_protocol.o [1]
DriverBoardInfo         0x20002344    0xc  Data  Lc  ds_log.o [1]
HAL_ADCEx_InjectedConvCpltCallback
                        0x08002e75    0x2  Code  Wk  stm32f1xx_hal_adc_ex.o [1]
HAL_ADC_ConfigChannel   0x08002b79   0xe4  Code  Gb  stm32f1xx_hal_adc.o [1]
HAL_ADC_IRQHandler      0x08002a89   0xd8  Code  Gb  stm32f1xx_hal_adc.o [1]
HAL_ADC_Init            0x08002979  0x110  Code  Gb  stm32f1xx_hal_adc.o [1]
HAL_ADC_MspInit         0x0800194d   0x70  Code  Gb  adc.o [1]
HAL_DMA_Abort           0x08000af3   0x32  Code  Gb  stm32f1xx_hal_dma.o [1]
HAL_DMA_Abort_IT        0x08000b25   0xdc  Code  Gb  stm32f1xx_hal_dma.o [1]
HAL_DMA_IRQHandler      0x08000c01  0x1b4  Code  Gb  stm32f1xx_hal_dma.o [1]
HAL_DMA_Init            0x080009f9   0x78  Code  Gb  stm32f1xx_hal_dma.o [1]
HAL_DMA_Start_IT        0x08000a7f   0x74  Code  Gb  stm32f1xx_hal_dma.o [1]
HAL_Delay               0x08002daf   0x1e  Code  Wk  stm32f1xx_hal.o [1]
HAL_GPIO_Init           0x080015b1  0x196  Code  Gb  stm32f1xx_hal_gpio.o [1]
HAL_GPIO_ReadPin        0x08001747    0xc  Code  Gb  stm32f1xx_hal_gpio.o [1]
HAL_GPIO_TogglePin      0x0800175f    0x8  Code  Gb  stm32f1xx_hal_gpio.o [1]
HAL_GPIO_WritePin       0x08001753    0xc  Code  Gb  stm32f1xx_hal_gpio.o [1]
HAL_GetTick             0x080009ed    0xc  Code  Wk  stm32f1xx_hal.o [1]
HAL_IncTick             0x08002f11   0x10  Code  Wk  stm32f1xx_hal.o [1]
HAL_Init                0x080017cd   0x20  Code  Gb  stm32f1xx_hal.o [1]
HAL_InitTick            0x080017a5   0x28  Code  Wk  stm32f1xx_hal.o [1]
HAL_MspInit             0x080028ed   0x8c  Code  Gb  stm32f1xx_hal_msp.o [1]
HAL_NVIC_EnableIRQ      0x08001c8f    0xa  Code  Gb  stm32f1xx_hal_cortex.o [1]
HAL_NVIC_SetPriority    0x08001c55   0x3a  Code  Gb  stm32f1xx_hal_cortex.o [1]
HAL_NVIC_SetPriorityGrouping
                        0x08001c3b   0x1a  Code  Gb  stm32f1xx_hal_cortex.o [1]
HAL_RCCEx_PeriphCLKConfig
                        0x08002805   0xda  Code  Gb  stm32f1xx_hal_rcc_ex.o [1]
HAL_RCC_ClockConfig     0x08001141  0x10c  Code  Gb  stm32f1xx_hal_rcc.o [1]
HAL_RCC_GetHCLKFreq     0x0800129b    0x6  Code  Gb  stm32f1xx_hal_rcc.o [1]
HAL_RCC_GetPCLK1Freq    0x080012a1   0x10  Code  Gb  stm32f1xx_hal_rcc.o [1]
HAL_RCC_GetPCLK2Freq    0x080012b1    0xe  Code  Gb  stm32f1xx_hal_rcc.o [1]
HAL_RCC_GetSysClockFreq
                        0x08001261   0x3a  Code  Gb  stm32f1xx_hal_rcc.o [1]
HAL_RCC_GetSysClockFreq::aPLLMULFactorTable
                        0x080012f0   0x10  Data  Lc  stm32f1xx_hal_rcc.o [1]
HAL_RCC_GetSysClockFreq::aPredivFactorTable
                        0x08001300    0x2  Data  Lc  stm32f1xx_hal_rcc.o [1]
HAL_RCC_OscConfig       0x08000e25  0x314  Code  Gb  stm32f1xx_hal_rcc.o [1]
HAL_SPI_Init            0x08002cd5   0x82  Code  Gb  stm32f1xx_hal_spi_ex.o [1]
HAL_SPI_MspInit         0x08001a55   0x4e  Code  Gb  spi.o [1]
HAL_SYSTICK_CLKSourceConfig
                        0x08001ccb   0x1a  Code  Gb  stm32f1xx_hal_cortex.o [1]
HAL_SYSTICK_Config      0x08001ca3   0x28  Code  Gb  stm32f1xx_hal_cortex.o [1]
HAL_SYSTICK_IRQHandler  0x08001cfd    0x4  Code  Gb  stm32f1xx_hal_cortex.o [1]
HAL_TIMEx_BreakCallback
                        0x08002da7    0x2  Code  Wk  stm32f1xx_hal_tim_ex.o [1]
HAL_TIMEx_CommutationCallback
                        0x08002dab    0x2  Code  Wk  stm32f1xx_hal_tim_ex.o [1]
HAL_TIMEx_MasterConfigSynchronization
                        0x08002d59   0x4a  Code  Gb  stm32f1xx_hal_tim_ex.o [1]
HAL_TIM_Base_Init       0x08001d95   0x1a  Code  Gb  stm32f1xx_hal_tim.o [1]
HAL_TIM_Base_MspInit    0x08001b9b   0x38  Code  Gb  tim.o [1]
HAL_TIM_Base_Start_IT   0x08001daf   0x16  Code  Gb  stm32f1xx_hal_tim.o [1]
HAL_TIM_ConfigClockSource
                        0x08001f31   0xac  Code  Gb  stm32f1xx_hal_tim.o [1]
HAL_TIM_IRQHandler      0x08001de9  0x142  Code  Gb  stm32f1xx_hal_tim.o [1]
HAL_TIM_PeriodElapsedCallback
                        0x080014f7   0xa6  Code  Gb  main.o [1]
HAL_UART_DMAStop        0x08000365   0x48  Code  Gb  stm32f1xx_hal_uart.o [1]
HAL_UART_IRQHandler     0x080003c5  0x152  Code  Gb  stm32f1xx_hal_uart.o [1]
HAL_UART_Init           0x08000131   0x1e  Code  Gb  stm32f1xx_hal_uart.o [1]
HAL_UART_MspInit        0x08000847  0x128  Code  Gb  usart.o [1]
HAL_UART_Receive_DMA    0x080002d3   0x92  Code  Gb  stm32f1xx_hal_uart.o [1]
HAL_UART_Transmit       0x080001a9   0xaa  Code  Gb  stm32f1xx_hal_uart.o [1]
HAL_UART_Transmit_DMA   0x0800025b   0x78  Code  Gb  stm32f1xx_hal_uart.o [1]
HardFault_Handler       0x08002e7b    0x2  Code  Gb  stm32f1xx_it.o [1]
MX_ADC1_Init            0x080018dd   0x70  Code  Gb  adc.o [1]
MX_DMA_Init             0x080018bd   0x20  Code  Gb  dma.o [1]
MX_GPIO_Init            0x080017f1   0xcc  Code  Gb  gpio.o [1]
MX_SPI1_Init            0x08001a09   0x4c  Code  Gb  spi.o [1]
MX_TIM4_Init            0x08001ae9   0x40  Code  Gb  tim.o [1]
MX_TIM5_Init            0x08001b29   0x42  Code  Gb  tim.o [1]
MX_USART1_UART_Init     0x080007f5   0x16  Code  Gb  usart.o [1]
MX_USART2_UART_Init     0x0800080b   0x16  Code  Gb  usart.o [1]
MemManage_Handler       0x08002e7d    0x2  Code  Gb  stm32f1xx_it.o [1]
NMI_Handler             0x08002e79    0x2  Code  Gb  stm32f1xx_it.o [1]
NVIC_SetPriority        0x08001c1d   0x1e  Code  Lc  stm32f1xx_hal_cortex.o [1]
PendSV_Handler          0x08002e87    0x2  Code  Gb  stm32f1xx_it.o [1]
Region$$Table$$Base     0x08003010          --   Gb  - Linker created -
Region$$Table$$Limit    0x08003034          --   Gb  - Linker created -
SVC_Handler             0x08002e83    0x2  Code  Gb  stm32f1xx_it.o [1]
SysTick_Handler         0x08002e89    0xe  Code  Gb  stm32f1xx_it.o [1]
SystemClock_Config      0x08001471   0x86  Code  Gb  main.o [1]
SystemCoreClock         0x20000000    0x4  Data  Gb  system_stm32f1xx.o [1]
SystemInit              0x08002f21   0x3a  Code  Gb  system_stm32f1xx.o [1]
TIM4_IRQHandler         0x08002ebb    0x6  Code  Gb  stm32f1xx_it.o [1]
TIM5_IRQHandler         0x08002ee1    0x6  Code  Gb  stm32f1xx_it.o [1]
TIM_Base_SetConfig      0x08002007   0x74  Code  Gb  stm32f1xx_hal_tim.o [1]
TIM_ETR_SetConfig       0x080020e7   0x14  Code  Lc  stm32f1xx_hal_tim.o [1]
TIM_ITRx_SetConfig      0x080020d7   0x10  Code  Lc  stm32f1xx_hal_tim.o [1]
TIM_TI1_ConfigInputStage
                        0x08002095   0x1e  Code  Lc  stm32f1xx_hal_tim.o [1]
TIM_TI2_ConfigInputStage
                        0x080020b3   0x24  Code  Lc  stm32f1xx_hal_tim.o [1]
UART_DMAAbortOnError    0x08000669    0xc  Code  Lc  stm32f1xx_hal_uart.o [1]
UART_DMAError           0x0800058d   0x4a  Code  Lc  stm32f1xx_hal_uart.o [1]
UART_DMAReceiveCplt     0x0800054d   0x38  Code  Lc  stm32f1xx_hal_uart.o [1]
UART_DMARxHalfCplt      0x08000585    0x6  Code  Lc  stm32f1xx_hal_uart.o [1]
UART_DMATransmitCplt    0x08000519   0x2a  Code  Lc  stm32f1xx_hal_uart.o [1]
UART_DMATxHalfCplt      0x08000545    0x6  Code  Lc  stm32f1xx_hal_uart.o [1]
UART_EndRxTransfer      0x0800064d   0x1c  Code  Lc  stm32f1xx_hal_uart.o [1]
UART_EndTxTransfer      0x0800063b   0x12  Code  Lc  stm32f1xx_hal_uart.o [1]
UART_Receive_IT         0x08000675   0x96  Code  Lc  stm32f1xx_hal_uart.o [1]
UART_SetConfig          0x0800070b   0xde  Code  Lc  stm32f1xx_hal_uart.o [1]
UART_WaitOnFlagUntilTimeout
                        0x080005d7   0x56  Code  Lc  stm32f1xx_hal_uart.o [1]
USART1_IRQHandler       0x08002ec1    0xc  Code  Gb  stm32f1xx_it.o [1]
USART2_IRQHandler       0x08002ecd    0xa  Code  Gb  stm32f1xx_it.o [1]
UsageFault_Handler      0x08002e81    0x2  Code  Gb  stm32f1xx_it.o [1]
_Error_Handler          0x080015ad    0x2  Code  Gb  main.o [1]
__aeabi_memcpy          0x08002dcd         Code  Gb  ABImemcpy.o [4]
__aeabi_memcpy4         0x08002ded         Code  Gb  ABImemcpy.o [4]
__aeabi_memcpy8         0x08002ded         Code  Gb  ABImemcpy.o [4]
__cmain                 0x08003035         Code  Gb  cmain.o [4]
__exit                  0x08003069   0x14  Code  Gb  exit.o [5]
__iar_copy_init3        0x08002fbd   0x2c  Code  Gb  copy_init3.o [4]
__iar_data_init3        0x08002fe9   0x28  Code  Gb  data_init.o [4]
__iar_program_start     0x0800308d         Code  Gb  cstartup_M.o [4]
__iar_systems$$module {Abs}
                        0x00000001         Data  Gb  command line/config [2]
__iar_zero_init3        0x08002f7d   0x40  Code  Gb  zero_init3.o [4]
__low_level_init        0x08003053    0x4  Code  Gb  low_level_init.o [3]
__vector_table          0x08000000         Data  Gb  startup_stm32f103xe.o [1]
_call_main              0x08003041         Code  Gb  cmain.o [4]
_exit                   0x0800305d         Code  Gb  cexit.o [4]
_main                   0x0800304f         Code  Gb  cmain.o [4]
exit                    0x08003057    0x4  Code  Gb  exit.o [3]
gCoreBoardProtocolCmd   0x200021a0   0x18  Data  Gb  main.o [1]
gDoorBoardProtocolCmd   0x200021b8   0x18  Data  Gb  main.o [1]
gGentleSensorStatusDetection
                        0x20002184   0x10  Data  Gb  main.o [1]
gLEDsCarFlag            0x2000235c    0x1  Data  Gb  main.o [1]
gLogCnt                 0x2000219c    0x4  Data  Gb  main.o [1]
gSendLogFlag            0x20002194    0x1  Data  Gb  main.o [1]
gSendOpenFlag           0x20002195    0x1  Data  Gb  main.o [1]
gTIM5Cnt                0x20002198    0x2  Data  Gb  main.o [1]
gTIM5CntFlag            0x20002196    0x1  Data  Gb  main.o [1]
gTIM5LedCnt             0x2000219a    0x2  Data  Gb  main.o [1]
gTIM5LedFlag            0x20002197    0x1  Data  Gb  main.o [1]
getXORCode              0x0800216d   0x1c  Code  Lc  ds_protocol.o [1]
hadc1                   0x20002314   0x30  Data  Gb  adc.o [1]
hdma_adc1               0x200021d0   0x44  Data  Gb  adc.o [1]
hdma_usart1_rx          0x2000201c   0x44  Data  Gb  usart.o [1]
hdma_usart1_tx          0x20002060   0x44  Data  Gb  usart.o [1]
hdma_usart2_rx          0x200020a4   0x44  Data  Gb  usart.o [1]
hdma_usart2_tx          0x200020e8   0x44  Data  Gb  usart.o [1]
hspi1                   0x2000212c   0x58  Data  Gb  spi.o [1]
htim4                   0x20002214   0x40  Data  Gb  tim.o [1]
htim5                   0x20002254   0x40  Data  Gb  tim.o [1]
huart1                  0x20002294   0x40  Data  Gb  usart.o [1]
huart2                  0x200022d4   0x40  Data  Gb  usart.o [1]
main                    0x08001305  0x16c  Code  Gb  main.o [1]
uwTick                  0x20002358    0x4  Data  Gb  stm32f1xx_hal.o [1]


[1] = E:\Users\bertz\Documents\GitHub\DSv1.4\EWARM\DSv1.4\Obj
[2] = command line
[3] = dl7M_tlf.a
[4] = rt7M_tl.a
[5] = shb_l.a

  12 604 bytes of readonly  code memory
      48 bytes of readonly  data memory
  10 077 bytes of readwrite data memory

Errors: none
Warnings: none
