###############################################################################
#
# IAR ELF Linker V8.20.1.14183/W32 for ARM                30/Jan/2018  18:14:01
# Copyright 2007-2017 IAR Systems AB.
#
#    Output file  =  
#        E:\Users\bertz\Documents\GitHub\DSv1.4\EWARM\DSv1.4\Exe\DSv1.4.out
#    Map file     =  
#        E:\Users\bertz\Documents\GitHub\DSv1.4\EWARM\DSv1.4\List\DSv1.4.map
#    Command line =  
#        -f C:\Users\bertz\AppData\Local\Temp\EWB7D1.tmp
#        (E:\Users\bertz\Documents\GitHub\DSv1.4\EWARM\DSv1.4\Obj\adc.o
#        E:\Users\bertz\Documents\GitHub\DSv1.4\EWARM\DSv1.4\Obj\dma.o
#        E:\Users\bertz\Documents\GitHub\DSv1.4\EWARM\DSv1.4\Obj\ds_gentlesensor.o
#        E:\Users\bertz\Documents\GitHub\DSv1.4\EWARM\DSv1.4\Obj\ds_led.o
#        E:\Users\bertz\Documents\GitHub\DSv1.4\EWARM\DSv1.4\Obj\ds_log.o
#        E:\Users\bertz\Documents\GitHub\DSv1.4\EWARM\DSv1.4\Obj\ds_protocol.o
#        E:\Users\bertz\Documents\GitHub\DSv1.4\EWARM\DSv1.4\Obj\gpio.o
#        E:\Users\bertz\Documents\GitHub\DSv1.4\EWARM\DSv1.4\Obj\main.o
#        E:\Users\bertz\Documents\GitHub\DSv1.4\EWARM\DSv1.4\Obj\spi.o
#        E:\Users\bertz\Documents\GitHub\DSv1.4\EWARM\DSv1.4\Obj\startup_stm32f103xe.o
#        E:\Users\bertz\Documents\GitHub\DSv1.4\EWARM\DSv1.4\Obj\stm32f1xx_hal.o
#        E:\Users\bertz\Documents\GitHub\DSv1.4\EWARM\DSv1.4\Obj\stm32f1xx_hal_adc.o
#        E:\Users\bertz\Documents\GitHub\DSv1.4\EWARM\DSv1.4\Obj\stm32f1xx_hal_adc_ex.o
#        E:\Users\bertz\Documents\GitHub\DSv1.4\EWARM\DSv1.4\Obj\stm32f1xx_hal_cortex.o
#        E:\Users\bertz\Documents\GitHub\DSv1.4\EWARM\DSv1.4\Obj\stm32f1xx_hal_dma.o
#        E:\Users\bertz\Documents\GitHub\DSv1.4\EWARM\DSv1.4\Obj\stm32f1xx_hal_flash.o
#        E:\Users\bertz\Documents\GitHub\DSv1.4\EWARM\DSv1.4\Obj\stm32f1xx_hal_flash_ex.o
#        E:\Users\bertz\Documents\GitHub\DSv1.4\EWARM\DSv1.4\Obj\stm32f1xx_hal_gpio.o
#        E:\Users\bertz\Documents\GitHub\DSv1.4\EWARM\DSv1.4\Obj\stm32f1xx_hal_gpio_ex.o
#        E:\Users\bertz\Documents\GitHub\DSv1.4\EWARM\DSv1.4\Obj\stm32f1xx_hal_msp.o
#        E:\Users\bertz\Documents\GitHub\DSv1.4\EWARM\DSv1.4\Obj\stm32f1xx_hal_pwr.o
#        E:\Users\bertz\Documents\GitHub\DSv1.4\EWARM\DSv1.4\Obj\stm32f1xx_hal_rcc.o
#        E:\Users\bertz\Documents\GitHub\DSv1.4\EWARM\DSv1.4\Obj\stm32f1xx_hal_rcc_ex.o
#        E:\Users\bertz\Documents\GitHub\DSv1.4\EWARM\DSv1.4\Obj\stm32f1xx_hal_spi.o
#        E:\Users\bertz\Documents\GitHub\DSv1.4\EWARM\DSv1.4\Obj\stm32f1xx_hal_spi_ex.o
#        E:\Users\bertz\Documents\GitHub\DSv1.4\EWARM\DSv1.4\Obj\stm32f1xx_hal_tim.o
#        E:\Users\bertz\Documents\GitHub\DSv1.4\EWARM\DSv1.4\Obj\stm32f1xx_hal_tim_ex.o
#        E:\Users\bertz\Documents\GitHub\DSv1.4\EWARM\DSv1.4\Obj\stm32f1xx_hal_uart.o
#        E:\Users\bertz\Documents\GitHub\DSv1.4\EWARM\DSv1.4\Obj\stm32f1xx_it.o
#        E:\Users\bertz\Documents\GitHub\DSv1.4\EWARM\DSv1.4\Obj\system_stm32f1xx.o
#        E:\Users\bertz\Documents\GitHub\DSv1.4\EWARM\DSv1.4\Obj\tim.o
#        E:\Users\bertz\Documents\GitHub\DSv1.4\EWARM\DSv1.4\Obj\usart.o
#        --redirect _Printf=_PrintfFull --redirect _Scanf=_ScanfFull -o
#        E:\Users\bertz\Documents\GitHub\DSv1.4\EWARM\DSv1.4\Exe\DSv1.4.out
#        --map
#        E:\Users\bertz\Documents\GitHub\DSv1.4\EWARM\DSv1.4\List\DSv1.4.map
#        --config
#        E:\Users\bertz\Documents\GitHub\DSv1.4\EWARM/stm32f103xe_flash.icf
#        --semihosting --entry __iar_program_start --vfe --text_out locale)
#
###############################################################################

*******************************************************************************
*** RUNTIME MODEL ATTRIBUTES
***

CppFlavor       = *
__SystemLibrary = DLib
__dlib_version  = 6


*******************************************************************************
*** HEAP SELECTION
***

The basic heap was selected because no calls to memory allocation
functions were found in the application outside of system library
functions, and there are calls to deallocation functions in the
application.


*******************************************************************************
*** PLACEMENT SUMMARY
***

"A0":  place at 0x08000000 { ro section .intvec };
"P1":  place in [from 0x08000000 to 0x0807ffff] { ro };
define block CSTACK with size = 1K, alignment = 8 { };
define block HEAP with size = 512, alignment = 8 { };
"P2":  place in [from 0x20000000 to 0x2000ffff] {
          rw, block CSTACK, block HEAP };
initialize by copy { rw };

  Section            Kind        Address    Size  Object
  -------            ----        -------    ----  ------
"A0":                                      0x130
  .intvec            ro code  0x08000000   0x130  startup_stm32f103xe.o [1]
                            - 0x08000130   0x130

"P1":                                     0x37b0
  .text              ro code  0x08000130   0x6e8  ds_protocol.o [1]
  .text              ro code  0x08000818   0x618  stm32f1xx_hal_uart.o [1]
  .text              ro code  0x08000e30   0x1f4  stm32f1xx_hal_gpio.o [1]
  .text              ro code  0x08001024    0xa6  ABImemcpy.o [4]
  .text              ro code  0x080010cc   0x1f8  usart.o [1]
  .text              ro code  0x080012c4     0xc  stm32f1xx_hal.o [1]
  .text              ro code  0x080012d0   0x422  stm32f1xx_hal_dma.o [1]
  .text              ro code  0x080016f2     0x2  stm32f1xx_hal_uart.o [1]
  .text              ro code  0x080016f4     0x2  stm32f1xx_hal_uart.o [1]
  .text              ro code  0x080016f6     0x2  stm32f1xx_hal_uart.o [1]
  .text              ro code  0x080016f8     0x2  stm32f1xx_hal_uart.o [1]
  .text              ro code  0x080016fc   0x4de  stm32f1xx_hal_rcc.o [1]
  .text              ro code  0x08001bdc   0x42e  main.o [1]
  .text              ro code  0x0800200c    0x28  stm32f1xx_hal.o [1]
  .text              ro code  0x08002034    0x24  stm32f1xx_hal.o [1]
  .text              ro code  0x08002058    0xcc  gpio.o [1]
  .text              ro code  0x08002124    0x20  dma.o [1]
  .text              ro code  0x08002144   0x130  adc.o [1]
  .text              ro code  0x08002274    0xe0  spi.o [1]
  .text              ro code  0x08002354   0x1fc  tim.o [1]
  .text              ro code  0x08002550    0x82  ds_led.o [1]
  .text              ro code  0x080025d4   0x622  stm32f1xx_hal_tim.o [1]
  .text              ro code  0x08002bf8   0x54a  stm32f1xx_hal_adc.o [1]
  .text              ro code  0x08003144    0x68  ds_gentlesensor.o [1]
  .text              ro code  0x080031ac     0x6  ABImemclr4.o [4]
  .text              ro code  0x080031b4    0x90  ds_log.o [1]
  .text              ro code  0x08003244    0xe8  stm32f1xx_hal_rcc_ex.o [1]
  .text              ro code  0x0800332c    0xe6  stm32f1xx_hal_cortex.o [1]
  .text              ro code  0x08003414    0x8c  stm32f1xx_hal_msp.o [1]
  .text              ro code  0x080034a0    0x82  stm32f1xx_hal_spi_ex.o [1]
  .text              ro code  0x08003524    0x4a  stm32f1xx_hal_tim_ex.o [1]
  .text              ro code  0x0800356e     0x2  stm32f1xx_hal_tim.o [1]
  .text              ro code  0x08003570     0x2  stm32f1xx_hal_tim.o [1]
  .text              ro code  0x08003572     0x2  stm32f1xx_hal_tim_ex.o [1]
  .text              ro code  0x08003574     0x2  stm32f1xx_hal_tim.o [1]
  .text              ro code  0x08003576     0x2  stm32f1xx_hal_tim_ex.o [1]
  .text              ro code  0x08003578     0x2  stm32f1xx_hal_tim.o [1]
  .text              ro code  0x0800357a     0x2  stm32f1xx_hal_adc.o [1]
  .text              ro code  0x0800357c     0x2  stm32f1xx_hal_adc_ex.o [1]
  .text              ro code  0x0800357e     0x2  stm32f1xx_hal_adc.o [1]
  .text              ro code  0x08003580     0x2  stm32f1xx_hal_adc.o [1]
  .text              ro code  0x08003582     0x2  stm32f1xx_hal_adc.o [1]
  .text              ro code  0x08003584    0x1e  stm32f1xx_hal.o [1]
  .text              ro code  0x080035a4    0x32  ABImemset48.o [4]
  .text              ro code  0x080035d8    0xa0  stm32f1xx_it.o [1]
  .text              ro code  0x08003678    0x10  stm32f1xx_hal.o [1]
  .text              ro code  0x08003688    0x5c  system_stm32f1xx.o [1]
  .text              ro code  0x080036e4    0x40  zero_init3.o [4]
  .text              ro code  0x08003724    0x38  packbits_init_single.o [4]
  .text              ro code  0x0800375c    0x28  data_init.o [4]
  .iar.init_table    const    0x08003784    0x20  - Linker created -
  .text              ro code  0x080037a4    0x1e  cmain.o [4]
  .text              ro code  0x080037c2     0x4  low_level_init.o [3]
  .text              ro code  0x080037c6     0x4  exit.o [3]
  .text              ro code  0x080037cc     0xa  cexit.o [4]
  .text              ro code  0x080037d8    0x14  exit.o [5]
  .text              ro code  0x080037ec    0x10  startup_stm32f103xe.o [1]
  .text              ro code  0x080037fc     0xc  cstartup_M.o [4]
  .rodata            const    0x08003808     0x8  system_stm32f1xx.o [1]
  .text              ro code  0x08003810     0x4  startup_stm32f103xe.o [1]
  .text              ro code  0x08003814     0x4  startup_stm32f103xe.o [1]
  .text              ro code  0x08003818     0x4  startup_stm32f103xe.o [1]
  .text              ro code  0x0800381c     0x4  startup_stm32f103xe.o [1]
  .text              ro code  0x08003820     0x4  startup_stm32f103xe.o [1]
  .text              ro code  0x08003824     0x4  startup_stm32f103xe.o [1]
  .text              ro code  0x08003828     0x4  startup_stm32f103xe.o [1]
  .text              ro code  0x0800382c     0x4  startup_stm32f103xe.o [1]
  .text              ro code  0x08003830     0x4  startup_stm32f103xe.o [1]
  .text              ro code  0x08003834     0x4  startup_stm32f103xe.o [1]
  .text              ro code  0x08003838     0x4  startup_stm32f103xe.o [1]
  .text              ro code  0x0800383c     0x4  startup_stm32f103xe.o [1]
  .text              ro code  0x08003840     0x4  startup_stm32f103xe.o [1]
  .text              ro code  0x08003844     0x4  startup_stm32f103xe.o [1]
  .text              ro code  0x08003848     0x4  startup_stm32f103xe.o [1]
  .text              ro code  0x0800384c     0x4  startup_stm32f103xe.o [1]
  .text              ro code  0x08003850     0x4  startup_stm32f103xe.o [1]
  .text              ro code  0x08003854     0x4  startup_stm32f103xe.o [1]
  .text              ro code  0x08003858     0x4  startup_stm32f103xe.o [1]
  .text              ro code  0x0800385c     0x4  startup_stm32f103xe.o [1]
  .text              ro code  0x08003860     0x4  startup_stm32f103xe.o [1]
  .text              ro code  0x08003864     0x4  startup_stm32f103xe.o [1]
  .text              ro code  0x08003868     0x4  startup_stm32f103xe.o [1]
  .text              ro code  0x0800386c     0x4  startup_stm32f103xe.o [1]
  .text              ro code  0x08003870     0x4  startup_stm32f103xe.o [1]
  .text              ro code  0x08003874     0x4  startup_stm32f103xe.o [1]
  .text              ro code  0x08003878     0x4  startup_stm32f103xe.o [1]
  .text              ro code  0x0800387c     0x4  startup_stm32f103xe.o [1]
  .text              ro code  0x08003880     0x4  startup_stm32f103xe.o [1]
  .text              ro code  0x08003884     0x4  startup_stm32f103xe.o [1]
  .text              ro code  0x08003888     0x4  startup_stm32f103xe.o [1]
  .text              ro code  0x0800388c     0x4  startup_stm32f103xe.o [1]
  .text              ro code  0x08003890     0x4  startup_stm32f103xe.o [1]
  .text              ro code  0x08003894     0x4  startup_stm32f103xe.o [1]
  .text              ro code  0x08003898     0x4  startup_stm32f103xe.o [1]
  .text              ro code  0x0800389c     0x4  startup_stm32f103xe.o [1]
  .text              ro code  0x080038a0     0x4  startup_stm32f103xe.o [1]
  .text              ro code  0x080038a4     0x4  startup_stm32f103xe.o [1]
  .text              ro code  0x080038a8     0x4  startup_stm32f103xe.o [1]
  .text              ro code  0x080038ac     0x4  startup_stm32f103xe.o [1]
  .text              ro code  0x080038b0     0x4  startup_stm32f103xe.o [1]
  .text              ro code  0x080038b4     0x4  startup_stm32f103xe.o [1]
  .text              ro code  0x080038b8     0x4  startup_stm32f103xe.o [1]
  .text              ro code  0x080038bc     0x4  startup_stm32f103xe.o [1]
  .text              ro code  0x080038c0     0x4  startup_stm32f103xe.o [1]
  .text              ro code  0x080038c4     0x4  startup_stm32f103xe.o [1]
  .text              ro code  0x080038c8     0x4  startup_stm32f103xe.o [1]
  .text              ro code  0x080038cc     0x4  startup_stm32f103xe.o [1]
  .text              ro code  0x080038d0     0x4  startup_stm32f103xe.o [1]
  .rodata            const    0x080038d4     0x0  zero_init3.o [4]
  .rodata            const    0x080038d4     0x0  packbits_init_single.o [4]
  Initializer bytes  const    0x080038d4     0xc  <for P2-1>
                            - 0x080038e0  0x37b0

"P2", part 1 of 3:                          0xa4
  P2-1                        0x20000000    0xa4  <Init block>
    .data            inited   0x20000000    0xa0  main.o [1]
    .data            inited   0x200000a0     0x4  system_stm32f1xx.o [1]
                            - 0x200000a4    0xa4

"P2", part 2 of 3:                        0x2364
  .bss               zero     0x200000a4   0x808  ds_protocol.o [1]
  .bss               zero     0x200008ac   0x808  ds_protocol.o [1]
  .bss               zero     0x200010b4   0x804  ds_protocol.o [1]
  .bss               zero     0x200018b8   0x804  ds_protocol.o [1]
  .bss               zero     0x200020bc   0x110  usart.o [1]
  .bss               zero     0x200021cc    0x58  spi.o [1]
  .bss               zero     0x20002224    0x44  adc.o [1]
  .bss               zero     0x20002268    0x40  tim.o [1]
  .bss               zero     0x200022a8    0x40  tim.o [1]
  .bss               zero     0x200022e8    0x40  tim.o [1]
  .bss               zero     0x20002328    0x40  usart.o [1]
  .bss               zero     0x20002368    0x40  usart.o [1]
  .bss               zero     0x200023a8    0x30  adc.o [1]
  .bss               zero     0x200023d8    0x16  main.o [1]
  .bss               zero     0x200023ee     0x1  main.o [1]
  .bss               zero     0x200023f0     0xc  ds_log.o [1]
  .bss               zero     0x200023fc     0x8  ds_protocol.o [1]
  .bss               zero     0x20002404     0x4  stm32f1xx_hal.o [1]
                            - 0x20002408  0x2364

"P2", part 3 of 3:                         0x400
  CSTACK                      0x20002408   0x400  <Block>
    CSTACK           uninit   0x20002408   0x400  <Block tail>
                            - 0x20002808   0x400


*******************************************************************************
*** INIT TABLE
***

          Address     Size
          -------     ----
Zero (__iar_zero_init3)
    1 destination range, total size 0x2364:
          0x200000a4  0x2364

Copy/packbits (__iar_packbits_init_single3)
    1 source range, total size 0xc (7% of destination):
          0x080038d4     0xc
    1 destination range, total size 0xa4:
          0x20000000    0xa4



*******************************************************************************
*** MODULE SUMMARY
***

    Module                  ro code  ro data  rw data
    ------                  -------  -------  -------
E:\Users\bertz\Documents\GitHub\DSv1.4\EWARM\DSv1.4\Obj: [1]
    adc.o                       304               116
    dma.o                        32
    ds_gentlesensor.o           104
    ds_led.o                    130
    ds_log.o                    144                12
    ds_protocol.o             1 768             8 224
    gpio.o                      204
    main.o                    1 070       11      183
    spi.o                       224                88
    startup_stm32f103xe.o       516
    stm32f1xx_hal.o             134                 4
    stm32f1xx_hal_adc.o       1 362
    stm32f1xx_hal_adc_ex.o        2
    stm32f1xx_hal_cortex.o      230
    stm32f1xx_hal_dma.o       1 058
    stm32f1xx_hal_gpio.o        500
    stm32f1xx_hal_msp.o         140
    stm32f1xx_hal_rcc.o       1 246
    stm32f1xx_hal_rcc_ex.o      232
    stm32f1xx_hal_spi_ex.o      130
    stm32f1xx_hal_tim.o       1 578
    stm32f1xx_hal_tim_ex.o       78
    stm32f1xx_hal_uart.o      1 568
    stm32f1xx_it.o              160
    system_stm32f1xx.o           92        9        4
    tim.o                       508               192
    usart.o                     504               400
    -------------------------------------------------
    Total:                   14 018       20    9 223

command line: [2]
    -------------------------------------------------
    Total:

dl7M_tlf.a: [3]
    exit.o                        4
    low_level_init.o              4
    -------------------------------------------------
    Total:                        8

rt7M_tl.a: [4]
    ABImemclr4.o                  6
    ABImemcpy.o                 166
    ABImemset48.o                50
    cexit.o                      10
    cmain.o                      30
    cstartup_M.o                 12
    data_init.o                  40
    packbits_init_single.o       56
    zero_init3.o                 64
    -------------------------------------------------
    Total:                      434

shb_l.a: [5]
    exit.o                       20
    -------------------------------------------------
    Total:                       20

    Gaps                         28                 1
    Linker created                        32    1 024
-----------------------------------------------------
    Grand Total:             14 508       52   10 248


*******************************************************************************
*** ENTRY LIST
***

Entry                      Address   Size  Type      Object
-----                      -------   ----  ----      ------
.iar.init_table$$Base   0x08003784          --   Gb  - Linker created -
.iar.init_table$$Limit  0x080037a4          --   Gb  - Linker created -
?main                   0x080037a5         Code  Gb  cmain.o [4]
ADC1_2_IRQHandler       0x08003615    0x6  Code  Gb  stm32f1xx_it.o [1]
ADC_ConversionStop_Disable
                        0x08003099   0x44  Code  Gb  stm32f1xx_hal_adc.o [1]
ADC_DMAConvCplt         0x080030dd   0x48  Code  Gb  stm32f1xx_hal_adc.o [1]
ADC_DMAError            0x0800312d   0x16  Code  Gb  stm32f1xx_hal_adc.o [1]
ADC_DMAHalfConvCplt     0x08003125    0x6  Code  Gb  stm32f1xx_hal_adc.o [1]
ADC_Enable              0x08003003   0x6a  Code  Gb  stm32f1xx_hal_adc.o [1]
ADC_Value               0x2000003c   0x28  Data  Gb  main.o [1]
AHBPrescTable           0x080036d4   0x10  Data  Gb  system_stm32f1xx.o [1]
APBPrescTable           0x08003808    0x8  Data  Gb  system_stm32f1xx.o [1]
AckCmdBuffer            0x200023fc    0x8  Data  Gb  ds_protocol.o [1]
BusFault_Handler        0x080035df    0x2  Code  Gb  stm32f1xx_it.o [1]
CSTACK$$Base            0x20002408          --   Gb  - Linker created -
CSTACK$$Limit           0x20002808          --   Gb  - Linker created -
CoreBoardCmdBuffer      0x200000a4  0x808  Data  Gb  ds_protocol.o [1]
CoreBoardUsartType      0x200010b4  0x804  Data  Gb  ds_protocol.o [1]
DMA1_Channel1_IRQHandler
                        0x080035f7    0x6  Code  Gb  stm32f1xx_it.o [1]
DMA1_Channel4_IRQHandler
                        0x080035fd    0x6  Code  Gb  stm32f1xx_it.o [1]
DMA1_Channel5_IRQHandler
                        0x08003603    0x6  Code  Gb  stm32f1xx_it.o [1]
DMA1_Channel6_IRQHandler
                        0x08003609    0x6  Code  Gb  stm32f1xx_it.o [1]
DMA1_Channel7_IRQHandler
                        0x0800360f    0x6  Code  Gb  stm32f1xx_it.o [1]
DMA_SetConfig           0x080016d1   0x22  Code  Lc  stm32f1xx_hal_dma.o [1]
DS_AckRequestCmdFromCoreBoard
                        0x08000599   0x16  Code  Gb  ds_protocol.o [1]
DS_AckRequestCmdFromDoorBoard
                        0x080005af   0x16  Code  Gb  ds_protocol.o [1]
DS_CoreBoardProtocolInit
                        0x08000229   0x1e  Code  Gb  ds_protocol.o [1]
DS_CoreBoardUsartReceive_IDLE
                        0x080001af   0x24  Code  Gb  ds_protocol.o [1]
DS_DoorBoardProtocolInit
                        0x08000247   0x2a  Code  Gb  ds_protocol.o [1]
DS_DoorBoardUsartReceive_IDLE
                        0x080001d3   0x24  Code  Gb  ds_protocol.o [1]
DS_GentleSensorCheck    0x08003153   0x4a  Code  Gb  ds_gentlesensor.o [1]
DS_GentleSensorInit     0x08003145    0xe  Code  Gb  ds_gentlesensor.o [1]
DS_HandingCmdFromCoreBoard
                        0x080005d9   0xb4  Code  Gb  ds_protocol.o [1]
DS_HandingCmdFromDoorBoard
                        0x0800068d   0x6e  Code  Gb  ds_protocol.o [1]
DS_HandingUartDataFromCoreBoard
                        0x080002e1   0xfe  Code  Gb  ds_protocol.o [1]
DS_HandingUartDataFromDoorBoard
                        0x080003df  0x118  Code  Gb  ds_protocol.o [1]
DS_LEDS_TEST            0x08002561   0x5a  Code  Gb  ds_led.o [1]
DS_LED_Init             0x08002551    0x2  Code  Gb  ds_led.o [1]
DS_RUNNINGLED_ON        0x08002553    0x4  Code  Gb  ds_led.o [1]
DS_ReportLogInfo        0x080031d7   0x66  Code  Gb  ds_log.o [1]
DS_SendDataToCoreBoard  0x08000293   0x1a  Code  Gb  ds_protocol.o [1]
DS_SendDataToDoorBoard  0x080002ad   0x34  Code  Gb  ds_protocol.o [1]
DS_SendHelpCmd          0x0800077f   0x52  Code  Gb  ds_protocol.o [1]
DS_SendOPenDoorCmd      0x0800014d   0x20  Code  Gb  ds_protocol.o [1]
DS_SendRequestCmd       0x0800016d   0x42  Code  Lc  ds_protocol.o [1]
DS_SendRequestCmdToCoreBoard
                        0x0800055b   0x24  Code  Gb  ds_protocol.o [1]
DS_SendRequestCmdToDoorBoard
                        0x0800057f   0x1a  Code  Gb  ds_protocol.o [1]
DS_SetLedPwmValue       0x08001fc1   0x28  Code  Gb  main.o [1]
DS_TrySend5TimesCmdToCoreBoard
                        0x0800070d   0x2e  Code  Gb  ds_protocol.o [1]
DS_TrySend5TimesCmdToDoorBoard
                        0x0800073b   0x2e  Code  Gb  ds_protocol.o [1]
DS_UpLightInfoLog       0x080031c3    0xe  Code  Gb  ds_log.o [1]
DS_UpTemInfoLog         0x080031b5    0xe  Code  Gb  ds_log.o [1]
DS_UpgentleStatusInfoLog
                        0x080031d1    0x6  Code  Gb  ds_log.o [1]
DebugMon_Handler        0x080035e5    0x2  Code  Gb  stm32f1xx_it.o [1]
DoorBoardALogBuffer     0x20000018   0x20  Data  Gb  main.o [1]
DoorBoardCmdBuffer      0x200008ac  0x808  Data  Gb  ds_protocol.o [1]
DoorBoardUsartType      0x200018b8  0x804  Data  Gb  ds_protocol.o [1]
DriverBoardInfo         0x200023f0    0xc  Data  Lc  ds_log.o [1]
HAL_ADCEx_InjectedConvCpltCallback
                        0x0800357d    0x2  Code  Wk  stm32f1xx_hal_adc_ex.o [1]
HAL_ADC_ConfigChannel   0x08002f07   0xe4  Code  Gb  stm32f1xx_hal_adc.o [1]
HAL_ADC_IRQHandler      0x08002e17   0xd8  Code  Gb  stm32f1xx_hal_adc.o [1]
HAL_ADC_Init            0x08002bf9  0x110  Code  Gb  stm32f1xx_hal_adc.o [1]
HAL_ADC_MspInit         0x080021b7   0x70  Code  Gb  adc.o [1]
HAL_ADC_Start_DMA       0x08002d1d   0xfa  Code  Gb  stm32f1xx_hal_adc.o [1]
HAL_DMA_Abort           0x080013cb   0x32  Code  Gb  stm32f1xx_hal_dma.o [1]
HAL_DMA_Abort_IT        0x080013fd   0xdc  Code  Gb  stm32f1xx_hal_dma.o [1]
HAL_DMA_IRQHandler      0x080014d9  0x1b4  Code  Gb  stm32f1xx_hal_dma.o [1]
HAL_DMA_Init            0x080012d1   0x78  Code  Gb  stm32f1xx_hal_dma.o [1]
HAL_DMA_Start_IT        0x08001357   0x74  Code  Gb  stm32f1xx_hal_dma.o [1]
HAL_Delay               0x08003585   0x1e  Code  Wk  stm32f1xx_hal.o [1]
HAL_GPIO_Init           0x08000e31  0x196  Code  Gb  stm32f1xx_hal_gpio.o [1]
HAL_GPIO_ReadPin        0x08000fc7    0xc  Code  Gb  stm32f1xx_hal_gpio.o [1]
HAL_GPIO_TogglePin      0x08000fdf    0x8  Code  Gb  stm32f1xx_hal_gpio.o [1]
HAL_GPIO_WritePin       0x08000fd3    0xc  Code  Gb  stm32f1xx_hal_gpio.o [1]
HAL_GetTick             0x080012c5    0xc  Code  Wk  stm32f1xx_hal.o [1]
HAL_IncTick             0x08003679   0x10  Code  Wk  stm32f1xx_hal.o [1]
HAL_Init                0x08002035   0x20  Code  Gb  stm32f1xx_hal.o [1]
HAL_InitTick            0x0800200d   0x28  Code  Wk  stm32f1xx_hal.o [1]
HAL_MspInit             0x08003415   0x8c  Code  Gb  stm32f1xx_hal_msp.o [1]
HAL_NVIC_EnableIRQ      0x0800339f    0xa  Code  Gb  stm32f1xx_hal_cortex.o [1]
HAL_NVIC_SetPriority    0x08003365   0x3a  Code  Gb  stm32f1xx_hal_cortex.o [1]
HAL_NVIC_SetPriorityGrouping
                        0x0800334b   0x1a  Code  Gb  stm32f1xx_hal_cortex.o [1]
HAL_RCCEx_PeriphCLKConfig
                        0x08003245   0xda  Code  Gb  stm32f1xx_hal_rcc_ex.o [1]
HAL_RCC_ClockConfig     0x08001a19  0x10c  Code  Gb  stm32f1xx_hal_rcc.o [1]
HAL_RCC_GetHCLKFreq     0x08001b73    0x6  Code  Gb  stm32f1xx_hal_rcc.o [1]
HAL_RCC_GetPCLK1Freq    0x08001b79   0x10  Code  Gb  stm32f1xx_hal_rcc.o [1]
HAL_RCC_GetPCLK2Freq    0x08001b89    0xe  Code  Gb  stm32f1xx_hal_rcc.o [1]
HAL_RCC_GetSysClockFreq
                        0x08001b39   0x3a  Code  Gb  stm32f1xx_hal_rcc.o [1]
HAL_RCC_GetSysClockFreq::aPLLMULFactorTable
                        0x08001bc8   0x10  Data  Lc  stm32f1xx_hal_rcc.o [1]
HAL_RCC_GetSysClockFreq::aPredivFactorTable
                        0x08001bd8    0x2  Data  Lc  stm32f1xx_hal_rcc.o [1]
HAL_RCC_OscConfig       0x080016fd  0x314  Code  Gb  stm32f1xx_hal_rcc.o [1]
HAL_SPI_Init            0x080034a1   0x82  Code  Gb  stm32f1xx_hal_spi_ex.o [1]
HAL_SPI_MspInit         0x080022c1   0x4e  Code  Gb  spi.o [1]
HAL_SYSTICK_CLKSourceConfig
                        0x080033db   0x1a  Code  Gb  stm32f1xx_hal_cortex.o [1]
HAL_SYSTICK_Config      0x080033b3   0x28  Code  Gb  stm32f1xx_hal_cortex.o [1]
HAL_SYSTICK_IRQHandler  0x0800340d    0x4  Code  Gb  stm32f1xx_hal_cortex.o [1]
HAL_TIMEx_BreakCallback
                        0x08003573    0x2  Code  Wk  stm32f1xx_hal_tim_ex.o [1]
HAL_TIMEx_CommutationCallback
                        0x08003577    0x2  Code  Wk  stm32f1xx_hal_tim_ex.o [1]
HAL_TIMEx_MasterConfigSynchronization
                        0x08003525   0x4a  Code  Gb  stm32f1xx_hal_tim_ex.o [1]
HAL_TIM_Base_Init       0x080025d5   0x1a  Code  Gb  stm32f1xx_hal_tim.o [1]
HAL_TIM_Base_MspInit    0x0800248b   0x38  Code  Gb  tim.o [1]
HAL_TIM_Base_Start_IT   0x080025ef   0x16  Code  Gb  stm32f1xx_hal_tim.o [1]
HAL_TIM_ConfigClockSource
                        0x080028b9   0xac  Code  Gb  stm32f1xx_hal_tim.o [1]
HAL_TIM_IRQHandler      0x08002689  0x142  Code  Gb  stm32f1xx_hal_tim.o [1]
HAL_TIM_MspPostInit     0x080024c3   0x34  Code  Gb  tim.o [1]
HAL_TIM_PWM_ConfigChannel
                        0x080027d1   0xc0  Code  Gb  stm32f1xx_hal_tim.o [1]
HAL_TIM_PWM_Init        0x0800262f   0x1a  Code  Gb  stm32f1xx_hal_tim.o [1]
HAL_TIM_PWM_MspInit     0x08002469   0x22  Code  Gb  tim.o [1]
HAL_TIM_PWM_Start       0x08002649   0x14  Code  Gb  stm32f1xx_hal_tim.o [1]
HAL_TIM_PeriodElapsedCallback
                        0x08001eb1  0x110  Code  Gb  main.o [1]
HAL_UART_DMAStop        0x080009d5   0x48  Code  Gb  stm32f1xx_hal_uart.o [1]
HAL_UART_IRQHandler     0x08000a35  0x152  Code  Gb  stm32f1xx_hal_uart.o [1]
HAL_UART_Init           0x08000819   0x1e  Code  Gb  stm32f1xx_hal_uart.o [1]
HAL_UART_MspInit        0x0800111f  0x128  Code  Gb  usart.o [1]
HAL_UART_Receive_DMA    0x08000943   0x92  Code  Gb  stm32f1xx_hal_uart.o [1]
HAL_UART_Transmit       0x08000891   0xaa  Code  Gb  stm32f1xx_hal_uart.o [1]
HardFault_Handler       0x080035db    0x2  Code  Gb  stm32f1xx_it.o [1]
MX_ADC1_Init            0x08002145   0x72  Code  Gb  adc.o [1]
MX_DMA_Init             0x08002125   0x20  Code  Gb  dma.o [1]
MX_GPIO_Init            0x08002059   0xcc  Code  Gb  gpio.o [1]
MX_NVIC_Init            0x08001dfb   0xb6  Code  Lc  main.o [1]
MX_SPI1_Init            0x08002275   0x4c  Code  Gb  spi.o [1]
MX_TIM3_Init            0x08002355   0x60  Code  Gb  tim.o [1]
MX_TIM4_Init            0x080023b5   0x3c  Code  Gb  tim.o [1]
MX_TIM5_Init            0x0800240f   0x3e  Code  Gb  tim.o [1]
MX_USART1_UART_Init     0x080010cd   0x16  Code  Gb  usart.o [1]
MX_USART2_UART_Init     0x080010e3   0x16  Code  Gb  usart.o [1]
MemManage_Handler       0x080035dd    0x2  Code  Gb  stm32f1xx_it.o [1]
NMI_Handler             0x080035d9    0x2  Code  Gb  stm32f1xx_it.o [1]
NVIC_SetPriority        0x0800332d   0x1e  Code  Lc  stm32f1xx_hal_cortex.o [1]
PendSV_Handler          0x080035e7    0x2  Code  Gb  stm32f1xx_it.o [1]
Region$$Table$$Base     0x08003784          --   Gb  - Linker created -
Region$$Table$$Limit    0x080037a4          --   Gb  - Linker created -
SVC_Handler             0x080035e3    0x2  Code  Gb  stm32f1xx_it.o [1]
SysTick_Handler         0x080035e9    0xe  Code  Gb  stm32f1xx_it.o [1]
SystemClock_Config      0x08001d75   0x86  Code  Gb  main.o [1]
SystemCoreClock         0x200000a0    0x4  Data  Gb  system_stm32f1xx.o [1]
SystemInit              0x08003689   0x3a  Code  Gb  system_stm32f1xx.o [1]
TIM3_IRQHandler         0x0800361b    0x6  Code  Gb  stm32f1xx_it.o [1]
TIM4_IRQHandler         0x08003621    0x6  Code  Gb  stm32f1xx_it.o [1]
TIM5_IRQHandler         0x08003647    0x6  Code  Gb  stm32f1xx_it.o [1]
TIM_Base_SetConfig      0x0800298f   0x74  Code  Gb  stm32f1xx_hal_tim.o [1]
TIM_CCxChannelCmd       0x08002bdf   0x12  Code  Gb  stm32f1xx_hal_tim.o [1]
TIM_ETR_SetConfig       0x08002bcb   0x14  Code  Lc  stm32f1xx_hal_tim.o [1]
TIM_ITRx_SetConfig      0x08002bbb   0x10  Code  Lc  stm32f1xx_hal_tim.o [1]
TIM_OC1_SetConfig       0x08002a03   0x52  Code  Lc  stm32f1xx_hal_tim.o [1]
TIM_OC2_SetConfig       0x08002a55   0x60  Code  Gb  stm32f1xx_hal_tim.o [1]
TIM_OC3_SetConfig       0x08002ab5   0x58  Code  Lc  stm32f1xx_hal_tim.o [1]
TIM_OC4_SetConfig       0x08002b19   0x46  Code  Lc  stm32f1xx_hal_tim.o [1]
TIM_TI1_ConfigInputStage
                        0x08002b79   0x1e  Code  Lc  stm32f1xx_hal_tim.o [1]
TIM_TI2_ConfigInputStage
                        0x08002b97   0x24  Code  Lc  stm32f1xx_hal_tim.o [1]
UART_DMAAbortOnError    0x08000ca5    0xc  Code  Lc  stm32f1xx_hal_uart.o [1]
UART_DMAError           0x08000bc9   0x4a  Code  Lc  stm32f1xx_hal_uart.o [1]
UART_DMAReceiveCplt     0x08000b89   0x38  Code  Lc  stm32f1xx_hal_uart.o [1]
UART_DMARxHalfCplt      0x08000bc1    0x6  Code  Lc  stm32f1xx_hal_uart.o [1]
UART_EndRxTransfer      0x08000c89   0x1c  Code  Lc  stm32f1xx_hal_uart.o [1]
UART_EndTxTransfer      0x08000c77   0x12  Code  Lc  stm32f1xx_hal_uart.o [1]
UART_Receive_IT         0x08000cb1   0x96  Code  Lc  stm32f1xx_hal_uart.o [1]
UART_SetConfig          0x08000d47   0xde  Code  Lc  stm32f1xx_hal_uart.o [1]
UART_WaitOnFlagUntilTimeout
                        0x08000c13   0x56  Code  Lc  stm32f1xx_hal_uart.o [1]
USART1_IRQHandler       0x08003627    0xc  Code  Gb  stm32f1xx_it.o [1]
USART2_IRQHandler       0x08003633    0xa  Code  Gb  stm32f1xx_it.o [1]
UsageFault_Handler      0x080035e1    0x2  Code  Gb  stm32f1xx_it.o [1]
_Error_Handler          0x08002009    0x2  Code  Gb  main.o [1]
__aeabi_memclr4         0x080031ad         Code  Gb  ABImemclr4.o [4]
__aeabi_memcpy          0x08001025         Code  Gb  ABImemcpy.o [4]
__aeabi_memcpy4         0x08001045         Code  Gb  ABImemcpy.o [4]
__aeabi_memcpy8         0x08001045         Code  Gb  ABImemcpy.o [4]
__cmain                 0x080037a5         Code  Gb  cmain.o [4]
__exit                  0x080037d9   0x14  Code  Gb  exit.o [5]
__iar_Memset4_word      0x080035a5         Code  Gb  ABImemset48.o [4]
__iar_Memset8_word      0x080035a5         Code  Gb  ABImemset48.o [4]
__iar_data_init3        0x0800375d   0x28  Code  Gb  data_init.o [4]
__iar_packbits_init_single3
                        0x08003725   0x38  Code  Gb  packbits_init_single.o [4]
__iar_program_start     0x080037fd         Code  Gb  cstartup_M.o [4]
__iar_systems$$module {Abs}
                        0x00000001         Data  Gb  command line/config [2]
__iar_zero_init3        0x080036e5   0x40  Code  Gb  zero_init3.o [4]
__low_level_init        0x080037c3    0x4  Code  Gb  low_level_init.o [3]
__vector_table          0x08000000         Data  Gb  startup_stm32f103xe.o [1]
_call_main              0x080037b1         Code  Gb  cmain.o [4]
_exit                   0x080037cd         Code  Gb  cexit.o [4]
_main                   0x080037bf         Code  Gb  cmain.o [4]
exit                    0x080037c7    0x4  Code  Gb  exit.o [3]
gCoreBoardProtocolCmd   0x20000070   0x18  Data  Gb  main.o [1]
gDoorBoardProtocolCmd   0x20000088   0x18  Data  Gb  main.o [1]
gGentleSensorStatusDetection
                        0x200023d8   0x10  Data  Gb  main.o [1]
gLEDsCarFlag            0x200023ee    0x1  Data  Gb  main.o [1]
gLightADCValue          0x20000064    0x4  Data  Gb  main.o [1]
gLogCnt                 0x2000006c    0x4  Data  Gb  main.o [1]
gMCUKeyInGpio           0x20000000   0x10  Data  Gb  main.o [1]
gPWMLedFlag             0x200023e8    0x1  Data  Gb  main.o [1]
gPWMValue               0x20000038    0x2  Data  Gb  main.o [1]
gSendDoorBoardALogFlag  0x20000010    0x1  Data  Gb  main.o [1]
gSendLogFlag            0x20000012    0x1  Data  Gb  main.o [1]
gSendLogReportFlag      0x20000011    0x1  Data  Gb  main.o [1]
gSendOpenFlag           0x20000013    0x1  Data  Gb  main.o [1]
gTIM5Cnt                0x200023ea    0x2  Data  Gb  main.o [1]
gTIM5CntFlag            0x20000014    0x1  Data  Gb  main.o [1]
gTIM5LedCnt             0x200023ec    0x2  Data  Gb  main.o [1]
gTIM5LedFlag            0x20000015    0x1  Data  Gb  main.o [1]
gTIM5PWMCnt             0x200023e9    0x1  Data  Gb  main.o [1]
gTIM5PWMFlag            0x20000016    0x1  Data  Gb  main.o [1]
gTempValue              0x20000068    0x4  Data  Gb  main.o [1]
getXORCode              0x08000131   0x1c  Code  Lc  ds_protocol.o [1]
hadc1                   0x200023a8   0x30  Data  Gb  adc.o [1]
hdma_adc1               0x20002224   0x44  Data  Gb  adc.o [1]
hdma_usart1_rx          0x200020bc   0x44  Data  Gb  usart.o [1]
hdma_usart1_tx          0x20002100   0x44  Data  Gb  usart.o [1]
hdma_usart2_rx          0x20002144   0x44  Data  Gb  usart.o [1]
hdma_usart2_tx          0x20002188   0x44  Data  Gb  usart.o [1]
hspi1                   0x200021cc   0x58  Data  Gb  spi.o [1]
htim3                   0x20002268   0x40  Data  Gb  tim.o [1]
htim4                   0x200022a8   0x40  Data  Gb  tim.o [1]
htim5                   0x200022e8   0x40  Data  Gb  tim.o [1]
huart1                  0x20002328   0x40  Data  Gb  usart.o [1]
huart2                  0x20002368   0x40  Data  Gb  usart.o [1]
main                    0x08001bdd  0x198  Code  Gb  main.o [1]
uwTick                  0x20002404    0x4  Data  Gb  stm32f1xx_hal.o [1]


[1] = E:\Users\bertz\Documents\GitHub\DSv1.4\EWARM\DSv1.4\Obj
[2] = command line
[3] = dl7M_tlf.a
[4] = rt7M_tl.a
[5] = shb_l.a

  14 508 bytes of readonly  code memory
      52 bytes of readonly  data memory
  10 248 bytes of readwrite data memory

Errors: none
Warnings: none
