###############################################################################
#
# IAR ELF Linker V8.20.1.14183/W32 for ARM                18/Jan/2018  11:17:34
# Copyright 2007-2017 IAR Systems AB.
#
#    Output file  =  
#        E:\Users\bertz\Documents\GitHub\DSv1.4\EWARM\DSv1.4\Exe\DSv1.4.out
#    Map file     =  
#        E:\Users\bertz\Documents\GitHub\DSv1.4\EWARM\DSv1.4\List\DSv1.4.map
#    Command line =  
#        -f C:\Users\bertz\AppData\Local\Temp\EWA0D9.tmp
#        (E:\Users\bertz\Documents\GitHub\DSv1.4\EWARM\DSv1.4\Obj\adc.o
#        E:\Users\bertz\Documents\GitHub\DSv1.4\EWARM\DSv1.4\Obj\dma.o
#        E:\Users\bertz\Documents\GitHub\DSv1.4\EWARM\DSv1.4\Obj\ds_gentlesensor.o
#        E:\Users\bertz\Documents\GitHub\DSv1.4\EWARM\DSv1.4\Obj\ds_led.o
#        E:\Users\bertz\Documents\GitHub\DSv1.4\EWARM\DSv1.4\Obj\ds_log.o
#        E:\Users\bertz\Documents\GitHub\DSv1.4\EWARM\DSv1.4\Obj\ds_protocol.o
#        E:\Users\bertz\Documents\GitHub\DSv1.4\EWARM\DSv1.4\Obj\gpio.o
#        E:\Users\bertz\Documents\GitHub\DSv1.4\EWARM\DSv1.4\Obj\main.o
#        E:\Users\bertz\Documents\GitHub\DSv1.4\EWARM\DSv1.4\Obj\spi.o
#        E:\Users\bertz\Documents\GitHub\DSv1.4\EWARM\DSv1.4\Obj\startup_stm32f103xe.o
#        E:\Users\bertz\Documents\GitHub\DSv1.4\EWARM\DSv1.4\Obj\stm32f1xx_hal.o
#        E:\Users\bertz\Documents\GitHub\DSv1.4\EWARM\DSv1.4\Obj\stm32f1xx_hal_adc.o
#        E:\Users\bertz\Documents\GitHub\DSv1.4\EWARM\DSv1.4\Obj\stm32f1xx_hal_adc_ex.o
#        E:\Users\bertz\Documents\GitHub\DSv1.4\EWARM\DSv1.4\Obj\stm32f1xx_hal_cortex.o
#        E:\Users\bertz\Documents\GitHub\DSv1.4\EWARM\DSv1.4\Obj\stm32f1xx_hal_dma.o
#        E:\Users\bertz\Documents\GitHub\DSv1.4\EWARM\DSv1.4\Obj\stm32f1xx_hal_flash.o
#        E:\Users\bertz\Documents\GitHub\DSv1.4\EWARM\DSv1.4\Obj\stm32f1xx_hal_flash_ex.o
#        E:\Users\bertz\Documents\GitHub\DSv1.4\EWARM\DSv1.4\Obj\stm32f1xx_hal_gpio.o
#        E:\Users\bertz\Documents\GitHub\DSv1.4\EWARM\DSv1.4\Obj\stm32f1xx_hal_gpio_ex.o
#        E:\Users\bertz\Documents\GitHub\DSv1.4\EWARM\DSv1.4\Obj\stm32f1xx_hal_msp.o
#        E:\Users\bertz\Documents\GitHub\DSv1.4\EWARM\DSv1.4\Obj\stm32f1xx_hal_pwr.o
#        E:\Users\bertz\Documents\GitHub\DSv1.4\EWARM\DSv1.4\Obj\stm32f1xx_hal_rcc.o
#        E:\Users\bertz\Documents\GitHub\DSv1.4\EWARM\DSv1.4\Obj\stm32f1xx_hal_rcc_ex.o
#        E:\Users\bertz\Documents\GitHub\DSv1.4\EWARM\DSv1.4\Obj\stm32f1xx_hal_spi.o
#        E:\Users\bertz\Documents\GitHub\DSv1.4\EWARM\DSv1.4\Obj\stm32f1xx_hal_spi_ex.o
#        E:\Users\bertz\Documents\GitHub\DSv1.4\EWARM\DSv1.4\Obj\stm32f1xx_hal_tim.o
#        E:\Users\bertz\Documents\GitHub\DSv1.4\EWARM\DSv1.4\Obj\stm32f1xx_hal_tim_ex.o
#        E:\Users\bertz\Documents\GitHub\DSv1.4\EWARM\DSv1.4\Obj\stm32f1xx_hal_uart.o
#        E:\Users\bertz\Documents\GitHub\DSv1.4\EWARM\DSv1.4\Obj\stm32f1xx_it.o
#        E:\Users\bertz\Documents\GitHub\DSv1.4\EWARM\DSv1.4\Obj\system_stm32f1xx.o
#        E:\Users\bertz\Documents\GitHub\DSv1.4\EWARM\DSv1.4\Obj\tim.o
#        E:\Users\bertz\Documents\GitHub\DSv1.4\EWARM\DSv1.4\Obj\usart.o
#        --redirect _Printf=_PrintfFull --redirect _Scanf=_ScanfFull -o
#        E:\Users\bertz\Documents\GitHub\DSv1.4\EWARM\DSv1.4\Exe\DSv1.4.out
#        --map
#        E:\Users\bertz\Documents\GitHub\DSv1.4\EWARM\DSv1.4\List\DSv1.4.map
#        --config
#        E:\Users\bertz\Documents\GitHub\DSv1.4\EWARM/stm32f103xe_flash.icf
#        --semihosting --entry __iar_program_start --vfe --text_out locale)
#
###############################################################################

*******************************************************************************
*** RUNTIME MODEL ATTRIBUTES
***

CppFlavor       = *
__SystemLibrary = DLib
__dlib_version  = 6


*******************************************************************************
*** HEAP SELECTION
***

The basic heap was selected because no calls to memory allocation
functions were found in the application outside of system library
functions, and there are calls to deallocation functions in the
application.


*******************************************************************************
*** PLACEMENT SUMMARY
***

"A0":  place at 0x08000000 { ro section .intvec };
"P1":  place in [from 0x08000000 to 0x0807ffff] { ro };
define block CSTACK with size = 1K, alignment = 8 { };
define block HEAP with size = 512, alignment = 8 { };
"P2":  place in [from 0x20000000 to 0x2000ffff] {
          rw, block CSTACK, block HEAP };
initialize by copy { rw };

  Section            Kind        Address    Size  Object
  -------            ----        -------    ----  ------
"A0":                                      0x130
  .intvec            ro code  0x08000000   0x130  startup_stm32f103xe.o [1]
                            - 0x08000130   0x130

"P1":                                     0x3448
  .text              ro code  0x08000130   0x6e0  ds_protocol.o [1]
  .text              ro code  0x08000810   0x6c4  stm32f1xx_hal_uart.o [1]
  .text              ro code  0x08000ed4   0x1f4  stm32f1xx_hal_gpio.o [1]
  .text              ro code  0x080010c8    0x1e  stm32f1xx_hal.o [1]
  .text              ro code  0x080010e8    0xa6  ABImemcpy.o [4]
  .text              ro code  0x08001190   0x1f8  usart.o [1]
  .text              ro code  0x08001388     0xc  stm32f1xx_hal.o [1]
  .text              ro code  0x08001394   0x422  stm32f1xx_hal_dma.o [1]
  .text              ro code  0x080017b6     0x2  stm32f1xx_hal_uart.o [1]
  .text              ro code  0x080017b8     0x2  stm32f1xx_hal_uart.o [1]
  .text              ro code  0x080017ba     0x2  stm32f1xx_hal_uart.o [1]
  .text              ro code  0x080017bc     0x2  stm32f1xx_hal_uart.o [1]
  .text              ro code  0x080017be     0x2  stm32f1xx_hal_uart.o [1]
  .text              ro code  0x080017c0   0x4de  stm32f1xx_hal_rcc.o [1]
  .text              ro code  0x08001ca0   0x396  main.o [1]
  .text              ro code  0x08002038    0x28  stm32f1xx_hal.o [1]
  .text              ro code  0x08002060    0x24  stm32f1xx_hal.o [1]
  .text              ro code  0x08002084    0xcc  gpio.o [1]
  .text              ro code  0x08002150    0x20  dma.o [1]
  .text              ro code  0x08002170   0x130  adc.o [1]
  .text              ro code  0x080022a0    0xe0  spi.o [1]
  .text              ro code  0x08002380   0x134  tim.o [1]
  .text              ro code  0x080024b4    0xe6  stm32f1xx_hal_cortex.o [1]
  .text              ro code  0x0800259c    0x8e  ds_led.o [1]
  .text              ro code  0x0800262c   0x54a  stm32f1xx_hal_adc.o [1]
  .text              ro code  0x08002b78   0x36c  stm32f1xx_hal_tim.o [1]
  .text              ro code  0x08002ee4    0x6c  ds_gentlesensor.o [1]
  .text              ro code  0x08002f50    0x90  ds_log.o [1]
  .text              ro code  0x08002fe0     0x6  ABImemclr4.o [4]
  .text              ro code  0x08002fe8    0xe8  stm32f1xx_hal_rcc_ex.o [1]
  .text              ro code  0x080030d0    0x8c  stm32f1xx_hal_msp.o [1]
  .text              ro code  0x0800315c    0x82  stm32f1xx_hal_spi_ex.o [1]
  .text              ro code  0x080031e0    0x4a  stm32f1xx_hal_tim_ex.o [1]
  .text              ro code  0x0800322a     0x2  stm32f1xx_hal_adc.o [1]
  .text              ro code  0x0800322c     0x2  stm32f1xx_hal_adc_ex.o [1]
  .text              ro code  0x0800322e     0x2  stm32f1xx_hal_adc.o [1]
  .text              ro code  0x08003230     0x2  stm32f1xx_hal_adc.o [1]
  .text              ro code  0x08003232     0x2  stm32f1xx_hal_adc.o [1]
  .text              ro code  0x08003234     0x2  stm32f1xx_hal_tim.o [1]
  .text              ro code  0x08003236     0x2  stm32f1xx_hal_tim.o [1]
  .text              ro code  0x08003238     0x2  stm32f1xx_hal_tim_ex.o [1]
  .text              ro code  0x0800323a     0x2  stm32f1xx_hal_tim.o [1]
  .text              ro code  0x0800323c     0x2  stm32f1xx_hal_tim_ex.o [1]
  .text              ro code  0x0800323e     0x2  stm32f1xx_hal_tim.o [1]
  .text              ro code  0x08003240    0x32  ABImemset48.o [4]
  .text              ro code  0x08003274    0x98  stm32f1xx_it.o [1]
  .text              ro code  0x0800330c    0x10  stm32f1xx_hal.o [1]
  .text              ro code  0x0800331c    0x5c  system_stm32f1xx.o [1]
  .text              ro code  0x08003378    0x40  zero_init3.o [4]
  .text              ro code  0x080033b8    0x38  packbits_init_single.o [4]
  .text              ro code  0x080033f0    0x28  data_init.o [4]
  .iar.init_table    const    0x08003418    0x20  - Linker created -
  .text              ro code  0x08003438    0x1e  cmain.o [4]
  .text              ro code  0x08003456     0x4  low_level_init.o [3]
  .text              ro code  0x0800345a     0x4  exit.o [3]
  .text              ro code  0x08003460     0xa  cexit.o [4]
  .text              ro code  0x0800346c    0x14  exit.o [5]
  .text              ro code  0x08003480    0x10  startup_stm32f103xe.o [1]
  .text              ro code  0x08003490     0xc  cstartup_M.o [4]
  .rodata            const    0x0800349c     0x8  system_stm32f1xx.o [1]
  .text              ro code  0x080034a4     0x4  startup_stm32f103xe.o [1]
  .text              ro code  0x080034a8     0x4  startup_stm32f103xe.o [1]
  .text              ro code  0x080034ac     0x4  startup_stm32f103xe.o [1]
  .text              ro code  0x080034b0     0x4  startup_stm32f103xe.o [1]
  .text              ro code  0x080034b4     0x4  startup_stm32f103xe.o [1]
  .text              ro code  0x080034b8     0x4  startup_stm32f103xe.o [1]
  .text              ro code  0x080034bc     0x4  startup_stm32f103xe.o [1]
  .text              ro code  0x080034c0     0x4  startup_stm32f103xe.o [1]
  .text              ro code  0x080034c4     0x4  startup_stm32f103xe.o [1]
  .text              ro code  0x080034c8     0x4  startup_stm32f103xe.o [1]
  .text              ro code  0x080034cc     0x4  startup_stm32f103xe.o [1]
  .text              ro code  0x080034d0     0x4  startup_stm32f103xe.o [1]
  .text              ro code  0x080034d4     0x4  startup_stm32f103xe.o [1]
  .text              ro code  0x080034d8     0x4  startup_stm32f103xe.o [1]
  .text              ro code  0x080034dc     0x4  startup_stm32f103xe.o [1]
  .text              ro code  0x080034e0     0x4  startup_stm32f103xe.o [1]
  .text              ro code  0x080034e4     0x4  startup_stm32f103xe.o [1]
  .text              ro code  0x080034e8     0x4  startup_stm32f103xe.o [1]
  .text              ro code  0x080034ec     0x4  startup_stm32f103xe.o [1]
  .text              ro code  0x080034f0     0x4  startup_stm32f103xe.o [1]
  .text              ro code  0x080034f4     0x4  startup_stm32f103xe.o [1]
  .text              ro code  0x080034f8     0x4  startup_stm32f103xe.o [1]
  .text              ro code  0x080034fc     0x4  startup_stm32f103xe.o [1]
  .text              ro code  0x08003500     0x4  startup_stm32f103xe.o [1]
  .text              ro code  0x08003504     0x4  startup_stm32f103xe.o [1]
  .text              ro code  0x08003508     0x4  startup_stm32f103xe.o [1]
  .text              ro code  0x0800350c     0x4  startup_stm32f103xe.o [1]
  .text              ro code  0x08003510     0x4  startup_stm32f103xe.o [1]
  .text              ro code  0x08003514     0x4  startup_stm32f103xe.o [1]
  .text              ro code  0x08003518     0x4  startup_stm32f103xe.o [1]
  .text              ro code  0x0800351c     0x4  startup_stm32f103xe.o [1]
  .text              ro code  0x08003520     0x4  startup_stm32f103xe.o [1]
  .text              ro code  0x08003524     0x4  startup_stm32f103xe.o [1]
  .text              ro code  0x08003528     0x4  startup_stm32f103xe.o [1]
  .text              ro code  0x0800352c     0x4  startup_stm32f103xe.o [1]
  .text              ro code  0x08003530     0x4  startup_stm32f103xe.o [1]
  .text              ro code  0x08003534     0x4  startup_stm32f103xe.o [1]
  .text              ro code  0x08003538     0x4  startup_stm32f103xe.o [1]
  .text              ro code  0x0800353c     0x4  startup_stm32f103xe.o [1]
  .text              ro code  0x08003540     0x4  startup_stm32f103xe.o [1]
  .text              ro code  0x08003544     0x4  startup_stm32f103xe.o [1]
  .text              ro code  0x08003548     0x4  startup_stm32f103xe.o [1]
  .text              ro code  0x0800354c     0x4  startup_stm32f103xe.o [1]
  .text              ro code  0x08003550     0x4  startup_stm32f103xe.o [1]
  .text              ro code  0x08003554     0x4  startup_stm32f103xe.o [1]
  .text              ro code  0x08003558     0x4  startup_stm32f103xe.o [1]
  .text              ro code  0x0800355c     0x4  startup_stm32f103xe.o [1]
  .text              ro code  0x08003560     0x4  startup_stm32f103xe.o [1]
  .text              ro code  0x08003564     0x4  startup_stm32f103xe.o [1]
  .text              ro code  0x08003568     0x4  startup_stm32f103xe.o [1]
  .rodata            const    0x0800356c     0x0  zero_init3.o [4]
  .rodata            const    0x0800356c     0x0  packbits_init_single.o [4]
  Initializer bytes  const    0x0800356c     0xc  <for P2-1>
                            - 0x08003578  0x3448

"P2", part 1 of 3:                          0xa0
  P2-1                        0x20000000    0xa0  <Init block>
    .data            inited   0x20000000    0x9c  main.o [1]
    .data            inited   0x2000009c     0x4  system_stm32f1xx.o [1]
                            - 0x200000a0    0xa0

"P2", part 2 of 3:                        0x2324
  .bss               zero     0x200000a0   0x808  ds_protocol.o [1]
  .bss               zero     0x200008a8   0x808  ds_protocol.o [1]
  .bss               zero     0x200010b0   0x804  ds_protocol.o [1]
  .bss               zero     0x200018b4   0x804  ds_protocol.o [1]
  .bss               zero     0x200020b8   0x110  usart.o [1]
  .bss               zero     0x200021c8    0x58  spi.o [1]
  .bss               zero     0x20002220    0x44  adc.o [1]
  .bss               zero     0x20002264    0x40  tim.o [1]
  .bss               zero     0x200022a4    0x40  tim.o [1]
  .bss               zero     0x200022e4    0x40  usart.o [1]
  .bss               zero     0x20002324    0x40  usart.o [1]
  .bss               zero     0x20002364    0x30  adc.o [1]
  .bss               zero     0x20002394    0x14  main.o [1]
  .bss               zero     0x200023a8     0xc  ds_log.o [1]
  .bss               zero     0x200023b4     0x8  ds_protocol.o [1]
  .bss               zero     0x200023bc     0x4  stm32f1xx_hal.o [1]
  .bss               zero     0x200023c0     0x1  main.o [1]
                            - 0x200023c1  0x2321

"P2", part 3 of 3:                         0x400
  CSTACK                      0x200023c8   0x400  <Block>
    CSTACK           uninit   0x200023c8   0x400  <Block tail>
                            - 0x200027c8   0x400


*******************************************************************************
*** INIT TABLE
***

          Address     Size
          -------     ----
Zero (__iar_zero_init3)
    1 destination range, total size 0x2321:
          0x200000a0  0x2321

Copy/packbits (__iar_packbits_init_single3)
    1 source range, total size 0xc (7% of destination):
          0x0800356c     0xc
    1 destination range, total size 0xa0:
          0x20000000    0xa0



*******************************************************************************
*** MODULE SUMMARY
***

    Module                  ro code  ro data  rw data
    ------                  -------  -------  -------
E:\Users\bertz\Documents\GitHub\DSv1.4\EWARM\DSv1.4\Obj: [1]
    adc.o                       304               116
    dma.o                        32
    ds_gentlesensor.o           108
    ds_led.o                    142
    ds_log.o                    144                12
    ds_protocol.o             1 760             8 224
    gpio.o                      204
    main.o                      918       11      177
    spi.o                       224                88
    startup_stm32f103xe.o       520
    stm32f1xx_hal.o             134                 4
    stm32f1xx_hal_adc.o       1 362
    stm32f1xx_hal_adc_ex.o        2
    stm32f1xx_hal_cortex.o      230
    stm32f1xx_hal_dma.o       1 058
    stm32f1xx_hal_gpio.o        500
    stm32f1xx_hal_msp.o         140
    stm32f1xx_hal_rcc.o       1 246
    stm32f1xx_hal_rcc_ex.o      232
    stm32f1xx_hal_spi_ex.o      130
    stm32f1xx_hal_tim.o         884
    stm32f1xx_hal_tim_ex.o       78
    stm32f1xx_hal_uart.o      1 742
    stm32f1xx_it.o              152
    system_stm32f1xx.o           92        9        4
    tim.o                       308               128
    usart.o                     504               400
    -------------------------------------------------
    Total:                   13 150       20    9 153

command line: [2]
    -------------------------------------------------
    Total:

dl7M_tlf.a: [3]
    exit.o                        4
    low_level_init.o              4
    -------------------------------------------------
    Total:                        8

rt7M_tl.a: [4]
    ABImemclr4.o                  6
    ABImemcpy.o                 166
    ABImemset48.o                50
    cexit.o                      10
    cmain.o                      30
    cstartup_M.o                 12
    data_init.o                  40
    packbits_init_single.o       56
    zero_init3.o                 64
    -------------------------------------------------
    Total:                      434

shb_l.a: [5]
    exit.o                       20
    -------------------------------------------------
    Total:                       20

    Gaps                         24
    Linker created                        32    1 024
-----------------------------------------------------
    Grand Total:             13 636       52   10 177


*******************************************************************************
*** ENTRY LIST
***

Entry                      Address   Size  Type      Object
-----                      -------   ----  ----      ------
.iar.init_table$$Base   0x08003418          --   Gb  - Linker created -
.iar.init_table$$Limit  0x08003438          --   Gb  - Linker created -
?main                   0x08003439         Code  Gb  cmain.o [4]
ADC1_2_IRQHandler       0x080032b1    0x6  Code  Gb  stm32f1xx_it.o [1]
ADC_ConversionStop_Disable
                        0x08002acd   0x44  Code  Gb  stm32f1xx_hal_adc.o [1]
ADC_DMAConvCplt         0x08002b11   0x48  Code  Gb  stm32f1xx_hal_adc.o [1]
ADC_DMAError            0x08002b61   0x16  Code  Gb  stm32f1xx_hal_adc.o [1]
ADC_DMAHalfConvCplt     0x08002b59    0x6  Code  Gb  stm32f1xx_hal_adc.o [1]
ADC_Enable              0x08002a37   0x6a  Code  Gb  stm32f1xx_hal_adc.o [1]
ADC_Value               0x20000038   0x28  Data  Gb  main.o [1]
AHBPrescTable           0x08003368   0x10  Data  Gb  system_stm32f1xx.o [1]
APBPrescTable           0x0800349c    0x8  Data  Gb  system_stm32f1xx.o [1]
AckCmdBuffer            0x200023b4    0x8  Data  Gb  ds_protocol.o [1]
BusFault_Handler        0x0800327b    0x2  Code  Gb  stm32f1xx_it.o [1]
CSTACK$$Base            0x200023c8          --   Gb  - Linker created -
CSTACK$$Limit           0x200027c8          --   Gb  - Linker created -
CoreBoardCmdBuffer      0x200000a0  0x808  Data  Gb  ds_protocol.o [1]
CoreBoardUsartType      0x200010b0  0x804  Data  Gb  ds_protocol.o [1]
DMA1_Channel1_IRQHandler
                        0x08003293    0x6  Code  Gb  stm32f1xx_it.o [1]
DMA1_Channel4_IRQHandler
                        0x08003299    0x6  Code  Gb  stm32f1xx_it.o [1]
DMA1_Channel5_IRQHandler
                        0x0800329f    0x6  Code  Gb  stm32f1xx_it.o [1]
DMA1_Channel6_IRQHandler
                        0x080032a5    0x6  Code  Gb  stm32f1xx_it.o [1]
DMA1_Channel7_IRQHandler
                        0x080032ab    0x6  Code  Gb  stm32f1xx_it.o [1]
DMA_SetConfig           0x08001795   0x22  Code  Lc  stm32f1xx_hal_dma.o [1]
DS_AckRequestCmdFromCoreBoard
                        0x08000591   0x16  Code  Gb  ds_protocol.o [1]
DS_AckRequestCmdFromDoorBoard
                        0x080005a7   0x16  Code  Gb  ds_protocol.o [1]
DS_CoreBoardProtocolInit
                        0x08000229   0x1e  Code  Gb  ds_protocol.o [1]
DS_CoreBoardUsartReceive_IDLE
                        0x080001af   0x24  Code  Gb  ds_protocol.o [1]
DS_DoorBoardProtocolInit
                        0x08000247   0x2a  Code  Gb  ds_protocol.o [1]
DS_DoorBoardUsartReceive_IDLE
                        0x080001d3   0x24  Code  Gb  ds_protocol.o [1]
DS_GentleSensorCheck    0x08002ef3   0x4c  Code  Gb  ds_gentlesensor.o [1]
DS_GentleSensorInit     0x08002ee5    0xe  Code  Gb  ds_gentlesensor.o [1]
DS_HandingCmdFromCoreBoard
                        0x080005d1   0xb4  Code  Gb  ds_protocol.o [1]
DS_HandingCmdFromDoorBoard
                        0x08000685   0x6e  Code  Gb  ds_protocol.o [1]
DS_HandingUartDataFromCoreBoard
                        0x080002e3   0xfe  Code  Gb  ds_protocol.o [1]
DS_HandingUartDataFromDoorBoard
                        0x080003e1  0x118  Code  Gb  ds_protocol.o [1]
DS_LEDS_TEST            0x080025b9   0x5a  Code  Gb  ds_led.o [1]
DS_LED_Init             0x0800259d    0x2  Code  Gb  ds_led.o [1]
DS_LED_OUT_OFF          0x080025ad    0x6  Code  Gb  ds_led.o [1]
DS_LED_OUT_ON           0x080025b3    0x6  Code  Gb  ds_led.o [1]
DS_RUNNINGLED_ON        0x0800259f    0x4  Code  Gb  ds_led.o [1]
DS_ReportLogInfo        0x08002f73   0x66  Code  Gb  ds_log.o [1]
DS_SendDataToCoreBoard  0x08000293   0x1a  Code  Gb  ds_protocol.o [1]
DS_SendDataToDoorBoard  0x080002ad   0x36  Code  Gb  ds_protocol.o [1]
DS_SendHelpCmd          0x08000777   0x52  Code  Gb  ds_protocol.o [1]
DS_SendOPenDoorCmd      0x0800014d   0x20  Code  Gb  ds_protocol.o [1]
DS_SendRequestCmd       0x0800016d   0x42  Code  Lc  ds_protocol.o [1]
DS_SendRequestCmdToCoreBoard
                        0x0800055d   0x10  Code  Gb  ds_protocol.o [1]
DS_SendRequestCmdToDoorBoard
                        0x0800056d    0xe  Code  Gb  ds_protocol.o [1]
DS_TrySend5TimesCmdToCoreBoard
                        0x08000705   0x2e  Code  Gb  ds_protocol.o [1]
DS_TrySend5TimesCmdToDoorBoard
                        0x08000733   0x2e  Code  Gb  ds_protocol.o [1]
DS_UpLightInfoLog       0x08002f5f    0xe  Code  Gb  ds_log.o [1]
DS_UpTemInfoLog         0x08002f51    0xe  Code  Gb  ds_log.o [1]
DS_UpgentleStatusInfoLog
                        0x08002f6d    0x6  Code  Gb  ds_log.o [1]
DebugMon_Handler        0x08003281    0x2  Code  Gb  stm32f1xx_it.o [1]
DoorBoardALogBuffer     0x20000018   0x20  Data  Gb  main.o [1]
DoorBoardCmdBuffer      0x200008a8  0x808  Data  Gb  ds_protocol.o [1]
DoorBoardUsartType      0x200018b4  0x804  Data  Gb  ds_protocol.o [1]
DriverBoardInfo         0x200023a8    0xc  Data  Lc  ds_log.o [1]
HAL_ADCEx_InjectedConvCpltCallback
                        0x0800322d    0x2  Code  Wk  stm32f1xx_hal_adc_ex.o [1]
HAL_ADC_ConfigChannel   0x0800293b   0xe4  Code  Gb  stm32f1xx_hal_adc.o [1]
HAL_ADC_IRQHandler      0x0800284b   0xd8  Code  Gb  stm32f1xx_hal_adc.o [1]
HAL_ADC_Init            0x0800262d  0x110  Code  Gb  stm32f1xx_hal_adc.o [1]
HAL_ADC_MspInit         0x080021e3   0x70  Code  Gb  adc.o [1]
HAL_ADC_Start_DMA       0x08002751   0xfa  Code  Gb  stm32f1xx_hal_adc.o [1]
HAL_DMA_Abort           0x0800148f   0x32  Code  Gb  stm32f1xx_hal_dma.o [1]
HAL_DMA_Abort_IT        0x080014c1   0xdc  Code  Gb  stm32f1xx_hal_dma.o [1]
HAL_DMA_IRQHandler      0x0800159d  0x1b4  Code  Gb  stm32f1xx_hal_dma.o [1]
HAL_DMA_Init            0x08001395   0x78  Code  Gb  stm32f1xx_hal_dma.o [1]
HAL_DMA_Start_IT        0x0800141b   0x74  Code  Gb  stm32f1xx_hal_dma.o [1]
HAL_Delay               0x080010c9   0x1e  Code  Wk  stm32f1xx_hal.o [1]
HAL_GPIO_Init           0x08000ed5  0x196  Code  Gb  stm32f1xx_hal_gpio.o [1]
HAL_GPIO_ReadPin        0x0800106b    0xc  Code  Gb  stm32f1xx_hal_gpio.o [1]
HAL_GPIO_TogglePin      0x08001083    0x8  Code  Gb  stm32f1xx_hal_gpio.o [1]
HAL_GPIO_WritePin       0x08001077    0xc  Code  Gb  stm32f1xx_hal_gpio.o [1]
HAL_GetTick             0x08001389    0xc  Code  Wk  stm32f1xx_hal.o [1]
HAL_IncTick             0x0800330d   0x10  Code  Wk  stm32f1xx_hal.o [1]
HAL_Init                0x08002061   0x20  Code  Gb  stm32f1xx_hal.o [1]
HAL_InitTick            0x08002039   0x28  Code  Wk  stm32f1xx_hal.o [1]
HAL_MspInit             0x080030d1   0x8c  Code  Gb  stm32f1xx_hal_msp.o [1]
HAL_NVIC_EnableIRQ      0x08002527    0xa  Code  Gb  stm32f1xx_hal_cortex.o [1]
HAL_NVIC_SetPriority    0x080024ed   0x3a  Code  Gb  stm32f1xx_hal_cortex.o [1]
HAL_NVIC_SetPriorityGrouping
                        0x080024d3   0x1a  Code  Gb  stm32f1xx_hal_cortex.o [1]
HAL_RCCEx_PeriphCLKConfig
                        0x08002fe9   0xda  Code  Gb  stm32f1xx_hal_rcc_ex.o [1]
HAL_RCC_ClockConfig     0x08001add  0x10c  Code  Gb  stm32f1xx_hal_rcc.o [1]
HAL_RCC_GetHCLKFreq     0x08001c37    0x6  Code  Gb  stm32f1xx_hal_rcc.o [1]
HAL_RCC_GetPCLK1Freq    0x08001c3d   0x10  Code  Gb  stm32f1xx_hal_rcc.o [1]
HAL_RCC_GetPCLK2Freq    0x08001c4d    0xe  Code  Gb  stm32f1xx_hal_rcc.o [1]
HAL_RCC_GetSysClockFreq
                        0x08001bfd   0x3a  Code  Gb  stm32f1xx_hal_rcc.o [1]
HAL_RCC_GetSysClockFreq::aPLLMULFactorTable
                        0x08001c8c   0x10  Data  Lc  stm32f1xx_hal_rcc.o [1]
HAL_RCC_GetSysClockFreq::aPredivFactorTable
                        0x08001c9c    0x2  Data  Lc  stm32f1xx_hal_rcc.o [1]
HAL_RCC_OscConfig       0x080017c1  0x314  Code  Gb  stm32f1xx_hal_rcc.o [1]
HAL_SPI_Init            0x0800315d   0x82  Code  Gb  stm32f1xx_hal_spi_ex.o [1]
HAL_SPI_MspInit         0x080022ed   0x4e  Code  Gb  spi.o [1]
HAL_SYSTICK_CLKSourceConfig
                        0x08002563   0x1a  Code  Gb  stm32f1xx_hal_cortex.o [1]
HAL_SYSTICK_Config      0x0800253b   0x28  Code  Gb  stm32f1xx_hal_cortex.o [1]
HAL_SYSTICK_IRQHandler  0x08002595    0x4  Code  Gb  stm32f1xx_hal_cortex.o [1]
HAL_TIMEx_BreakCallback
                        0x08003239    0x2  Code  Wk  stm32f1xx_hal_tim_ex.o [1]
HAL_TIMEx_CommutationCallback
                        0x0800323d    0x2  Code  Wk  stm32f1xx_hal_tim_ex.o [1]
HAL_TIMEx_MasterConfigSynchronization
                        0x080031e1   0x4a  Code  Gb  stm32f1xx_hal_tim_ex.o [1]
HAL_TIM_Base_Init       0x08002b79   0x1a  Code  Gb  stm32f1xx_hal_tim.o [1]
HAL_TIM_Base_MspInit    0x08002433   0x38  Code  Gb  tim.o [1]
HAL_TIM_Base_Start_IT   0x08002b93   0x16  Code  Gb  stm32f1xx_hal_tim.o [1]
HAL_TIM_ConfigClockSource
                        0x08002d15   0xac  Code  Gb  stm32f1xx_hal_tim.o [1]
HAL_TIM_IRQHandler      0x08002bcd  0x142  Code  Gb  stm32f1xx_hal_tim.o [1]
HAL_TIM_PeriodElapsedCallback
                        0x08001f2d   0xea  Code  Gb  main.o [1]
HAL_UART_DMAStop        0x08000a45   0x48  Code  Gb  stm32f1xx_hal_uart.o [1]
HAL_UART_IRQHandler     0x08000aa5  0x152  Code  Gb  stm32f1xx_hal_uart.o [1]
HAL_UART_Init           0x08000811   0x1e  Code  Gb  stm32f1xx_hal_uart.o [1]
HAL_UART_MspInit        0x080011e3  0x128  Code  Gb  usart.o [1]
HAL_UART_Receive_DMA    0x080009b3   0x92  Code  Gb  stm32f1xx_hal_uart.o [1]
HAL_UART_Transmit       0x08000889   0xaa  Code  Gb  stm32f1xx_hal_uart.o [1]
HAL_UART_Transmit_DMA   0x0800093b   0x78  Code  Gb  stm32f1xx_hal_uart.o [1]
HardFault_Handler       0x08003277    0x2  Code  Gb  stm32f1xx_it.o [1]
MX_ADC1_Init            0x08002171   0x72  Code  Gb  adc.o [1]
MX_DMA_Init             0x08002151   0x20  Code  Gb  dma.o [1]
MX_GPIO_Init            0x08002085   0xcc  Code  Gb  gpio.o [1]
MX_SPI1_Init            0x080022a1   0x4c  Code  Gb  spi.o [1]
MX_TIM4_Init            0x08002381   0x40  Code  Gb  tim.o [1]
MX_TIM5_Init            0x080023c1   0x42  Code  Gb  tim.o [1]
MX_USART1_UART_Init     0x08001191   0x16  Code  Gb  usart.o [1]
MX_USART2_UART_Init     0x080011a7   0x16  Code  Gb  usart.o [1]
MemManage_Handler       0x08003279    0x2  Code  Gb  stm32f1xx_it.o [1]
NMI_Handler             0x08003275    0x2  Code  Gb  stm32f1xx_it.o [1]
NVIC_SetPriority        0x080024b5   0x1e  Code  Lc  stm32f1xx_hal_cortex.o [1]
PendSV_Handler          0x08003283    0x2  Code  Gb  stm32f1xx_it.o [1]
Region$$Table$$Base     0x08003418          --   Gb  - Linker created -
Region$$Table$$Limit    0x08003438          --   Gb  - Linker created -
SVC_Handler             0x0800327f    0x2  Code  Gb  stm32f1xx_it.o [1]
SysTick_Handler         0x08003285    0xe  Code  Gb  stm32f1xx_it.o [1]
SystemClock_Config      0x08001ea7   0x86  Code  Gb  main.o [1]
SystemCoreClock         0x2000009c    0x4  Data  Gb  system_stm32f1xx.o [1]
SystemInit              0x0800331d   0x3a  Code  Gb  system_stm32f1xx.o [1]
TIM4_IRQHandler         0x080032b7    0x6  Code  Gb  stm32f1xx_it.o [1]
TIM5_IRQHandler         0x080032dd    0x6  Code  Gb  stm32f1xx_it.o [1]
TIM_Base_SetConfig      0x08002deb   0x74  Code  Gb  stm32f1xx_hal_tim.o [1]
TIM_ETR_SetConfig       0x08002ecb   0x14  Code  Lc  stm32f1xx_hal_tim.o [1]
TIM_ITRx_SetConfig      0x08002ebb   0x10  Code  Lc  stm32f1xx_hal_tim.o [1]
TIM_TI1_ConfigInputStage
                        0x08002e79   0x1e  Code  Lc  stm32f1xx_hal_tim.o [1]
TIM_TI2_ConfigInputStage
                        0x08002e97   0x24  Code  Lc  stm32f1xx_hal_tim.o [1]
UART_DMAAbortOnError    0x08000d49    0xc  Code  Lc  stm32f1xx_hal_uart.o [1]
UART_DMAError           0x08000c6d   0x4a  Code  Lc  stm32f1xx_hal_uart.o [1]
UART_DMAReceiveCplt     0x08000c2d   0x38  Code  Lc  stm32f1xx_hal_uart.o [1]
UART_DMARxHalfCplt      0x08000c65    0x6  Code  Lc  stm32f1xx_hal_uart.o [1]
UART_DMATransmitCplt    0x08000bf9   0x2a  Code  Lc  stm32f1xx_hal_uart.o [1]
UART_DMATxHalfCplt      0x08000c25    0x6  Code  Lc  stm32f1xx_hal_uart.o [1]
UART_EndRxTransfer      0x08000d2d   0x1c  Code  Lc  stm32f1xx_hal_uart.o [1]
UART_EndTxTransfer      0x08000d1b   0x12  Code  Lc  stm32f1xx_hal_uart.o [1]
UART_Receive_IT         0x08000d55   0x96  Code  Lc  stm32f1xx_hal_uart.o [1]
UART_SetConfig          0x08000deb   0xde  Code  Lc  stm32f1xx_hal_uart.o [1]
UART_WaitOnFlagUntilTimeout
                        0x08000cb7   0x56  Code  Lc  stm32f1xx_hal_uart.o [1]
USART1_IRQHandler       0x080032bd    0xc  Code  Gb  stm32f1xx_it.o [1]
USART2_IRQHandler       0x080032c9    0xa  Code  Gb  stm32f1xx_it.o [1]
UsageFault_Handler      0x0800327d    0x2  Code  Gb  stm32f1xx_it.o [1]
_Error_Handler          0x08002035    0x2  Code  Gb  main.o [1]
__aeabi_memclr4         0x08002fe1         Code  Gb  ABImemclr4.o [4]
__aeabi_memcpy          0x080010e9         Code  Gb  ABImemcpy.o [4]
__aeabi_memcpy4         0x08001109         Code  Gb  ABImemcpy.o [4]
__aeabi_memcpy8         0x08001109         Code  Gb  ABImemcpy.o [4]
__cmain                 0x08003439         Code  Gb  cmain.o [4]
__exit                  0x0800346d   0x14  Code  Gb  exit.o [5]
__iar_Memset4_word      0x08003241         Code  Gb  ABImemset48.o [4]
__iar_Memset8_word      0x08003241         Code  Gb  ABImemset48.o [4]
__iar_data_init3        0x080033f1   0x28  Code  Gb  data_init.o [4]
__iar_packbits_init_single3
                        0x080033b9   0x38  Code  Gb  packbits_init_single.o [4]
__iar_program_start     0x08003491         Code  Gb  cstartup_M.o [4]
__iar_systems$$module {Abs}
                        0x00000001         Data  Gb  command line/config [2]
__iar_zero_init3        0x08003379   0x40  Code  Gb  zero_init3.o [4]
__low_level_init        0x08003457    0x4  Code  Gb  low_level_init.o [3]
__vector_table          0x08000000         Data  Gb  startup_stm32f103xe.o [1]
_call_main              0x08003445         Code  Gb  cmain.o [4]
_exit                   0x08003461         Code  Gb  cexit.o [4]
_main                   0x08003453         Code  Gb  cmain.o [4]
exit                    0x0800345b    0x4  Code  Gb  exit.o [3]
gCoreBoardProtocolCmd   0x2000006c   0x18  Data  Gb  main.o [1]
gDoorBoardProtocolCmd   0x20000084   0x18  Data  Gb  main.o [1]
gGentleSensorStatusDetection
                        0x20002394   0x10  Data  Gb  main.o [1]
gLEDsCarFlag            0x200023c0    0x1  Data  Gb  main.o [1]
gLightADCValue          0x20000060    0x4  Data  Gb  main.o [1]
gLogCnt                 0x20000068    0x4  Data  Gb  main.o [1]
gMCUKeyInGpio           0x20000000   0x10  Data  Gb  main.o [1]
gSendDoorBoardALogFlag  0x20000010    0x1  Data  Gb  main.o [1]
gSendLogFlag            0x20000012    0x1  Data  Gb  main.o [1]
gSendLogReportFlag      0x20000011    0x1  Data  Gb  main.o [1]
gSendOpenFlag           0x20000013    0x1  Data  Gb  main.o [1]
gTIM5Cnt                0x200023a4    0x2  Data  Gb  main.o [1]
gTIM5CntFlag            0x20000014    0x1  Data  Gb  main.o [1]
gTIM5LedCnt             0x200023a6    0x2  Data  Gb  main.o [1]
gTIM5LedFlag            0x20000015    0x1  Data  Gb  main.o [1]
gTempValue              0x20000064    0x4  Data  Gb  main.o [1]
getXORCode              0x08000131   0x1c  Code  Lc  ds_protocol.o [1]
hadc1                   0x20002364   0x30  Data  Gb  adc.o [1]
hdma_adc1               0x20002220   0x44  Data  Gb  adc.o [1]
hdma_usart1_rx          0x200020b8   0x44  Data  Gb  usart.o [1]
hdma_usart1_tx          0x200020fc   0x44  Data  Gb  usart.o [1]
hdma_usart2_rx          0x20002140   0x44  Data  Gb  usart.o [1]
hdma_usart2_tx          0x20002184   0x44  Data  Gb  usart.o [1]
hspi1                   0x200021c8   0x58  Data  Gb  spi.o [1]
htim4                   0x20002264   0x40  Data  Gb  tim.o [1]
htim5                   0x200022a4   0x40  Data  Gb  tim.o [1]
huart1                  0x200022e4   0x40  Data  Gb  usart.o [1]
huart2                  0x20002324   0x40  Data  Gb  usart.o [1]
main                    0x08001ca1  0x206  Code  Gb  main.o [1]
uwTick                  0x200023bc    0x4  Data  Gb  stm32f1xx_hal.o [1]


[1] = E:\Users\bertz\Documents\GitHub\DSv1.4\EWARM\DSv1.4\Obj
[2] = command line
[3] = dl7M_tlf.a
[4] = rt7M_tl.a
[5] = shb_l.a

  13 636 bytes of readonly  code memory
      52 bytes of readonly  data memory
  10 177 bytes of readwrite data memory

Errors: none
Warnings: none
