###############################################################################
#
# IAR ELF Linker V8.20.1.14183/W32 for ARM                17/Jan/2018  17:10:23
# Copyright 2007-2017 IAR Systems AB.
#
#    Output file  =  
#        E:\Users\bertz\Documents\GitHub\DSv1.4\EWARM\DSv1.4\Exe\DSv1.4.out
#    Map file     =  
#        E:\Users\bertz\Documents\GitHub\DSv1.4\EWARM\DSv1.4\List\DSv1.4.map
#    Command line =  
#        -f C:\Users\bertz\AppData\Local\Temp\EW4A06.tmp
#        (E:\Users\bertz\Documents\GitHub\DSv1.4\EWARM\DSv1.4\Obj\adc.o
#        E:\Users\bertz\Documents\GitHub\DSv1.4\EWARM\DSv1.4\Obj\dma.o
#        E:\Users\bertz\Documents\GitHub\DSv1.4\EWARM\DSv1.4\Obj\ds_gentlesensor.o
#        E:\Users\bertz\Documents\GitHub\DSv1.4\EWARM\DSv1.4\Obj\ds_led.o
#        E:\Users\bertz\Documents\GitHub\DSv1.4\EWARM\DSv1.4\Obj\ds_log.o
#        E:\Users\bertz\Documents\GitHub\DSv1.4\EWARM\DSv1.4\Obj\ds_protocol.o
#        E:\Users\bertz\Documents\GitHub\DSv1.4\EWARM\DSv1.4\Obj\gpio.o
#        E:\Users\bertz\Documents\GitHub\DSv1.4\EWARM\DSv1.4\Obj\main.o
#        E:\Users\bertz\Documents\GitHub\DSv1.4\EWARM\DSv1.4\Obj\spi.o
#        E:\Users\bertz\Documents\GitHub\DSv1.4\EWARM\DSv1.4\Obj\startup_stm32f103xe.o
#        E:\Users\bertz\Documents\GitHub\DSv1.4\EWARM\DSv1.4\Obj\stm32f1xx_hal.o
#        E:\Users\bertz\Documents\GitHub\DSv1.4\EWARM\DSv1.4\Obj\stm32f1xx_hal_adc.o
#        E:\Users\bertz\Documents\GitHub\DSv1.4\EWARM\DSv1.4\Obj\stm32f1xx_hal_adc_ex.o
#        E:\Users\bertz\Documents\GitHub\DSv1.4\EWARM\DSv1.4\Obj\stm32f1xx_hal_cortex.o
#        E:\Users\bertz\Documents\GitHub\DSv1.4\EWARM\DSv1.4\Obj\stm32f1xx_hal_dma.o
#        E:\Users\bertz\Documents\GitHub\DSv1.4\EWARM\DSv1.4\Obj\stm32f1xx_hal_flash.o
#        E:\Users\bertz\Documents\GitHub\DSv1.4\EWARM\DSv1.4\Obj\stm32f1xx_hal_flash_ex.o
#        E:\Users\bertz\Documents\GitHub\DSv1.4\EWARM\DSv1.4\Obj\stm32f1xx_hal_gpio.o
#        E:\Users\bertz\Documents\GitHub\DSv1.4\EWARM\DSv1.4\Obj\stm32f1xx_hal_gpio_ex.o
#        E:\Users\bertz\Documents\GitHub\DSv1.4\EWARM\DSv1.4\Obj\stm32f1xx_hal_msp.o
#        E:\Users\bertz\Documents\GitHub\DSv1.4\EWARM\DSv1.4\Obj\stm32f1xx_hal_pwr.o
#        E:\Users\bertz\Documents\GitHub\DSv1.4\EWARM\DSv1.4\Obj\stm32f1xx_hal_rcc.o
#        E:\Users\bertz\Documents\GitHub\DSv1.4\EWARM\DSv1.4\Obj\stm32f1xx_hal_rcc_ex.o
#        E:\Users\bertz\Documents\GitHub\DSv1.4\EWARM\DSv1.4\Obj\stm32f1xx_hal_spi.o
#        E:\Users\bertz\Documents\GitHub\DSv1.4\EWARM\DSv1.4\Obj\stm32f1xx_hal_spi_ex.o
#        E:\Users\bertz\Documents\GitHub\DSv1.4\EWARM\DSv1.4\Obj\stm32f1xx_hal_tim.o
#        E:\Users\bertz\Documents\GitHub\DSv1.4\EWARM\DSv1.4\Obj\stm32f1xx_hal_tim_ex.o
#        E:\Users\bertz\Documents\GitHub\DSv1.4\EWARM\DSv1.4\Obj\stm32f1xx_hal_uart.o
#        E:\Users\bertz\Documents\GitHub\DSv1.4\EWARM\DSv1.4\Obj\stm32f1xx_it.o
#        E:\Users\bertz\Documents\GitHub\DSv1.4\EWARM\DSv1.4\Obj\system_stm32f1xx.o
#        E:\Users\bertz\Documents\GitHub\DSv1.4\EWARM\DSv1.4\Obj\tim.o
#        E:\Users\bertz\Documents\GitHub\DSv1.4\EWARM\DSv1.4\Obj\usart.o
#        --redirect _Printf=_PrintfFull --redirect _Scanf=_ScanfFull -o
#        E:\Users\bertz\Documents\GitHub\DSv1.4\EWARM\DSv1.4\Exe\DSv1.4.out
#        --map
#        E:\Users\bertz\Documents\GitHub\DSv1.4\EWARM\DSv1.4\List\DSv1.4.map
#        --config
#        E:\Users\bertz\Documents\GitHub\DSv1.4\EWARM/stm32f103xe_flash.icf
#        --semihosting --entry __iar_program_start --vfe --text_out locale)
#
###############################################################################

*******************************************************************************
*** RUNTIME MODEL ATTRIBUTES
***

CppFlavor       = *
__SystemLibrary = DLib
__dlib_version  = 6


*******************************************************************************
*** HEAP SELECTION
***

The basic heap was selected because no calls to memory allocation
functions were found in the application outside of system library
functions, and there are calls to deallocation functions in the
application.


*******************************************************************************
*** PLACEMENT SUMMARY
***

"A0":  place at 0x08000000 { ro section .intvec };
"P1":  place in [from 0x08000000 to 0x0807ffff] { ro };
define block CSTACK with size = 1K, alignment = 8 { };
define block HEAP with size = 512, alignment = 8 { };
"P2":  place in [from 0x20000000 to 0x2000ffff] {
          rw, block CSTACK, block HEAP };
initialize by copy { rw };

  Section            Kind        Address    Size  Object
  -------            ----        -------    ----  ------
"A0":                                      0x130
  .intvec            ro code  0x08000000   0x130  startup_stm32f103xe.o [1]
                            - 0x08000130   0x130

"P1":                                     0x341c
  .text              ro code  0x08000130   0x6c4  stm32f1xx_hal_uart.o [1]
  .text              ro code  0x080007f4   0x1f8  usart.o [1]
  .text              ro code  0x080009ec     0xc  stm32f1xx_hal.o [1]
  .text              ro code  0x080009f8   0x422  stm32f1xx_hal_dma.o [1]
  .text              ro code  0x08000e1a     0x2  stm32f1xx_hal_uart.o [1]
  .text              ro code  0x08000e1c     0x2  stm32f1xx_hal_uart.o [1]
  .text              ro code  0x08000e1e     0x2  stm32f1xx_hal_uart.o [1]
  .text              ro code  0x08000e20     0x2  stm32f1xx_hal_uart.o [1]
  .text              ro code  0x08000e22     0x2  stm32f1xx_hal_uart.o [1]
  .text              ro code  0x08000e24   0x4de  stm32f1xx_hal_rcc.o [1]
  .text              ro code  0x08001304   0x396  main.o [1]
  .text              ro code  0x0800169c   0x1f4  stm32f1xx_hal_gpio.o [1]
  .text              ro code  0x08001890    0x28  stm32f1xx_hal.o [1]
  .text              ro code  0x080018b8    0x24  stm32f1xx_hal.o [1]
  .text              ro code  0x080018dc    0xcc  gpio.o [1]
  .text              ro code  0x080019a8    0x20  dma.o [1]
  .text              ro code  0x080019c8   0x130  adc.o [1]
  .text              ro code  0x08001af8    0xe0  spi.o [1]
  .text              ro code  0x08001bd8   0x134  tim.o [1]
  .text              ro code  0x08001d0c    0xe6  stm32f1xx_hal_cortex.o [1]
  .text              ro code  0x08001df4    0x8e  ds_led.o [1]
  .text              ro code  0x08001e84   0x54a  stm32f1xx_hal_adc.o [1]
  .text              ro code  0x080023d0   0x36c  stm32f1xx_hal_tim.o [1]
  .text              ro code  0x0800273c    0x6c  ds_gentlesensor.o [1]
  .text              ro code  0x080027a8   0x6b4  ds_protocol.o [1]
  .text              ro code  0x08002e5c    0x90  ds_log.o [1]
  .text              ro code  0x08002eec     0x6  ABImemclr4.o [4]
  .text              ro code  0x08002ef4    0xe8  stm32f1xx_hal_rcc_ex.o [1]
  .text              ro code  0x08002fdc    0x8c  stm32f1xx_hal_msp.o [1]
  .text              ro code  0x08003068    0x82  stm32f1xx_hal_spi_ex.o [1]
  .text              ro code  0x080030ec    0x4a  stm32f1xx_hal_tim_ex.o [1]
  .text              ro code  0x08003136     0x2  stm32f1xx_hal_adc.o [1]
  .text              ro code  0x08003138     0x2  stm32f1xx_hal_adc_ex.o [1]
  .text              ro code  0x0800313a     0x2  stm32f1xx_hal_adc.o [1]
  .text              ro code  0x0800313c     0x2  stm32f1xx_hal_adc.o [1]
  .text              ro code  0x0800313e     0x2  stm32f1xx_hal_adc.o [1]
  .text              ro code  0x08003140     0x2  stm32f1xx_hal_tim.o [1]
  .text              ro code  0x08003142     0x2  stm32f1xx_hal_tim.o [1]
  .text              ro code  0x08003144     0x2  stm32f1xx_hal_tim_ex.o [1]
  .text              ro code  0x08003146     0x2  stm32f1xx_hal_tim.o [1]
  .text              ro code  0x08003148     0x2  stm32f1xx_hal_tim_ex.o [1]
  .text              ro code  0x0800314a     0x2  stm32f1xx_hal_tim.o [1]
  .text              ro code  0x0800314c    0x1e  stm32f1xx_hal.o [1]
  .text              ro code  0x0800316c    0xa6  ABImemcpy.o [4]
  .text              ro code  0x08003214    0x32  ABImemset48.o [4]
  .text              ro code  0x08003248    0x98  stm32f1xx_it.o [1]
  .text              ro code  0x080032e0    0x10  stm32f1xx_hal.o [1]
  .text              ro code  0x080032f0    0x5c  system_stm32f1xx.o [1]
  .text              ro code  0x0800334c    0x40  zero_init3.o [4]
  .text              ro code  0x0800338c    0x38  packbits_init_single.o [4]
  .text              ro code  0x080033c4    0x28  data_init.o [4]
  .iar.init_table    const    0x080033ec    0x20  - Linker created -
  .text              ro code  0x0800340c    0x1e  cmain.o [4]
  .text              ro code  0x0800342a     0x4  low_level_init.o [3]
  .text              ro code  0x0800342e     0x4  exit.o [3]
  .text              ro code  0x08003434     0xa  cexit.o [4]
  .text              ro code  0x08003440    0x14  exit.o [5]
  .text              ro code  0x08003454    0x10  startup_stm32f103xe.o [1]
  .text              ro code  0x08003464     0xc  cstartup_M.o [4]
  .rodata            const    0x08003470     0x8  system_stm32f1xx.o [1]
  .text              ro code  0x08003478     0x4  startup_stm32f103xe.o [1]
  .text              ro code  0x0800347c     0x4  startup_stm32f103xe.o [1]
  .text              ro code  0x08003480     0x4  startup_stm32f103xe.o [1]
  .text              ro code  0x08003484     0x4  startup_stm32f103xe.o [1]
  .text              ro code  0x08003488     0x4  startup_stm32f103xe.o [1]
  .text              ro code  0x0800348c     0x4  startup_stm32f103xe.o [1]
  .text              ro code  0x08003490     0x4  startup_stm32f103xe.o [1]
  .text              ro code  0x08003494     0x4  startup_stm32f103xe.o [1]
  .text              ro code  0x08003498     0x4  startup_stm32f103xe.o [1]
  .text              ro code  0x0800349c     0x4  startup_stm32f103xe.o [1]
  .text              ro code  0x080034a0     0x4  startup_stm32f103xe.o [1]
  .text              ro code  0x080034a4     0x4  startup_stm32f103xe.o [1]
  .text              ro code  0x080034a8     0x4  startup_stm32f103xe.o [1]
  .text              ro code  0x080034ac     0x4  startup_stm32f103xe.o [1]
  .text              ro code  0x080034b0     0x4  startup_stm32f103xe.o [1]
  .text              ro code  0x080034b4     0x4  startup_stm32f103xe.o [1]
  .text              ro code  0x080034b8     0x4  startup_stm32f103xe.o [1]
  .text              ro code  0x080034bc     0x4  startup_stm32f103xe.o [1]
  .text              ro code  0x080034c0     0x4  startup_stm32f103xe.o [1]
  .text              ro code  0x080034c4     0x4  startup_stm32f103xe.o [1]
  .text              ro code  0x080034c8     0x4  startup_stm32f103xe.o [1]
  .text              ro code  0x080034cc     0x4  startup_stm32f103xe.o [1]
  .text              ro code  0x080034d0     0x4  startup_stm32f103xe.o [1]
  .text              ro code  0x080034d4     0x4  startup_stm32f103xe.o [1]
  .text              ro code  0x080034d8     0x4  startup_stm32f103xe.o [1]
  .text              ro code  0x080034dc     0x4  startup_stm32f103xe.o [1]
  .text              ro code  0x080034e0     0x4  startup_stm32f103xe.o [1]
  .text              ro code  0x080034e4     0x4  startup_stm32f103xe.o [1]
  .text              ro code  0x080034e8     0x4  startup_stm32f103xe.o [1]
  .text              ro code  0x080034ec     0x4  startup_stm32f103xe.o [1]
  .text              ro code  0x080034f0     0x4  startup_stm32f103xe.o [1]
  .text              ro code  0x080034f4     0x4  startup_stm32f103xe.o [1]
  .text              ro code  0x080034f8     0x4  startup_stm32f103xe.o [1]
  .text              ro code  0x080034fc     0x4  startup_stm32f103xe.o [1]
  .text              ro code  0x08003500     0x4  startup_stm32f103xe.o [1]
  .text              ro code  0x08003504     0x4  startup_stm32f103xe.o [1]
  .text              ro code  0x08003508     0x4  startup_stm32f103xe.o [1]
  .text              ro code  0x0800350c     0x4  startup_stm32f103xe.o [1]
  .text              ro code  0x08003510     0x4  startup_stm32f103xe.o [1]
  .text              ro code  0x08003514     0x4  startup_stm32f103xe.o [1]
  .text              ro code  0x08003518     0x4  startup_stm32f103xe.o [1]
  .text              ro code  0x0800351c     0x4  startup_stm32f103xe.o [1]
  .text              ro code  0x08003520     0x4  startup_stm32f103xe.o [1]
  .text              ro code  0x08003524     0x4  startup_stm32f103xe.o [1]
  .text              ro code  0x08003528     0x4  startup_stm32f103xe.o [1]
  .text              ro code  0x0800352c     0x4  startup_stm32f103xe.o [1]
  .text              ro code  0x08003530     0x4  startup_stm32f103xe.o [1]
  .text              ro code  0x08003534     0x4  startup_stm32f103xe.o [1]
  .text              ro code  0x08003538     0x4  startup_stm32f103xe.o [1]
  .text              ro code  0x0800353c     0x4  startup_stm32f103xe.o [1]
  .rodata            const    0x08003540     0x0  zero_init3.o [4]
  .rodata            const    0x08003540     0x0  packbits_init_single.o [4]
  Initializer bytes  const    0x08003540     0xc  <for P2-1>
                            - 0x0800354c  0x341c

"P2", part 1 of 3:                          0xa0
  P2-1                        0x20000000    0xa0  <Init block>
    .data            inited   0x20000000    0x9c  main.o [1]
    .data            inited   0x2000009c     0x4  system_stm32f1xx.o [1]
                            - 0x200000a0    0xa0

"P2", part 2 of 3:                        0x2324
  .bss               zero     0x200000a0   0x808  ds_protocol.o [1]
  .bss               zero     0x200008a8   0x808  ds_protocol.o [1]
  .bss               zero     0x200010b0   0x804  ds_protocol.o [1]
  .bss               zero     0x200018b4   0x804  ds_protocol.o [1]
  .bss               zero     0x200020b8   0x110  usart.o [1]
  .bss               zero     0x200021c8    0x58  spi.o [1]
  .bss               zero     0x20002220    0x44  adc.o [1]
  .bss               zero     0x20002264    0x40  tim.o [1]
  .bss               zero     0x200022a4    0x40  tim.o [1]
  .bss               zero     0x200022e4    0x40  usart.o [1]
  .bss               zero     0x20002324    0x40  usart.o [1]
  .bss               zero     0x20002364    0x30  adc.o [1]
  .bss               zero     0x20002394    0x14  main.o [1]
  .bss               zero     0x200023a8     0xc  ds_log.o [1]
  .bss               zero     0x200023b4     0x8  ds_protocol.o [1]
  .bss               zero     0x200023bc     0x4  stm32f1xx_hal.o [1]
  .bss               zero     0x200023c0     0x1  main.o [1]
                            - 0x200023c1  0x2321

"P2", part 3 of 3:                         0x400
  CSTACK                      0x200023c8   0x400  <Block>
    CSTACK           uninit   0x200023c8   0x400  <Block tail>
                            - 0x200027c8   0x400


*******************************************************************************
*** INIT TABLE
***

          Address     Size
          -------     ----
Zero (__iar_zero_init3)
    1 destination range, total size 0x2321:
          0x200000a0  0x2321

Copy/packbits (__iar_packbits_init_single3)
    1 source range, total size 0xc (7% of destination):
          0x08003540     0xc
    1 destination range, total size 0xa0:
          0x20000000    0xa0



*******************************************************************************
*** MODULE SUMMARY
***

    Module                  ro code  ro data  rw data
    ------                  -------  -------  -------
E:\Users\bertz\Documents\GitHub\DSv1.4\EWARM\DSv1.4\Obj: [1]
    adc.o                       304               116
    dma.o                        32
    ds_gentlesensor.o           108
    ds_led.o                    142
    ds_log.o                    144                12
    ds_protocol.o             1 716             8 224
    gpio.o                      204
    main.o                      918       11      177
    spi.o                       224                88
    startup_stm32f103xe.o       520
    stm32f1xx_hal.o             134                 4
    stm32f1xx_hal_adc.o       1 362
    stm32f1xx_hal_adc_ex.o        2
    stm32f1xx_hal_cortex.o      230
    stm32f1xx_hal_dma.o       1 058
    stm32f1xx_hal_gpio.o        500
    stm32f1xx_hal_msp.o         140
    stm32f1xx_hal_rcc.o       1 246
    stm32f1xx_hal_rcc_ex.o      232
    stm32f1xx_hal_spi_ex.o      130
    stm32f1xx_hal_tim.o         884
    stm32f1xx_hal_tim_ex.o       78
    stm32f1xx_hal_uart.o      1 742
    stm32f1xx_it.o              152
    system_stm32f1xx.o           92        9        4
    tim.o                       308               128
    usart.o                     504               400
    -------------------------------------------------
    Total:                   13 106       20    9 153

command line: [2]
    -------------------------------------------------
    Total:

dl7M_tlf.a: [3]
    exit.o                        4
    low_level_init.o              4
    -------------------------------------------------
    Total:                        8

rt7M_tl.a: [4]
    ABImemclr4.o                  6
    ABImemcpy.o                 166
    ABImemset48.o                50
    cexit.o                      10
    cmain.o                      30
    cstartup_M.o                 12
    data_init.o                  40
    packbits_init_single.o       56
    zero_init3.o                 64
    -------------------------------------------------
    Total:                      434

shb_l.a: [5]
    exit.o                       20
    -------------------------------------------------
    Total:                       20

    Gaps                         24
    Linker created                        32    1 024
-----------------------------------------------------
    Grand Total:             13 592       52   10 177


*******************************************************************************
*** ENTRY LIST
***

Entry                      Address   Size  Type      Object
-----                      -------   ----  ----      ------
.iar.init_table$$Base   0x080033ec          --   Gb  - Linker created -
.iar.init_table$$Limit  0x0800340c          --   Gb  - Linker created -
?main                   0x0800340d         Code  Gb  cmain.o [4]
ADC1_2_IRQHandler       0x08003285    0x6  Code  Gb  stm32f1xx_it.o [1]
ADC_ConversionStop_Disable
                        0x08002325   0x44  Code  Gb  stm32f1xx_hal_adc.o [1]
ADC_DMAConvCplt         0x08002369   0x48  Code  Gb  stm32f1xx_hal_adc.o [1]
ADC_DMAError            0x080023b9   0x16  Code  Gb  stm32f1xx_hal_adc.o [1]
ADC_DMAHalfConvCplt     0x080023b1    0x6  Code  Gb  stm32f1xx_hal_adc.o [1]
ADC_Enable              0x0800228f   0x6a  Code  Gb  stm32f1xx_hal_adc.o [1]
ADC_Value               0x20000038   0x28  Data  Gb  main.o [1]
AHBPrescTable           0x0800333c   0x10  Data  Gb  system_stm32f1xx.o [1]
APBPrescTable           0x08003470    0x8  Data  Gb  system_stm32f1xx.o [1]
AckCmdBuffer            0x200023b4    0x8  Data  Gb  ds_protocol.o [1]
BusFault_Handler        0x0800324f    0x2  Code  Gb  stm32f1xx_it.o [1]
CSTACK$$Base            0x200023c8          --   Gb  - Linker created -
CSTACK$$Limit           0x200027c8          --   Gb  - Linker created -
CoreBoardCmdBuffer      0x200000a0  0x808  Data  Gb  ds_protocol.o [1]
CoreBoardUsartType      0x200010b0  0x804  Data  Gb  ds_protocol.o [1]
DMA1_Channel1_IRQHandler
                        0x08003267    0x6  Code  Gb  stm32f1xx_it.o [1]
DMA1_Channel4_IRQHandler
                        0x0800326d    0x6  Code  Gb  stm32f1xx_it.o [1]
DMA1_Channel5_IRQHandler
                        0x08003273    0x6  Code  Gb  stm32f1xx_it.o [1]
DMA1_Channel6_IRQHandler
                        0x08003279    0x6  Code  Gb  stm32f1xx_it.o [1]
DMA1_Channel7_IRQHandler
                        0x0800327f    0x6  Code  Gb  stm32f1xx_it.o [1]
DMA_SetConfig           0x08000df9   0x22  Code  Lc  stm32f1xx_hal_dma.o [1]
DS_AckRequestCmdFromCoreBoard
                        0x08002bdd   0x16  Code  Gb  ds_protocol.o [1]
DS_AckRequestCmdFromDoorBoard
                        0x08002bf3   0x16  Code  Gb  ds_protocol.o [1]
DS_CoreBoardProtocolInit
                        0x080028a1   0x1e  Code  Gb  ds_protocol.o [1]
DS_CoreBoardUsartReceive_IDLE
                        0x08002827   0x24  Code  Gb  ds_protocol.o [1]
DS_DoorBoardProtocolInit
                        0x080028bf   0x2a  Code  Gb  ds_protocol.o [1]
DS_DoorBoardUsartReceive_IDLE
                        0x0800284b   0x24  Code  Gb  ds_protocol.o [1]
DS_GentleSensorCheck    0x0800274b   0x4c  Code  Gb  ds_gentlesensor.o [1]
DS_GentleSensorInit     0x0800273d    0xe  Code  Gb  ds_gentlesensor.o [1]
DS_HandingCmdFromCoreBoard
                        0x08002c1d   0xb4  Code  Gb  ds_protocol.o [1]
DS_HandingCmdFromDoorBoard
                        0x08002cd1   0x6e  Code  Gb  ds_protocol.o [1]
DS_HandingUartDataFromCoreBoard
                        0x0800295b   0xde  Code  Gb  ds_protocol.o [1]
DS_HandingUartDataFromDoorBoard
                        0x08002a39   0xde  Code  Gb  ds_protocol.o [1]
DS_LEDS_TEST            0x08001e11   0x5a  Code  Gb  ds_led.o [1]
DS_LED_Init             0x08001df5    0x2  Code  Gb  ds_led.o [1]
DS_LED_OUT_OFF          0x08001e05    0x6  Code  Gb  ds_led.o [1]
DS_LED_OUT_ON           0x08001e0b    0x6  Code  Gb  ds_led.o [1]
DS_RUNNINGLED_ON        0x08001df7    0x4  Code  Gb  ds_led.o [1]
DS_ReportLogInfo        0x08002e7f   0x66  Code  Gb  ds_log.o [1]
DS_SendDataToCoreBoard  0x0800290b   0x1a  Code  Gb  ds_protocol.o [1]
DS_SendDataToDoorBoard  0x08002925   0x36  Code  Gb  ds_protocol.o [1]
DS_SendHelpCmd          0x08002dc3   0x52  Code  Gb  ds_protocol.o [1]
DS_SendOPenDoorCmd      0x080027c5   0x20  Code  Gb  ds_protocol.o [1]
DS_SendRequestCmd       0x080027e5   0x42  Code  Lc  ds_protocol.o [1]
DS_SendRequestCmdToCoreBoard
                        0x08002ba9   0x10  Code  Gb  ds_protocol.o [1]
DS_SendRequestCmdToDoorBoard
                        0x08002bb9    0xe  Code  Gb  ds_protocol.o [1]
DS_TrySend5TimesCmdToCoreBoard
                        0x08002d51   0x2e  Code  Gb  ds_protocol.o [1]
DS_TrySend5TimesCmdToDoorBoard
                        0x08002d7f   0x2e  Code  Gb  ds_protocol.o [1]
DS_UpLightInfoLog       0x08002e6b    0xe  Code  Gb  ds_log.o [1]
DS_UpTemInfoLog         0x08002e5d    0xe  Code  Gb  ds_log.o [1]
DS_UpgentleStatusInfoLog
                        0x08002e79    0x6  Code  Gb  ds_log.o [1]
DebugMon_Handler        0x08003255    0x2  Code  Gb  stm32f1xx_it.o [1]
DoorBoardALogBuffer     0x20000018   0x20  Data  Gb  main.o [1]
DoorBoardCmdBuffer      0x200008a8  0x808  Data  Gb  ds_protocol.o [1]
DoorBoardUsartType      0x200018b4  0x804  Data  Gb  ds_protocol.o [1]
DriverBoardInfo         0x200023a8    0xc  Data  Lc  ds_log.o [1]
HAL_ADCEx_InjectedConvCpltCallback
                        0x08003139    0x2  Code  Wk  stm32f1xx_hal_adc_ex.o [1]
HAL_ADC_ConfigChannel   0x08002193   0xe4  Code  Gb  stm32f1xx_hal_adc.o [1]
HAL_ADC_IRQHandler      0x080020a3   0xd8  Code  Gb  stm32f1xx_hal_adc.o [1]
HAL_ADC_Init            0x08001e85  0x110  Code  Gb  stm32f1xx_hal_adc.o [1]
HAL_ADC_MspInit         0x08001a3b   0x70  Code  Gb  adc.o [1]
HAL_ADC_Start_DMA       0x08001fa9   0xfa  Code  Gb  stm32f1xx_hal_adc.o [1]
HAL_DMA_Abort           0x08000af3   0x32  Code  Gb  stm32f1xx_hal_dma.o [1]
HAL_DMA_Abort_IT        0x08000b25   0xdc  Code  Gb  stm32f1xx_hal_dma.o [1]
HAL_DMA_IRQHandler      0x08000c01  0x1b4  Code  Gb  stm32f1xx_hal_dma.o [1]
HAL_DMA_Init            0x080009f9   0x78  Code  Gb  stm32f1xx_hal_dma.o [1]
HAL_DMA_Start_IT        0x08000a7f   0x74  Code  Gb  stm32f1xx_hal_dma.o [1]
HAL_Delay               0x0800314d   0x1e  Code  Wk  stm32f1xx_hal.o [1]
HAL_GPIO_Init           0x0800169d  0x196  Code  Gb  stm32f1xx_hal_gpio.o [1]
HAL_GPIO_ReadPin        0x08001833    0xc  Code  Gb  stm32f1xx_hal_gpio.o [1]
HAL_GPIO_TogglePin      0x0800184b    0x8  Code  Gb  stm32f1xx_hal_gpio.o [1]
HAL_GPIO_WritePin       0x0800183f    0xc  Code  Gb  stm32f1xx_hal_gpio.o [1]
HAL_GetTick             0x080009ed    0xc  Code  Wk  stm32f1xx_hal.o [1]
HAL_IncTick             0x080032e1   0x10  Code  Wk  stm32f1xx_hal.o [1]
HAL_Init                0x080018b9   0x20  Code  Gb  stm32f1xx_hal.o [1]
HAL_InitTick            0x08001891   0x28  Code  Wk  stm32f1xx_hal.o [1]
HAL_MspInit             0x08002fdd   0x8c  Code  Gb  stm32f1xx_hal_msp.o [1]
HAL_NVIC_EnableIRQ      0x08001d7f    0xa  Code  Gb  stm32f1xx_hal_cortex.o [1]
HAL_NVIC_SetPriority    0x08001d45   0x3a  Code  Gb  stm32f1xx_hal_cortex.o [1]
HAL_NVIC_SetPriorityGrouping
                        0x08001d2b   0x1a  Code  Gb  stm32f1xx_hal_cortex.o [1]
HAL_RCCEx_PeriphCLKConfig
                        0x08002ef5   0xda  Code  Gb  stm32f1xx_hal_rcc_ex.o [1]
HAL_RCC_ClockConfig     0x08001141  0x10c  Code  Gb  stm32f1xx_hal_rcc.o [1]
HAL_RCC_GetHCLKFreq     0x0800129b    0x6  Code  Gb  stm32f1xx_hal_rcc.o [1]
HAL_RCC_GetPCLK1Freq    0x080012a1   0x10  Code  Gb  stm32f1xx_hal_rcc.o [1]
HAL_RCC_GetPCLK2Freq    0x080012b1    0xe  Code  Gb  stm32f1xx_hal_rcc.o [1]
HAL_RCC_GetSysClockFreq
                        0x08001261   0x3a  Code  Gb  stm32f1xx_hal_rcc.o [1]
HAL_RCC_GetSysClockFreq::aPLLMULFactorTable
                        0x080012f0   0x10  Data  Lc  stm32f1xx_hal_rcc.o [1]
HAL_RCC_GetSysClockFreq::aPredivFactorTable
                        0x08001300    0x2  Data  Lc  stm32f1xx_hal_rcc.o [1]
HAL_RCC_OscConfig       0x08000e25  0x314  Code  Gb  stm32f1xx_hal_rcc.o [1]
HAL_SPI_Init            0x08003069   0x82  Code  Gb  stm32f1xx_hal_spi_ex.o [1]
HAL_SPI_MspInit         0x08001b45   0x4e  Code  Gb  spi.o [1]
HAL_SYSTICK_CLKSourceConfig
                        0x08001dbb   0x1a  Code  Gb  stm32f1xx_hal_cortex.o [1]
HAL_SYSTICK_Config      0x08001d93   0x28  Code  Gb  stm32f1xx_hal_cortex.o [1]
HAL_SYSTICK_IRQHandler  0x08001ded    0x4  Code  Gb  stm32f1xx_hal_cortex.o [1]
HAL_TIMEx_BreakCallback
                        0x08003145    0x2  Code  Wk  stm32f1xx_hal_tim_ex.o [1]
HAL_TIMEx_CommutationCallback
                        0x08003149    0x2  Code  Wk  stm32f1xx_hal_tim_ex.o [1]
HAL_TIMEx_MasterConfigSynchronization
                        0x080030ed   0x4a  Code  Gb  stm32f1xx_hal_tim_ex.o [1]
HAL_TIM_Base_Init       0x080023d1   0x1a  Code  Gb  stm32f1xx_hal_tim.o [1]
HAL_TIM_Base_MspInit    0x08001c8b   0x38  Code  Gb  tim.o [1]
HAL_TIM_Base_Start_IT   0x080023eb   0x16  Code  Gb  stm32f1xx_hal_tim.o [1]
HAL_TIM_ConfigClockSource
                        0x0800256d   0xac  Code  Gb  stm32f1xx_hal_tim.o [1]
HAL_TIM_IRQHandler      0x08002425  0x142  Code  Gb  stm32f1xx_hal_tim.o [1]
HAL_TIM_PeriodElapsedCallback
                        0x08001591   0xea  Code  Gb  main.o [1]
HAL_UART_DMAStop        0x08000365   0x48  Code  Gb  stm32f1xx_hal_uart.o [1]
HAL_UART_IRQHandler     0x080003c5  0x152  Code  Gb  stm32f1xx_hal_uart.o [1]
HAL_UART_Init           0x08000131   0x1e  Code  Gb  stm32f1xx_hal_uart.o [1]
HAL_UART_MspInit        0x08000847  0x128  Code  Gb  usart.o [1]
HAL_UART_Receive_DMA    0x080002d3   0x92  Code  Gb  stm32f1xx_hal_uart.o [1]
HAL_UART_Transmit       0x080001a9   0xaa  Code  Gb  stm32f1xx_hal_uart.o [1]
HAL_UART_Transmit_DMA   0x0800025b   0x78  Code  Gb  stm32f1xx_hal_uart.o [1]
HardFault_Handler       0x0800324b    0x2  Code  Gb  stm32f1xx_it.o [1]
MX_ADC1_Init            0x080019c9   0x72  Code  Gb  adc.o [1]
MX_DMA_Init             0x080019a9   0x20  Code  Gb  dma.o [1]
MX_GPIO_Init            0x080018dd   0xcc  Code  Gb  gpio.o [1]
MX_SPI1_Init            0x08001af9   0x4c  Code  Gb  spi.o [1]
MX_TIM4_Init            0x08001bd9   0x40  Code  Gb  tim.o [1]
MX_TIM5_Init            0x08001c19   0x42  Code  Gb  tim.o [1]
MX_USART1_UART_Init     0x080007f5   0x16  Code  Gb  usart.o [1]
MX_USART2_UART_Init     0x0800080b   0x16  Code  Gb  usart.o [1]
MemManage_Handler       0x0800324d    0x2  Code  Gb  stm32f1xx_it.o [1]
NMI_Handler             0x08003249    0x2  Code  Gb  stm32f1xx_it.o [1]
NVIC_SetPriority        0x08001d0d   0x1e  Code  Lc  stm32f1xx_hal_cortex.o [1]
PendSV_Handler          0x08003257    0x2  Code  Gb  stm32f1xx_it.o [1]
Region$$Table$$Base     0x080033ec          --   Gb  - Linker created -
Region$$Table$$Limit    0x0800340c          --   Gb  - Linker created -
SVC_Handler             0x08003253    0x2  Code  Gb  stm32f1xx_it.o [1]
SysTick_Handler         0x08003259    0xe  Code  Gb  stm32f1xx_it.o [1]
SystemClock_Config      0x0800150b   0x86  Code  Gb  main.o [1]
SystemCoreClock         0x2000009c    0x4  Data  Gb  system_stm32f1xx.o [1]
SystemInit              0x080032f1   0x3a  Code  Gb  system_stm32f1xx.o [1]
TIM4_IRQHandler         0x0800328b    0x6  Code  Gb  stm32f1xx_it.o [1]
TIM5_IRQHandler         0x080032b1    0x6  Code  Gb  stm32f1xx_it.o [1]
TIM_Base_SetConfig      0x08002643   0x74  Code  Gb  stm32f1xx_hal_tim.o [1]
TIM_ETR_SetConfig       0x08002723   0x14  Code  Lc  stm32f1xx_hal_tim.o [1]
TIM_ITRx_SetConfig      0x08002713   0x10  Code  Lc  stm32f1xx_hal_tim.o [1]
TIM_TI1_ConfigInputStage
                        0x080026d1   0x1e  Code  Lc  stm32f1xx_hal_tim.o [1]
TIM_TI2_ConfigInputStage
                        0x080026ef   0x24  Code  Lc  stm32f1xx_hal_tim.o [1]
UART_DMAAbortOnError    0x08000669    0xc  Code  Lc  stm32f1xx_hal_uart.o [1]
UART_DMAError           0x0800058d   0x4a  Code  Lc  stm32f1xx_hal_uart.o [1]
UART_DMAReceiveCplt     0x0800054d   0x38  Code  Lc  stm32f1xx_hal_uart.o [1]
UART_DMARxHalfCplt      0x08000585    0x6  Code  Lc  stm32f1xx_hal_uart.o [1]
UART_DMATransmitCplt    0x08000519   0x2a  Code  Lc  stm32f1xx_hal_uart.o [1]
UART_DMATxHalfCplt      0x08000545    0x6  Code  Lc  stm32f1xx_hal_uart.o [1]
UART_EndRxTransfer      0x0800064d   0x1c  Code  Lc  stm32f1xx_hal_uart.o [1]
UART_EndTxTransfer      0x0800063b   0x12  Code  Lc  stm32f1xx_hal_uart.o [1]
UART_Receive_IT         0x08000675   0x96  Code  Lc  stm32f1xx_hal_uart.o [1]
UART_SetConfig          0x0800070b   0xde  Code  Lc  stm32f1xx_hal_uart.o [1]
UART_WaitOnFlagUntilTimeout
                        0x080005d7   0x56  Code  Lc  stm32f1xx_hal_uart.o [1]
USART1_IRQHandler       0x08003291    0xc  Code  Gb  stm32f1xx_it.o [1]
USART2_IRQHandler       0x0800329d    0xa  Code  Gb  stm32f1xx_it.o [1]
UsageFault_Handler      0x08003251    0x2  Code  Gb  stm32f1xx_it.o [1]
_Error_Handler          0x08001699    0x2  Code  Gb  main.o [1]
__aeabi_memclr4         0x08002eed         Code  Gb  ABImemclr4.o [4]
__aeabi_memcpy          0x0800316d         Code  Gb  ABImemcpy.o [4]
__aeabi_memcpy4         0x0800318d         Code  Gb  ABImemcpy.o [4]
__aeabi_memcpy8         0x0800318d         Code  Gb  ABImemcpy.o [4]
__cmain                 0x0800340d         Code  Gb  cmain.o [4]
__exit                  0x08003441   0x14  Code  Gb  exit.o [5]
__iar_Memset4_word      0x08003215         Code  Gb  ABImemset48.o [4]
__iar_Memset8_word      0x08003215         Code  Gb  ABImemset48.o [4]
__iar_data_init3        0x080033c5   0x28  Code  Gb  data_init.o [4]
__iar_packbits_init_single3
                        0x0800338d   0x38  Code  Gb  packbits_init_single.o [4]
__iar_program_start     0x08003465         Code  Gb  cstartup_M.o [4]
__iar_systems$$module {Abs}
                        0x00000001         Data  Gb  command line/config [2]
__iar_zero_init3        0x0800334d   0x40  Code  Gb  zero_init3.o [4]
__low_level_init        0x0800342b    0x4  Code  Gb  low_level_init.o [3]
__vector_table          0x08000000         Data  Gb  startup_stm32f103xe.o [1]
_call_main              0x08003419         Code  Gb  cmain.o [4]
_exit                   0x08003435         Code  Gb  cexit.o [4]
_main                   0x08003427         Code  Gb  cmain.o [4]
exit                    0x0800342f    0x4  Code  Gb  exit.o [3]
gCoreBoardProtocolCmd   0x2000006c   0x18  Data  Gb  main.o [1]
gDoorBoardProtocolCmd   0x20000084   0x18  Data  Gb  main.o [1]
gGentleSensorStatusDetection
                        0x20002394   0x10  Data  Gb  main.o [1]
gLEDsCarFlag            0x200023c0    0x1  Data  Gb  main.o [1]
gLightADCValue          0x20000060    0x4  Data  Gb  main.o [1]
gLogCnt                 0x20000068    0x4  Data  Gb  main.o [1]
gMCUKeyInGpio           0x20000000   0x10  Data  Gb  main.o [1]
gSendDoorBoardALogFlag  0x20000010    0x1  Data  Gb  main.o [1]
gSendLogFlag            0x20000012    0x1  Data  Gb  main.o [1]
gSendLogReportFlag      0x20000011    0x1  Data  Gb  main.o [1]
gSendOpenFlag           0x20000013    0x1  Data  Gb  main.o [1]
gTIM5Cnt                0x200023a4    0x2  Data  Gb  main.o [1]
gTIM5CntFlag            0x20000014    0x1  Data  Gb  main.o [1]
gTIM5LedCnt             0x200023a6    0x2  Data  Gb  main.o [1]
gTIM5LedFlag            0x20000015    0x1  Data  Gb  main.o [1]
gTempValue              0x20000064    0x4  Data  Gb  main.o [1]
getXORCode              0x080027a9   0x1c  Code  Lc  ds_protocol.o [1]
hadc1                   0x20002364   0x30  Data  Gb  adc.o [1]
hdma_adc1               0x20002220   0x44  Data  Gb  adc.o [1]
hdma_usart1_rx          0x200020b8   0x44  Data  Gb  usart.o [1]
hdma_usart1_tx          0x200020fc   0x44  Data  Gb  usart.o [1]
hdma_usart2_rx          0x20002140   0x44  Data  Gb  usart.o [1]
hdma_usart2_tx          0x20002184   0x44  Data  Gb  usart.o [1]
hspi1                   0x200021c8   0x58  Data  Gb  spi.o [1]
htim4                   0x20002264   0x40  Data  Gb  tim.o [1]
htim5                   0x200022a4   0x40  Data  Gb  tim.o [1]
huart1                  0x200022e4   0x40  Data  Gb  usart.o [1]
huart2                  0x20002324   0x40  Data  Gb  usart.o [1]
main                    0x08001305  0x206  Code  Gb  main.o [1]
uwTick                  0x200023bc    0x4  Data  Gb  stm32f1xx_hal.o [1]


[1] = E:\Users\bertz\Documents\GitHub\DSv1.4\EWARM\DSv1.4\Obj
[2] = command line
[3] = dl7M_tlf.a
[4] = rt7M_tl.a
[5] = shb_l.a

  13 592 bytes of readonly  code memory
      52 bytes of readonly  data memory
  10 177 bytes of readwrite data memory

Errors: none
Warnings: none
